<!doctype html public "-//w3c//dtd html 4.0 transitional//en">
<html><head>
<title>Static Call Graph - [.\Objects\custom_library.axf]</title></head>
<body><HR>
<H1>Static Call Graph for image .\Objects\custom_library.axf</H1><HR>
<BR><P>#&#060CALLGRAPH&#062# ARM Linker, 6210000: Last Updated: Thu Nov  6 17:06:39 2025
<BR><P>
<H3>Maximum Stack Usage =        156 bytes + Unknown(Functions without stacksize, Cycles, Untraceable Function Pointers)</H3><H3>
Call chain for Maximum Stack Depth:</H3>
__rt_entry_main &rArr; main &rArr; App_Main_Loop &rArr; sw_timebase_main_loop_executable &rArr; sw_timebase_counter_update_all &rArr; sw_timebase_counter_update &rArr; sw_timebase_counter_set_status
<P>
<H3>
Functions with no stack information
</H3><UL>
 <LI><a href="#[2e]">__user_initial_stackheap</a>
</UL>
</UL>
<P>
<H3>
Mutually Recursive functions
</H3> <LI><a href="#[1]">NMI_Handler</a>&nbsp;&nbsp;&nbsp;&rArr;&nbsp;&nbsp;&nbsp;<a href="#[1]">NMI_Handler</a><BR>
 <LI><a href="#[2]">HardFault_Handler</a>&nbsp;&nbsp;&nbsp;&rArr;&nbsp;&nbsp;&nbsp;<a href="#[2]">HardFault_Handler</a><BR>
 <LI><a href="#[3]">SVC_Handler</a>&nbsp;&nbsp;&nbsp;&rArr;&nbsp;&nbsp;&nbsp;<a href="#[3]">SVC_Handler</a><BR>
 <LI><a href="#[4]">PendSV_Handler</a>&nbsp;&nbsp;&nbsp;&rArr;&nbsp;&nbsp;&nbsp;<a href="#[4]">PendSV_Handler</a><BR>
 <LI><a href="#[5]">SysTick_Handler</a>&nbsp;&nbsp;&nbsp;&rArr;&nbsp;&nbsp;&nbsp;<a href="#[5]">SysTick_Handler</a><BR>
 <LI><a href="#[10]">ADC1_IRQHandler</a>&nbsp;&nbsp;&nbsp;&rArr;&nbsp;&nbsp;&nbsp;<a href="#[10]">ADC1_IRQHandler</a><BR>
</UL>
<P>
<H3>
Function Pointers
</H3><UL>
 <LI><a href="#[10]">ADC1_IRQHandler</a> from startup_stm32g030xx.o(.text) referenced from startup_stm32g030xx.o(RESET)
 <LI><a href="#[f]">DMA1_Ch4_5_DMAMUX1_OVR_IRQHandler</a> from startup_stm32g030xx.o(.text) referenced from startup_stm32g030xx.o(RESET)
 <LI><a href="#[d]">DMA1_Channel1_IRQHandler</a> from startup_stm32g030xx.o(.text) referenced from startup_stm32g030xx.o(RESET)
 <LI><a href="#[e]">DMA1_Channel2_3_IRQHandler</a> from startup_stm32g030xx.o(.text) referenced from startup_stm32g030xx.o(RESET)
 <LI><a href="#[a]">EXTI0_1_IRQHandler</a> from startup_stm32g030xx.o(.text) referenced from startup_stm32g030xx.o(RESET)
 <LI><a href="#[b]">EXTI2_3_IRQHandler</a> from startup_stm32g030xx.o(.text) referenced from startup_stm32g030xx.o(RESET)
 <LI><a href="#[c]">EXTI4_15_IRQHandler</a> from startup_stm32g030xx.o(.text) referenced from startup_stm32g030xx.o(RESET)
 <LI><a href="#[8]">FLASH_IRQHandler</a> from startup_stm32g030xx.o(.text) referenced from startup_stm32g030xx.o(RESET)
 <LI><a href="#[2]">HardFault_Handler</a> from startup_stm32g030xx.o(.text) referenced from startup_stm32g030xx.o(RESET)
 <LI><a href="#[17]">I2C1_IRQHandler</a> from startup_stm32g030xx.o(.text) referenced from startup_stm32g030xx.o(RESET)
 <LI><a href="#[18]">I2C2_IRQHandler</a> from startup_stm32g030xx.o(.text) referenced from startup_stm32g030xx.o(RESET)
 <LI><a href="#[1]">NMI_Handler</a> from startup_stm32g030xx.o(.text) referenced from startup_stm32g030xx.o(RESET)
 <LI><a href="#[4]">PendSV_Handler</a> from startup_stm32g030xx.o(.text) referenced from startup_stm32g030xx.o(RESET)
 <LI><a href="#[9]">RCC_IRQHandler</a> from startup_stm32g030xx.o(.text) referenced from startup_stm32g030xx.o(RESET)
 <LI><a href="#[7]">RTC_TAMP_IRQHandler</a> from startup_stm32g030xx.o(.text) referenced from startup_stm32g030xx.o(RESET)
 <LI><a href="#[0]">Reset_Handler</a> from startup_stm32g030xx.o(.text) referenced from startup_stm32g030xx.o(RESET)
 <LI><a href="#[19]">SPI1_IRQHandler</a> from startup_stm32g030xx.o(.text) referenced from startup_stm32g030xx.o(RESET)
 <LI><a href="#[1a]">SPI2_IRQHandler</a> from startup_stm32g030xx.o(.text) referenced from startup_stm32g030xx.o(RESET)
 <LI><a href="#[3]">SVC_Handler</a> from startup_stm32g030xx.o(.text) referenced from startup_stm32g030xx.o(RESET)
 <LI><a href="#[5]">SysTick_Handler</a> from startup_stm32g030xx.o(.text) referenced from startup_stm32g030xx.o(RESET)
 <LI><a href="#[1d]">SystemInit</a> from system_stm32g0xx.o(.text.SystemInit) referenced from startup_stm32g030xx.o(.text)
 <LI><a href="#[14]">TIM14_IRQHandler</a> from startup_stm32g030xx.o(.text) referenced from startup_stm32g030xx.o(RESET)
 <LI><a href="#[15]">TIM16_IRQHandler</a> from debug.o(.text.TIM16_IRQHandler) referenced from startup_stm32g030xx.o(RESET)
 <LI><a href="#[16]">TIM17_IRQHandler</a> from sw_timebase.o(.text.TIM17_IRQHandler) referenced from startup_stm32g030xx.o(RESET)
 <LI><a href="#[11]">TIM1_BRK_UP_TRG_COM_IRQHandler</a> from startup_stm32g030xx.o(.text) referenced from startup_stm32g030xx.o(RESET)
 <LI><a href="#[12]">TIM1_CC_IRQHandler</a> from startup_stm32g030xx.o(.text) referenced from startup_stm32g030xx.o(RESET)
 <LI><a href="#[13]">TIM3_IRQHandler</a> from startup_stm32g030xx.o(.text) referenced from startup_stm32g030xx.o(RESET)
 <LI><a href="#[1b]">USART1_IRQHandler</a> from startup_stm32g030xx.o(.text) referenced from startup_stm32g030xx.o(RESET)
 <LI><a href="#[1c]">USART2_IRQHandler</a> from debug.o(.text.USART2_IRQHandler) referenced from startup_stm32g030xx.o(RESET)
 <LI><a href="#[6]">WWDG_IRQHandler</a> from startup_stm32g030xx.o(.text) referenced from startup_stm32g030xx.o(RESET)
 <LI><a href="#[1e]">__main</a> from __main.o(!!!main) referenced from startup_stm32g030xx.o(.text)
</UL>
<P>
<H3>
Global Symbols
</H3>
<P><STRONG><a name="[1e]"></a>__main</STRONG> (Thumb, 8 bytes, Stack size 0 bytes, __main.o(!!!main))
<BR><BR>[Calls]<UL><LI><a href="#[20]">&gt;&gt;</a>&nbsp;&nbsp;&nbsp;__rt_entry
<LI><a href="#[1f]">&gt;&gt;</a>&nbsp;&nbsp;&nbsp;__scatterload
</UL>
<BR>[Address Reference Count : 1]<UL><LI> startup_stm32g030xx.o(.text)
</UL>
<P><STRONG><a name="[1f]"></a>__scatterload</STRONG> (Thumb, 0 bytes, Stack size unknown bytes, __scatter.o(!!!scatter))
<BR><BR>[Called By]<UL><LI><a href="#[1e]">&gt;&gt;</a>&nbsp;&nbsp;&nbsp;__main
</UL>

<P><STRONG><a name="[21]"></a>__scatterload_rt2</STRONG> (Thumb, 74 bytes, Stack size unknown bytes, __scatter.o(!!!scatter), UNUSED)
<BR><BR>[Calls]<UL><LI><a href="#[20]">&gt;&gt;</a>&nbsp;&nbsp;&nbsp;__rt_entry
</UL>

<P><STRONG><a name="[84]"></a>__scatterload_rt2_thumb_only</STRONG> (Thumb, 0 bytes, Stack size unknown bytes, __scatter.o(!!!scatter), UNUSED)

<P><STRONG><a name="[85]"></a>__scatterload_loop</STRONG> (Thumb, 0 bytes, Stack size unknown bytes, __scatter.o(!!!scatter), UNUSED)

<P><STRONG><a name="[86]"></a>__scatterload_null</STRONG> (Thumb, 2 bytes, Stack size unknown bytes, __scatter.o(!!handler_null), UNUSED)

<P><STRONG><a name="[87]"></a>__scatterload_zeroinit</STRONG> (Thumb, 28 bytes, Stack size unknown bytes, __scatter_zi.o(!!handler_zi), UNUSED)

<P><STRONG><a name="[25]"></a>__rt_lib_init</STRONG> (Thumb, 0 bytes, Stack size unknown bytes, libinit.o(.ARM.Collect$$libinit$$00000000))
<BR><BR>[Called By]<UL><LI><a href="#[24]">&gt;&gt;</a>&nbsp;&nbsp;&nbsp;__rt_entry_li
</UL>

<P><STRONG><a name="[88]"></a>__rt_lib_init_alloca_1</STRONG> (Thumb, 0 bytes, Stack size unknown bytes, libinit2.o(.ARM.Collect$$libinit$$00000030))

<P><STRONG><a name="[89]"></a>__rt_lib_init_argv_1</STRONG> (Thumb, 0 bytes, Stack size unknown bytes, libinit2.o(.ARM.Collect$$libinit$$0000002E))

<P><STRONG><a name="[8a]"></a>__rt_lib_init_atexit_1</STRONG> (Thumb, 0 bytes, Stack size unknown bytes, libinit2.o(.ARM.Collect$$libinit$$0000001D))

<P><STRONG><a name="[8b]"></a>__rt_lib_init_clock_1</STRONG> (Thumb, 0 bytes, Stack size unknown bytes, libinit2.o(.ARM.Collect$$libinit$$00000023))

<P><STRONG><a name="[8c]"></a>__rt_lib_init_cpp_1</STRONG> (Thumb, 0 bytes, Stack size unknown bytes, libinit2.o(.ARM.Collect$$libinit$$00000034))

<P><STRONG><a name="[8d]"></a>__rt_lib_init_exceptions_1</STRONG> (Thumb, 0 bytes, Stack size unknown bytes, libinit2.o(.ARM.Collect$$libinit$$00000032))

<P><STRONG><a name="[8e]"></a>__rt_lib_init_fp_1</STRONG> (Thumb, 0 bytes, Stack size unknown bytes, libinit2.o(.ARM.Collect$$libinit$$00000002))

<P><STRONG><a name="[8f]"></a>__rt_lib_init_fp_trap_1</STRONG> (Thumb, 0 bytes, Stack size unknown bytes, libinit2.o(.ARM.Collect$$libinit$$00000021))

<P><STRONG><a name="[90]"></a>__rt_lib_init_getenv_1</STRONG> (Thumb, 0 bytes, Stack size unknown bytes, libinit2.o(.ARM.Collect$$libinit$$00000025))

<P><STRONG><a name="[91]"></a>__rt_lib_init_heap_1</STRONG> (Thumb, 0 bytes, Stack size unknown bytes, libinit2.o(.ARM.Collect$$libinit$$0000000C))

<P><STRONG><a name="[92]"></a>__rt_lib_init_lc_collate_1</STRONG> (Thumb, 0 bytes, Stack size unknown bytes, libinit2.o(.ARM.Collect$$libinit$$00000013))

<P><STRONG><a name="[93]"></a>__rt_lib_init_lc_ctype_1</STRONG> (Thumb, 0 bytes, Stack size unknown bytes, libinit2.o(.ARM.Collect$$libinit$$00000015))

<P><STRONG><a name="[94]"></a>__rt_lib_init_lc_monetary_1</STRONG> (Thumb, 0 bytes, Stack size unknown bytes, libinit2.o(.ARM.Collect$$libinit$$00000017))

<P><STRONG><a name="[95]"></a>__rt_lib_init_lc_numeric_1</STRONG> (Thumb, 0 bytes, Stack size unknown bytes, libinit2.o(.ARM.Collect$$libinit$$00000019))

<P><STRONG><a name="[96]"></a>__rt_lib_init_lc_time_1</STRONG> (Thumb, 0 bytes, Stack size unknown bytes, libinit2.o(.ARM.Collect$$libinit$$0000001B))

<P><STRONG><a name="[97]"></a>__rt_lib_init_preinit_1</STRONG> (Thumb, 0 bytes, Stack size unknown bytes, libinit2.o(.ARM.Collect$$libinit$$00000006))

<P><STRONG><a name="[98]"></a>__rt_lib_init_rand_1</STRONG> (Thumb, 0 bytes, Stack size unknown bytes, libinit2.o(.ARM.Collect$$libinit$$00000010))

<P><STRONG><a name="[99]"></a>__rt_lib_init_relocate_pie_1</STRONG> (Thumb, 0 bytes, Stack size unknown bytes, libinit2.o(.ARM.Collect$$libinit$$00000004))

<P><STRONG><a name="[9a]"></a>__rt_lib_init_return</STRONG> (Thumb, 0 bytes, Stack size unknown bytes, libinit2.o(.ARM.Collect$$libinit$$00000035))

<P><STRONG><a name="[9b]"></a>__rt_lib_init_signal_1</STRONG> (Thumb, 0 bytes, Stack size unknown bytes, libinit2.o(.ARM.Collect$$libinit$$0000001F))

<P><STRONG><a name="[9c]"></a>__rt_lib_init_stdio_1</STRONG> (Thumb, 0 bytes, Stack size unknown bytes, libinit2.o(.ARM.Collect$$libinit$$00000027))

<P><STRONG><a name="[9d]"></a>__rt_lib_init_user_alloc_1</STRONG> (Thumb, 0 bytes, Stack size unknown bytes, libinit2.o(.ARM.Collect$$libinit$$0000000E))

<P><STRONG><a name="[2a]"></a>__rt_lib_shutdown</STRONG> (Thumb, 0 bytes, Stack size unknown bytes, libshutdown.o(.ARM.Collect$$libshutdown$$00000000))
<BR><BR>[Called By]<UL><LI><a href="#[29]">&gt;&gt;</a>&nbsp;&nbsp;&nbsp;__rt_exit_ls
</UL>

<P><STRONG><a name="[9e]"></a>__rt_lib_shutdown_cpp_1</STRONG> (Thumb, 0 bytes, Stack size unknown bytes, libshutdown2.o(.ARM.Collect$$libshutdown$$00000002))

<P><STRONG><a name="[9f]"></a>__rt_lib_shutdown_fp_trap_1</STRONG> (Thumb, 0 bytes, Stack size unknown bytes, libshutdown2.o(.ARM.Collect$$libshutdown$$00000007))

<P><STRONG><a name="[a0]"></a>__rt_lib_shutdown_heap_1</STRONG> (Thumb, 0 bytes, Stack size unknown bytes, libshutdown2.o(.ARM.Collect$$libshutdown$$0000000F))

<P><STRONG><a name="[a1]"></a>__rt_lib_shutdown_return</STRONG> (Thumb, 0 bytes, Stack size unknown bytes, libshutdown2.o(.ARM.Collect$$libshutdown$$00000010))

<P><STRONG><a name="[a2]"></a>__rt_lib_shutdown_signal_1</STRONG> (Thumb, 0 bytes, Stack size unknown bytes, libshutdown2.o(.ARM.Collect$$libshutdown$$0000000A))

<P><STRONG><a name="[a3]"></a>__rt_lib_shutdown_stdio_1</STRONG> (Thumb, 0 bytes, Stack size unknown bytes, libshutdown2.o(.ARM.Collect$$libshutdown$$00000004))

<P><STRONG><a name="[a4]"></a>__rt_lib_shutdown_user_alloc_1</STRONG> (Thumb, 0 bytes, Stack size unknown bytes, libshutdown2.o(.ARM.Collect$$libshutdown$$0000000C))

<P><STRONG><a name="[20]"></a>__rt_entry</STRONG> (Thumb, 0 bytes, Stack size unknown bytes, __rtentry.o(.ARM.Collect$$rtentry$$00000000))
<BR><BR>[Called By]<UL><LI><a href="#[1e]">&gt;&gt;</a>&nbsp;&nbsp;&nbsp;__main
<LI><a href="#[21]">&gt;&gt;</a>&nbsp;&nbsp;&nbsp;__scatterload_rt2
</UL>

<P><STRONG><a name="[a5]"></a>__rt_entry_presh_1</STRONG> (Thumb, 0 bytes, Stack size unknown bytes, __rtentry2.o(.ARM.Collect$$rtentry$$00000002))

<P><STRONG><a name="[22]"></a>__rt_entry_sh</STRONG> (Thumb, 0 bytes, Stack size unknown bytes, __rtentry4.o(.ARM.Collect$$rtentry$$00000004))
<BR><BR>[Stack]<UL><LI>Max Depth = 8 + Unknown Stack Size
<LI>Call Chain = __rt_entry_sh &rArr; __user_setup_stackheap
</UL>
<BR>[Calls]<UL><LI><a href="#[23]">&gt;&gt;</a>&nbsp;&nbsp;&nbsp;__user_setup_stackheap
</UL>

<P><STRONG><a name="[24]"></a>__rt_entry_li</STRONG> (Thumb, 0 bytes, Stack size unknown bytes, __rtentry2.o(.ARM.Collect$$rtentry$$0000000A))
<BR><BR>[Calls]<UL><LI><a href="#[25]">&gt;&gt;</a>&nbsp;&nbsp;&nbsp;__rt_lib_init
</UL>

<P><STRONG><a name="[a6]"></a>__rt_entry_postsh_1</STRONG> (Thumb, 0 bytes, Stack size unknown bytes, __rtentry2.o(.ARM.Collect$$rtentry$$00000009))

<P><STRONG><a name="[26]"></a>__rt_entry_main</STRONG> (Thumb, 0 bytes, Stack size unknown bytes, __rtentry2.o(.ARM.Collect$$rtentry$$0000000D))
<BR><BR>[Stack]<UL><LI>Max Depth = 156 + Unknown Stack Size
<LI>Call Chain = __rt_entry_main &rArr; main &rArr; App_Main_Loop &rArr; sw_timebase_main_loop_executable &rArr; sw_timebase_counter_update_all &rArr; sw_timebase_counter_update &rArr; sw_timebase_counter_set_status
</UL>
<BR>[Calls]<UL><LI><a href="#[28]">&gt;&gt;</a>&nbsp;&nbsp;&nbsp;exit
<LI><a href="#[27]">&gt;&gt;</a>&nbsp;&nbsp;&nbsp;main
</UL>

<P><STRONG><a name="[a7]"></a>__rt_entry_postli_1</STRONG> (Thumb, 0 bytes, Stack size unknown bytes, __rtentry2.o(.ARM.Collect$$rtentry$$0000000C))

<P><STRONG><a name="[30]"></a>__rt_exit</STRONG> (Thumb, 0 bytes, Stack size unknown bytes, rtexit.o(.ARM.Collect$$rtexit$$00000000))
<BR><BR>[Called By]<UL><LI><a href="#[28]">&gt;&gt;</a>&nbsp;&nbsp;&nbsp;exit
</UL>

<P><STRONG><a name="[29]"></a>__rt_exit_ls</STRONG> (Thumb, 0 bytes, Stack size unknown bytes, rtexit2.o(.ARM.Collect$$rtexit$$00000003))
<BR><BR>[Calls]<UL><LI><a href="#[2a]">&gt;&gt;</a>&nbsp;&nbsp;&nbsp;__rt_lib_shutdown
</UL>

<P><STRONG><a name="[a8]"></a>__rt_exit_prels_1</STRONG> (Thumb, 0 bytes, Stack size unknown bytes, rtexit2.o(.ARM.Collect$$rtexit$$00000002))

<P><STRONG><a name="[2b]"></a>__rt_exit_exit</STRONG> (Thumb, 0 bytes, Stack size unknown bytes, rtexit2.o(.ARM.Collect$$rtexit$$00000004))
<BR><BR>[Calls]<UL><LI><a href="#[2c]">&gt;&gt;</a>&nbsp;&nbsp;&nbsp;_sys_exit
</UL>

<P><STRONG><a name="[0]"></a>Reset_Handler</STRONG> (Thumb, 8 bytes, Stack size 0 bytes, startup_stm32g030xx.o(.text))
<BR>[Address Reference Count : 1]<UL><LI> startup_stm32g030xx.o(RESET)
</UL>
<P><STRONG><a name="[1]"></a>NMI_Handler</STRONG> (Thumb, 2 bytes, Stack size 0 bytes, startup_stm32g030xx.o(.text))
<BR><BR>[Calls]<UL><LI><a href="#[1]">&gt;&gt;</a>&nbsp;&nbsp;&nbsp;NMI_Handler
</UL>
<BR>[Called By]<UL><LI><a href="#[1]">&gt;&gt;</a>&nbsp;&nbsp;&nbsp;NMI_Handler
</UL>
<BR>[Address Reference Count : 1]<UL><LI> startup_stm32g030xx.o(RESET)
</UL>
<P><STRONG><a name="[2]"></a>HardFault_Handler</STRONG> (Thumb, 2 bytes, Stack size 0 bytes, startup_stm32g030xx.o(.text))
<BR><BR>[Calls]<UL><LI><a href="#[2]">&gt;&gt;</a>&nbsp;&nbsp;&nbsp;HardFault_Handler
</UL>
<BR>[Called By]<UL><LI><a href="#[2]">&gt;&gt;</a>&nbsp;&nbsp;&nbsp;HardFault_Handler
</UL>
<BR>[Address Reference Count : 1]<UL><LI> startup_stm32g030xx.o(RESET)
</UL>
<P><STRONG><a name="[3]"></a>SVC_Handler</STRONG> (Thumb, 2 bytes, Stack size 0 bytes, startup_stm32g030xx.o(.text))
<BR><BR>[Calls]<UL><LI><a href="#[3]">&gt;&gt;</a>&nbsp;&nbsp;&nbsp;SVC_Handler
</UL>
<BR>[Called By]<UL><LI><a href="#[3]">&gt;&gt;</a>&nbsp;&nbsp;&nbsp;SVC_Handler
</UL>
<BR>[Address Reference Count : 1]<UL><LI> startup_stm32g030xx.o(RESET)
</UL>
<P><STRONG><a name="[4]"></a>PendSV_Handler</STRONG> (Thumb, 2 bytes, Stack size 0 bytes, startup_stm32g030xx.o(.text))
<BR><BR>[Calls]<UL><LI><a href="#[4]">&gt;&gt;</a>&nbsp;&nbsp;&nbsp;PendSV_Handler
</UL>
<BR>[Called By]<UL><LI><a href="#[4]">&gt;&gt;</a>&nbsp;&nbsp;&nbsp;PendSV_Handler
</UL>
<BR>[Address Reference Count : 1]<UL><LI> startup_stm32g030xx.o(RESET)
</UL>
<P><STRONG><a name="[5]"></a>SysTick_Handler</STRONG> (Thumb, 2 bytes, Stack size 0 bytes, startup_stm32g030xx.o(.text))
<BR><BR>[Calls]<UL><LI><a href="#[5]">&gt;&gt;</a>&nbsp;&nbsp;&nbsp;SysTick_Handler
</UL>
<BR>[Called By]<UL><LI><a href="#[5]">&gt;&gt;</a>&nbsp;&nbsp;&nbsp;SysTick_Handler
</UL>
<BR>[Address Reference Count : 1]<UL><LI> startup_stm32g030xx.o(RESET)
</UL>
<P><STRONG><a name="[10]"></a>ADC1_IRQHandler</STRONG> (Thumb, 0 bytes, Stack size 0 bytes, startup_stm32g030xx.o(.text))
<BR><BR>[Calls]<UL><LI><a href="#[10]">&gt;&gt;</a>&nbsp;&nbsp;&nbsp;ADC1_IRQHandler
</UL>
<BR>[Called By]<UL><LI><a href="#[10]">&gt;&gt;</a>&nbsp;&nbsp;&nbsp;ADC1_IRQHandler
</UL>
<BR>[Address Reference Count : 1]<UL><LI> startup_stm32g030xx.o(RESET)
</UL>
<P><STRONG><a name="[f]"></a>DMA1_Ch4_5_DMAMUX1_OVR_IRQHandler</STRONG> (Thumb, 0 bytes, Stack size 0 bytes, startup_stm32g030xx.o(.text))
<BR>[Address Reference Count : 1]<UL><LI> startup_stm32g030xx.o(RESET)
</UL>
<P><STRONG><a name="[d]"></a>DMA1_Channel1_IRQHandler</STRONG> (Thumb, 0 bytes, Stack size 0 bytes, startup_stm32g030xx.o(.text))
<BR>[Address Reference Count : 1]<UL><LI> startup_stm32g030xx.o(RESET)
</UL>
<P><STRONG><a name="[e]"></a>DMA1_Channel2_3_IRQHandler</STRONG> (Thumb, 0 bytes, Stack size 0 bytes, startup_stm32g030xx.o(.text))
<BR>[Address Reference Count : 1]<UL><LI> startup_stm32g030xx.o(RESET)
</UL>
<P><STRONG><a name="[a]"></a>EXTI0_1_IRQHandler</STRONG> (Thumb, 0 bytes, Stack size 0 bytes, startup_stm32g030xx.o(.text))
<BR>[Address Reference Count : 1]<UL><LI> startup_stm32g030xx.o(RESET)
</UL>
<P><STRONG><a name="[b]"></a>EXTI2_3_IRQHandler</STRONG> (Thumb, 0 bytes, Stack size 0 bytes, startup_stm32g030xx.o(.text))
<BR>[Address Reference Count : 1]<UL><LI> startup_stm32g030xx.o(RESET)
</UL>
<P><STRONG><a name="[c]"></a>EXTI4_15_IRQHandler</STRONG> (Thumb, 0 bytes, Stack size 0 bytes, startup_stm32g030xx.o(.text))
<BR>[Address Reference Count : 1]<UL><LI> startup_stm32g030xx.o(RESET)
</UL>
<P><STRONG><a name="[8]"></a>FLASH_IRQHandler</STRONG> (Thumb, 0 bytes, Stack size 0 bytes, startup_stm32g030xx.o(.text))
<BR>[Address Reference Count : 1]<UL><LI> startup_stm32g030xx.o(RESET)
</UL>
<P><STRONG><a name="[17]"></a>I2C1_IRQHandler</STRONG> (Thumb, 0 bytes, Stack size 0 bytes, startup_stm32g030xx.o(.text))
<BR>[Address Reference Count : 1]<UL><LI> startup_stm32g030xx.o(RESET)
</UL>
<P><STRONG><a name="[18]"></a>I2C2_IRQHandler</STRONG> (Thumb, 0 bytes, Stack size 0 bytes, startup_stm32g030xx.o(.text))
<BR>[Address Reference Count : 1]<UL><LI> startup_stm32g030xx.o(RESET)
</UL>
<P><STRONG><a name="[9]"></a>RCC_IRQHandler</STRONG> (Thumb, 0 bytes, Stack size 0 bytes, startup_stm32g030xx.o(.text))
<BR>[Address Reference Count : 1]<UL><LI> startup_stm32g030xx.o(RESET)
</UL>
<P><STRONG><a name="[7]"></a>RTC_TAMP_IRQHandler</STRONG> (Thumb, 0 bytes, Stack size 0 bytes, startup_stm32g030xx.o(.text))
<BR>[Address Reference Count : 1]<UL><LI> startup_stm32g030xx.o(RESET)
</UL>
<P><STRONG><a name="[19]"></a>SPI1_IRQHandler</STRONG> (Thumb, 0 bytes, Stack size 0 bytes, startup_stm32g030xx.o(.text))
<BR>[Address Reference Count : 1]<UL><LI> startup_stm32g030xx.o(RESET)
</UL>
<P><STRONG><a name="[1a]"></a>SPI2_IRQHandler</STRONG> (Thumb, 0 bytes, Stack size 0 bytes, startup_stm32g030xx.o(.text))
<BR>[Address Reference Count : 1]<UL><LI> startup_stm32g030xx.o(RESET)
</UL>
<P><STRONG><a name="[14]"></a>TIM14_IRQHandler</STRONG> (Thumb, 0 bytes, Stack size 0 bytes, startup_stm32g030xx.o(.text))
<BR>[Address Reference Count : 1]<UL><LI> startup_stm32g030xx.o(RESET)
</UL>
<P><STRONG><a name="[11]"></a>TIM1_BRK_UP_TRG_COM_IRQHandler</STRONG> (Thumb, 0 bytes, Stack size 0 bytes, startup_stm32g030xx.o(.text))
<BR>[Address Reference Count : 1]<UL><LI> startup_stm32g030xx.o(RESET)
</UL>
<P><STRONG><a name="[12]"></a>TIM1_CC_IRQHandler</STRONG> (Thumb, 0 bytes, Stack size 0 bytes, startup_stm32g030xx.o(.text))
<BR>[Address Reference Count : 1]<UL><LI> startup_stm32g030xx.o(RESET)
</UL>
<P><STRONG><a name="[13]"></a>TIM3_IRQHandler</STRONG> (Thumb, 0 bytes, Stack size 0 bytes, startup_stm32g030xx.o(.text))
<BR>[Address Reference Count : 1]<UL><LI> startup_stm32g030xx.o(RESET)
</UL>
<P><STRONG><a name="[1b]"></a>USART1_IRQHandler</STRONG> (Thumb, 0 bytes, Stack size 0 bytes, startup_stm32g030xx.o(.text))
<BR>[Address Reference Count : 1]<UL><LI> startup_stm32g030xx.o(RESET)
</UL>
<P><STRONG><a name="[6]"></a>WWDG_IRQHandler</STRONG> (Thumb, 0 bytes, Stack size 0 bytes, startup_stm32g030xx.o(.text))
<BR>[Address Reference Count : 1]<UL><LI> startup_stm32g030xx.o(RESET)
</UL>
<P><STRONG><a name="[2e]"></a>__user_initial_stackheap</STRONG> (Thumb, 0 bytes, Stack size unknown bytes, startup_stm32g030xx.o(.text))
<BR><BR>[Called By]<UL><LI><a href="#[23]">&gt;&gt;</a>&nbsp;&nbsp;&nbsp;__user_setup_stackheap
</UL>

<P><STRONG><a name="[41]"></a>__aeabi_uidiv</STRONG> (Thumb, 0 bytes, Stack size 0 bytes, aeabi_sdiv.o(.text))
<BR><BR>[Called By]<UL><LI><a href="#[3f]">&gt;&gt;</a>&nbsp;&nbsp;&nbsp;Debug_Determine_Digit_Numbers
<LI><a href="#[44]">&gt;&gt;</a>&nbsp;&nbsp;&nbsp;Debug_Reg_Init
<LI><a href="#[6d]">&gt;&gt;</a>&nbsp;&nbsp;&nbsp;sw_timebase_counter_ss_update
<LI><a href="#[59]">&gt;&gt;</a>&nbsp;&nbsp;&nbsp;sw_timebase_enable
<LI><a href="#[3e]">&gt;&gt;</a>&nbsp;&nbsp;&nbsp;sw_timebase_counter_ss_set_securely
</UL>

<P><STRONG><a name="[40]"></a>__aeabi_uidivmod</STRONG> (Thumb, 20 bytes, Stack size 0 bytes, aeabi_sdiv.o(.text))
<BR><BR>[Called By]<UL><LI><a href="#[3f]">&gt;&gt;</a>&nbsp;&nbsp;&nbsp;Debug_Determine_Digit_Numbers
<LI><a href="#[6d]">&gt;&gt;</a>&nbsp;&nbsp;&nbsp;sw_timebase_counter_ss_update
<LI><a href="#[3e]">&gt;&gt;</a>&nbsp;&nbsp;&nbsp;sw_timebase_counter_ss_set_securely
</UL>

<P><STRONG><a name="[a9]"></a>__aeabi_idiv</STRONG> (Thumb, 0 bytes, Stack size 8 bytes, aeabi_sdiv.o(.text), UNUSED)

<P><STRONG><a name="[aa]"></a>__aeabi_idivmod</STRONG> (Thumb, 338 bytes, Stack size 8 bytes, aeabi_sdiv.o(.text), UNUSED)

<P><STRONG><a name="[ab]"></a>__use_two_region_memory</STRONG> (Thumb, 2 bytes, Stack size 0 bytes, heapauxi.o(.text), UNUSED)

<P><STRONG><a name="[ac]"></a>__rt_heap_escrow$2region</STRONG> (Thumb, 2 bytes, Stack size 0 bytes, heapauxi.o(.text), UNUSED)

<P><STRONG><a name="[ad]"></a>__rt_heap_expand$2region</STRONG> (Thumb, 2 bytes, Stack size 0 bytes, heapauxi.o(.text), UNUSED)

<P><STRONG><a name="[23]"></a>__user_setup_stackheap</STRONG> (Thumb, 62 bytes, Stack size 8 bytes, sys_stackheap_outer.o(.text))
<BR><BR>[Stack]<UL><LI>Max Depth = 8 + Unknown Stack Size
<LI>Call Chain = __user_setup_stackheap
</UL>
<BR>[Calls]<UL><LI><a href="#[2d]">&gt;&gt;</a>&nbsp;&nbsp;&nbsp;__user_perproc_libspace
<LI><a href="#[2e]">&gt;&gt;</a>&nbsp;&nbsp;&nbsp;__user_initial_stackheap
</UL>
<BR>[Called By]<UL><LI><a href="#[22]">&gt;&gt;</a>&nbsp;&nbsp;&nbsp;__rt_entry_sh
</UL>

<P><STRONG><a name="[28]"></a>exit</STRONG> (Thumb, 16 bytes, Stack size 8 bytes, exit.o(.text))
<BR><BR>[Stack]<UL><LI>Max Depth = 8 + Unknown Stack Size
<LI>Call Chain = exit
</UL>
<BR>[Calls]<UL><LI><a href="#[30]">&gt;&gt;</a>&nbsp;&nbsp;&nbsp;__rt_exit
<LI><a href="#[2f]">&gt;&gt;</a>&nbsp;&nbsp;&nbsp;_call_atexit_fns (Weak Reference)
</UL>
<BR>[Called By]<UL><LI><a href="#[26]">&gt;&gt;</a>&nbsp;&nbsp;&nbsp;__rt_entry_main
</UL>

<P><STRONG><a name="[ae]"></a>__user_libspace</STRONG> (Thumb, 8 bytes, Stack size 0 bytes, libspace.o(.text), UNUSED)

<P><STRONG><a name="[2d]"></a>__user_perproc_libspace</STRONG> (Thumb, 0 bytes, Stack size 0 bytes, libspace.o(.text))
<BR><BR>[Called By]<UL><LI><a href="#[23]">&gt;&gt;</a>&nbsp;&nbsp;&nbsp;__user_setup_stackheap
</UL>

<P><STRONG><a name="[af]"></a>__user_perthread_libspace</STRONG> (Thumb, 0 bytes, Stack size 0 bytes, libspace.o(.text), UNUSED)

<P><STRONG><a name="[2c]"></a>_sys_exit</STRONG> (Thumb, 8 bytes, Stack size 0 bytes, sys_exit.o(.text))
<BR><BR>[Called By]<UL><LI><a href="#[2b]">&gt;&gt;</a>&nbsp;&nbsp;&nbsp;__rt_exit_exit
</UL>

<P><STRONG><a name="[b0]"></a>__I$use$semihosting</STRONG> (Thumb, 0 bytes, Stack size 0 bytes, use_no_semi.o(.text), UNUSED)

<P><STRONG><a name="[b1]"></a>__use_no_semihosting_swi</STRONG> (Thumb, 2 bytes, Stack size 0 bytes, use_no_semi.o(.text), UNUSED)

<P><STRONG><a name="[b2]"></a>__semihosting_library_function</STRONG> (Thumb, 0 bytes, Stack size unknown bytes, indicate_semi.o(.text), UNUSED)

<P><STRONG><a name="[31]"></a>App_Main_Loop</STRONG> (Thumb, 104 bytes, Stack size 16 bytes, app.o(.text.App_Main_Loop))
<BR><BR>[Stack]<UL><LI>Max Depth = 140<LI>Call Chain = App_Main_Loop &rArr; sw_timebase_main_loop_executable &rArr; sw_timebase_counter_update_all &rArr; sw_timebase_counter_update &rArr; sw_timebase_counter_set_status
</UL>
<BR>[Calls]<UL><LI><a href="#[38]">&gt;&gt;</a>&nbsp;&nbsp;&nbsp;Debug_Tx_Parameter_NL
<LI><a href="#[37]">&gt;&gt;</a>&nbsp;&nbsp;&nbsp;sw_timebase_get_shadow_sub_seconds_uptime_securely
<LI><a href="#[36]">&gt;&gt;</a>&nbsp;&nbsp;&nbsp;sw_timebase_counter_ss_continous_expired_event
<LI><a href="#[33]">&gt;&gt;</a>&nbsp;&nbsp;&nbsp;sw_timebase_counter_ss_period_value_expired_event
<LI><a href="#[32]">&gt;&gt;</a>&nbsp;&nbsp;&nbsp;sw_timebase_main_loop_executable
<LI><a href="#[35]">&gt;&gt;</a>&nbsp;&nbsp;&nbsp;sw_timebase_counter_ss_set_period_value_securely
<LI><a href="#[34]">&gt;&gt;</a>&nbsp;&nbsp;&nbsp;GPIO_TogglePin
</UL>
<BR>[Called By]<UL><LI><a href="#[27]">&gt;&gt;</a>&nbsp;&nbsp;&nbsp;main
</UL>

<P><STRONG><a name="[39]"></a>App_Setup</STRONG> (Thumb, 124 bytes, Stack size 40 bytes, app.o(.text.App_Setup))
<BR><BR>[Stack]<UL><LI>Max Depth = 108<LI>Call Chain = App_Setup &rArr; sw_timebase_counter_ss_set_securely &rArr; sw_timebase_counter_ss_set_status
</UL>
<BR>[Calls]<UL><LI><a href="#[35]">&gt;&gt;</a>&nbsp;&nbsp;&nbsp;sw_timebase_counter_ss_set_period_value_securely
<LI><a href="#[3e]">&gt;&gt;</a>&nbsp;&nbsp;&nbsp;sw_timebase_counter_ss_set_securely
<LI><a href="#[3d]">&gt;&gt;</a>&nbsp;&nbsp;&nbsp;sw_timebase_Init
<LI><a href="#[3c]">&gt;&gt;</a>&nbsp;&nbsp;&nbsp;Debug_Init
<LI><a href="#[3b]">&gt;&gt;</a>&nbsp;&nbsp;&nbsp;GPIO_SetPin
<LI><a href="#[3a]">&gt;&gt;</a>&nbsp;&nbsp;&nbsp;GPIO_Init
</UL>
<BR>[Called By]<UL><LI><a href="#[27]">&gt;&gt;</a>&nbsp;&nbsp;&nbsp;main
</UL>

<P><STRONG><a name="[53]"></a>Debug_Counter_Reset</STRONG> (Thumb, 8 bytes, Stack size 0 bytes, debug.o(.text.Debug_Counter_Reset))
<BR><BR>[Called By]<UL><LI><a href="#[1c]">&gt;&gt;</a>&nbsp;&nbsp;&nbsp;USART2_IRQHandler
</UL>

<P><STRONG><a name="[3f]"></a>Debug_Determine_Digit_Numbers</STRONG> (Thumb, 108 bytes, Stack size 24 bytes, debug.o(.text.Debug_Determine_Digit_Numbers))
<BR><BR>[Stack]<UL><LI>Max Depth = 24<LI>Call Chain = Debug_Determine_Digit_Numbers
</UL>
<BR>[Calls]<UL><LI><a href="#[40]">&gt;&gt;</a>&nbsp;&nbsp;&nbsp;__aeabi_uidivmod
<LI><a href="#[41]">&gt;&gt;</a>&nbsp;&nbsp;&nbsp;__aeabi_uidiv
</UL>
<BR>[Called By]<UL><LI><a href="#[4a]">&gt;&gt;</a>&nbsp;&nbsp;&nbsp;Debug_Tx_Number
</UL>

<P><STRONG><a name="[43]"></a>Debug_GPIO_Init</STRONG> (Thumb, 136 bytes, Stack size 20 bytes, debug.o(.text.Debug_GPIO_Init))
<BR><BR>[Stack]<UL><LI>Max Depth = 20<LI>Call Chain = Debug_GPIO_Init
</UL>
<BR>[Called By]<UL><LI><a href="#[3c]">&gt;&gt;</a>&nbsp;&nbsp;&nbsp;Debug_Init
</UL>

<P><STRONG><a name="[50]"></a>Debug_Get_Buf_Index</STRONG> (Thumb, 8 bytes, Stack size 0 bytes, debug.o(.text.Debug_Get_Buf_Index))
<BR><BR>[Called By]<UL><LI><a href="#[15]">&gt;&gt;</a>&nbsp;&nbsp;&nbsp;TIM16_IRQHandler
</UL>

<P><STRONG><a name="[3c]"></a>Debug_Init</STRONG> (Thumb, 28 bytes, Stack size 16 bytes, debug.o(.text.Debug_Init))
<BR><BR>[Stack]<UL><LI>Max Depth = 64<LI>Call Chain = Debug_Init &rArr; Debug_Reg_Init &rArr; __NVIC_SetPriority
</UL>
<BR>[Calls]<UL><LI><a href="#[45]">&gt;&gt;</a>&nbsp;&nbsp;&nbsp;Debug_Timer_Init
<LI><a href="#[44]">&gt;&gt;</a>&nbsp;&nbsp;&nbsp;Debug_Reg_Init
<LI><a href="#[43]">&gt;&gt;</a>&nbsp;&nbsp;&nbsp;Debug_GPIO_Init
<LI><a href="#[42]">&gt;&gt;</a>&nbsp;&nbsp;&nbsp;Debug_Struct_Init
</UL>
<BR>[Called By]<UL><LI><a href="#[39]">&gt;&gt;</a>&nbsp;&nbsp;&nbsp;App_Setup
</UL>

<P><STRONG><a name="[44]"></a>Debug_Reg_Init</STRONG> (Thumb, 104 bytes, Stack size 24 bytes, debug.o(.text.Debug_Reg_Init))
<BR><BR>[Stack]<UL><LI>Max Depth = 48<LI>Call Chain = Debug_Reg_Init &rArr; __NVIC_SetPriority
</UL>
<BR>[Calls]<UL><LI><a href="#[41]">&gt;&gt;</a>&nbsp;&nbsp;&nbsp;__aeabi_uidiv
<LI><a href="#[47]">&gt;&gt;</a>&nbsp;&nbsp;&nbsp;__NVIC_SetPriority
<LI><a href="#[46]">&gt;&gt;</a>&nbsp;&nbsp;&nbsp;__NVIC_EnableIRQ
</UL>
<BR>[Called By]<UL><LI><a href="#[3c]">&gt;&gt;</a>&nbsp;&nbsp;&nbsp;Debug_Init
</UL>

<P><STRONG><a name="[52]"></a>Debug_Rx_Byte</STRONG> (Thumb, 16 bytes, Stack size 4 bytes, debug.o(.text.Debug_Rx_Byte))
<BR><BR>[Stack]<UL><LI>Max Depth = 4<LI>Call Chain = Debug_Rx_Byte
</UL>
<BR>[Called By]<UL><LI><a href="#[1c]">&gt;&gt;</a>&nbsp;&nbsp;&nbsp;USART2_IRQHandler
</UL>

<P><STRONG><a name="[42]"></a>Debug_Struct_Init</STRONG> (Thumb, 120 bytes, Stack size 8 bytes, debug.o(.text.Debug_Struct_Init))
<BR><BR>[Stack]<UL><LI>Max Depth = 8<LI>Call Chain = Debug_Struct_Init
</UL>
<BR>[Called By]<UL><LI><a href="#[3c]">&gt;&gt;</a>&nbsp;&nbsp;&nbsp;Debug_Init
</UL>

<P><STRONG><a name="[4f]"></a>Debug_Timer_Disable</STRONG> (Thumb, 20 bytes, Stack size 0 bytes, debug.o(.text.Debug_Timer_Disable))
<BR><BR>[Called By]<UL><LI><a href="#[15]">&gt;&gt;</a>&nbsp;&nbsp;&nbsp;TIM16_IRQHandler
</UL>

<P><STRONG><a name="[54]"></a>Debug_Timer_Enable</STRONG> (Thumb, 20 bytes, Stack size 0 bytes, debug.o(.text.Debug_Timer_Enable))
<BR><BR>[Called By]<UL><LI><a href="#[1c]">&gt;&gt;</a>&nbsp;&nbsp;&nbsp;USART2_IRQHandler
</UL>

<P><STRONG><a name="[45]"></a>Debug_Timer_Init</STRONG> (Thumb, 96 bytes, Stack size 16 bytes, debug.o(.text.Debug_Timer_Init))
<BR><BR>[Stack]<UL><LI>Max Depth = 40<LI>Call Chain = Debug_Timer_Init &rArr; __NVIC_SetPriority
</UL>
<BR>[Calls]<UL><LI><a href="#[47]">&gt;&gt;</a>&nbsp;&nbsp;&nbsp;__NVIC_SetPriority
<LI><a href="#[46]">&gt;&gt;</a>&nbsp;&nbsp;&nbsp;__NVIC_EnableIRQ
</UL>
<BR>[Called By]<UL><LI><a href="#[3c]">&gt;&gt;</a>&nbsp;&nbsp;&nbsp;Debug_Init
</UL>

<P><STRONG><a name="[49]"></a>Debug_Tx_Byte</STRONG> (Thumb, 48 bytes, Stack size 4 bytes, debug.o(.text.Debug_Tx_Byte))
<BR><BR>[Stack]<UL><LI>Max Depth = 4<LI>Call Chain = Debug_Tx_Byte
</UL>
<BR>[Called By]<UL><LI><a href="#[4a]">&gt;&gt;</a>&nbsp;&nbsp;&nbsp;Debug_Tx_Number
<LI><a href="#[4b]">&gt;&gt;</a>&nbsp;&nbsp;&nbsp;Debug_Tx_Number_Digits
<LI><a href="#[4d]">&gt;&gt;</a>&nbsp;&nbsp;&nbsp;Debug_Tx_Text
<LI><a href="#[4e]">&gt;&gt;</a>&nbsp;&nbsp;&nbsp;Debug_Tx_SP
<LI><a href="#[48]">&gt;&gt;</a>&nbsp;&nbsp;&nbsp;Debug_Tx_NL
</UL>

<P><STRONG><a name="[48]"></a>Debug_Tx_NL</STRONG> (Thumb, 16 bytes, Stack size 8 bytes, debug.o(.text.Debug_Tx_NL))
<BR><BR>[Stack]<UL><LI>Max Depth = 12<LI>Call Chain = Debug_Tx_NL &rArr; Debug_Tx_Byte
</UL>
<BR>[Calls]<UL><LI><a href="#[49]">&gt;&gt;</a>&nbsp;&nbsp;&nbsp;Debug_Tx_Byte
</UL>
<BR>[Called By]<UL><LI><a href="#[4c]">&gt;&gt;</a>&nbsp;&nbsp;&nbsp;Debug_Tx_Number_NL
</UL>

<P><STRONG><a name="[4a]"></a>Debug_Tx_Number</STRONG> (Thumb, 42 bytes, Stack size 16 bytes, debug.o(.text.Debug_Tx_Number))
<BR><BR>[Stack]<UL><LI>Max Depth = 40<LI>Call Chain = Debug_Tx_Number &rArr; Debug_Determine_Digit_Numbers
</UL>
<BR>[Calls]<UL><LI><a href="#[4b]">&gt;&gt;</a>&nbsp;&nbsp;&nbsp;Debug_Tx_Number_Digits
<LI><a href="#[3f]">&gt;&gt;</a>&nbsp;&nbsp;&nbsp;Debug_Determine_Digit_Numbers
<LI><a href="#[49]">&gt;&gt;</a>&nbsp;&nbsp;&nbsp;Debug_Tx_Byte
</UL>
<BR>[Called By]<UL><LI><a href="#[4c]">&gt;&gt;</a>&nbsp;&nbsp;&nbsp;Debug_Tx_Number_NL
</UL>

<P><STRONG><a name="[4b]"></a>Debug_Tx_Number_Digits</STRONG> (Thumb, 80 bytes, Stack size 16 bytes, debug.o(.text.Debug_Tx_Number_Digits))
<BR><BR>[Stack]<UL><LI>Max Depth = 20<LI>Call Chain = Debug_Tx_Number_Digits &rArr; Debug_Tx_Byte
</UL>
<BR>[Calls]<UL><LI><a href="#[49]">&gt;&gt;</a>&nbsp;&nbsp;&nbsp;Debug_Tx_Byte
</UL>
<BR>[Called By]<UL><LI><a href="#[4a]">&gt;&gt;</a>&nbsp;&nbsp;&nbsp;Debug_Tx_Number
</UL>

<P><STRONG><a name="[4c]"></a>Debug_Tx_Number_NL</STRONG> (Thumb, 20 bytes, Stack size 16 bytes, debug.o(.text.Debug_Tx_Number_NL))
<BR><BR>[Stack]<UL><LI>Max Depth = 56<LI>Call Chain = Debug_Tx_Number_NL &rArr; Debug_Tx_Number &rArr; Debug_Determine_Digit_Numbers
</UL>
<BR>[Calls]<UL><LI><a href="#[4a]">&gt;&gt;</a>&nbsp;&nbsp;&nbsp;Debug_Tx_Number
<LI><a href="#[48]">&gt;&gt;</a>&nbsp;&nbsp;&nbsp;Debug_Tx_NL
</UL>
<BR>[Called By]<UL><LI><a href="#[38]">&gt;&gt;</a>&nbsp;&nbsp;&nbsp;Debug_Tx_Parameter_NL
</UL>

<P><STRONG><a name="[38]"></a>Debug_Tx_Parameter_NL</STRONG> (Thumb, 28 bytes, Stack size 16 bytes, debug.o(.text.Debug_Tx_Parameter_NL))
<BR><BR>[Stack]<UL><LI>Max Depth = 72<LI>Call Chain = Debug_Tx_Parameter_NL &rArr; Debug_Tx_Number_NL &rArr; Debug_Tx_Number &rArr; Debug_Determine_Digit_Numbers
</UL>
<BR>[Calls]<UL><LI><a href="#[4c]">&gt;&gt;</a>&nbsp;&nbsp;&nbsp;Debug_Tx_Number_NL
<LI><a href="#[4d]">&gt;&gt;</a>&nbsp;&nbsp;&nbsp;Debug_Tx_Text
<LI><a href="#[4e]">&gt;&gt;</a>&nbsp;&nbsp;&nbsp;Debug_Tx_SP
</UL>
<BR>[Called By]<UL><LI><a href="#[31]">&gt;&gt;</a>&nbsp;&nbsp;&nbsp;App_Main_Loop
</UL>

<P><STRONG><a name="[4e]"></a>Debug_Tx_SP</STRONG> (Thumb, 10 bytes, Stack size 8 bytes, debug.o(.text.Debug_Tx_SP))
<BR><BR>[Stack]<UL><LI>Max Depth = 12<LI>Call Chain = Debug_Tx_SP &rArr; Debug_Tx_Byte
</UL>
<BR>[Calls]<UL><LI><a href="#[49]">&gt;&gt;</a>&nbsp;&nbsp;&nbsp;Debug_Tx_Byte
</UL>
<BR>[Called By]<UL><LI><a href="#[38]">&gt;&gt;</a>&nbsp;&nbsp;&nbsp;Debug_Tx_Parameter_NL
</UL>

<P><STRONG><a name="[4d]"></a>Debug_Tx_Text</STRONG> (Thumb, 56 bytes, Stack size 24 bytes, debug.o(.text.Debug_Tx_Text))
<BR><BR>[Stack]<UL><LI>Max Depth = 28<LI>Call Chain = Debug_Tx_Text &rArr; Debug_Tx_Byte
</UL>
<BR>[Calls]<UL><LI><a href="#[49]">&gt;&gt;</a>&nbsp;&nbsp;&nbsp;Debug_Tx_Byte
</UL>
<BR>[Called By]<UL><LI><a href="#[38]">&gt;&gt;</a>&nbsp;&nbsp;&nbsp;Debug_Tx_Parameter_NL
</UL>

<P><STRONG><a name="[3a]"></a>GPIO_Init</STRONG> (Thumb, 222 bytes, Stack size 44 bytes, gpio.o(.text.GPIO_Init))
<BR><BR>[Stack]<UL><LI>Max Depth = 44<LI>Call Chain = GPIO_Init
</UL>
<BR>[Called By]<UL><LI><a href="#[39]">&gt;&gt;</a>&nbsp;&nbsp;&nbsp;App_Setup
</UL>

<P><STRONG><a name="[3b]"></a>GPIO_SetPin</STRONG> (Thumb, 22 bytes, Stack size 8 bytes, gpio.o(.text.GPIO_SetPin))
<BR><BR>[Stack]<UL><LI>Max Depth = 8<LI>Call Chain = GPIO_SetPin
</UL>
<BR>[Called By]<UL><LI><a href="#[39]">&gt;&gt;</a>&nbsp;&nbsp;&nbsp;App_Setup
</UL>

<P><STRONG><a name="[34]"></a>GPIO_TogglePin</STRONG> (Thumb, 26 bytes, Stack size 8 bytes, gpio.o(.text.GPIO_TogglePin))
<BR><BR>[Stack]<UL><LI>Max Depth = 8<LI>Call Chain = GPIO_TogglePin
</UL>
<BR>[Called By]<UL><LI><a href="#[31]">&gt;&gt;</a>&nbsp;&nbsp;&nbsp;App_Main_Loop
</UL>

<P><STRONG><a name="[1d]"></a>SystemInit</STRONG> (Thumb, 2 bytes, Stack size 0 bytes, system_stm32g0xx.o(.text.SystemInit))
<BR>[Address Reference Count : 1]<UL><LI> startup_stm32g030xx.o(.text)
</UL>
<P><STRONG><a name="[15]"></a>TIM16_IRQHandler</STRONG> (Thumb, 64 bytes, Stack size 8 bytes, debug.o(.text.TIM16_IRQHandler))
<BR><BR>[Stack]<UL><LI>Max Depth = 8<LI>Call Chain = TIM16_IRQHandler
</UL>
<BR>[Calls]<UL><LI><a href="#[50]">&gt;&gt;</a>&nbsp;&nbsp;&nbsp;Debug_Get_Buf_Index
<LI><a href="#[4f]">&gt;&gt;</a>&nbsp;&nbsp;&nbsp;Debug_Timer_Disable
</UL>
<BR>[Address Reference Count : 1]<UL><LI> startup_stm32g030xx.o(RESET)
</UL>
<P><STRONG><a name="[16]"></a>TIM17_IRQHandler</STRONG> (Thumb, 32 bytes, Stack size 8 bytes, sw_timebase.o(.text.TIM17_IRQHandler))
<BR><BR>[Stack]<UL><LI>Max Depth = 16<LI>Call Chain = TIM17_IRQHandler &rArr; sw_timebase_ISR_executables
</UL>
<BR>[Calls]<UL><LI><a href="#[51]">&gt;&gt;</a>&nbsp;&nbsp;&nbsp;sw_timebase_ISR_executables
</UL>
<BR>[Address Reference Count : 1]<UL><LI> startup_stm32g030xx.o(RESET)
</UL>
<P><STRONG><a name="[1c]"></a>USART2_IRQHandler</STRONG> (Thumb, 84 bytes, Stack size 8 bytes, debug.o(.text.USART2_IRQHandler))
<BR><BR>[Stack]<UL><LI>Max Depth = 12<LI>Call Chain = USART2_IRQHandler &rArr; Debug_Rx_Byte
</UL>
<BR>[Calls]<UL><LI><a href="#[52]">&gt;&gt;</a>&nbsp;&nbsp;&nbsp;Debug_Rx_Byte
<LI><a href="#[53]">&gt;&gt;</a>&nbsp;&nbsp;&nbsp;Debug_Counter_Reset
<LI><a href="#[54]">&gt;&gt;</a>&nbsp;&nbsp;&nbsp;Debug_Timer_Enable
</UL>
<BR>[Address Reference Count : 1]<UL><LI> startup_stm32g030xx.o(RESET)
</UL>
<P><STRONG><a name="[27]"></a>main</STRONG> (Thumb, 20 bytes, Stack size 16 bytes, main.o(.text.main))
<BR><BR>[Stack]<UL><LI>Max Depth = 156<LI>Call Chain = main &rArr; App_Main_Loop &rArr; sw_timebase_main_loop_executable &rArr; sw_timebase_counter_update_all &rArr; sw_timebase_counter_update &rArr; sw_timebase_counter_set_status
</UL>
<BR>[Calls]<UL><LI><a href="#[31]">&gt;&gt;</a>&nbsp;&nbsp;&nbsp;App_Main_Loop
<LI><a href="#[39]">&gt;&gt;</a>&nbsp;&nbsp;&nbsp;App_Setup
</UL>
<BR>[Called By]<UL><LI><a href="#[26]">&gt;&gt;</a>&nbsp;&nbsp;&nbsp;__rt_entry_main
</UL>

<P><STRONG><a name="[51]"></a>sw_timebase_ISR_executables</STRONG> (Thumb, 76 bytes, Stack size 8 bytes, sw_timebase.o(.text.sw_timebase_ISR_executables))
<BR><BR>[Stack]<UL><LI>Max Depth = 8<LI>Call Chain = sw_timebase_ISR_executables
</UL>
<BR>[Called By]<UL><LI><a href="#[16]">&gt;&gt;</a>&nbsp;&nbsp;&nbsp;TIM17_IRQHandler
</UL>

<P><STRONG><a name="[3d]"></a>sw_timebase_Init</STRONG> (Thumb, 20 bytes, Stack size 16 bytes, sw_timebase.o(.text.sw_timebase_Init))
<BR><BR>[Stack]<UL><LI>Max Depth = 64<LI>Call Chain = sw_timebase_Init &rArr; sw_timebase_enable &rArr; __NVIC_SetPriority
</UL>
<BR>[Calls]<UL><LI><a href="#[59]">&gt;&gt;</a>&nbsp;&nbsp;&nbsp;sw_timebase_enable
<LI><a href="#[58]">&gt;&gt;</a>&nbsp;&nbsp;&nbsp;sw_timebase_struct_init
</UL>
<BR>[Called By]<UL><LI><a href="#[39]">&gt;&gt;</a>&nbsp;&nbsp;&nbsp;App_Setup
</UL>

<P><STRONG><a name="[83]"></a>sw_timebase_atomic_operation_end</STRONG> (Thumb, 4 bytes, Stack size 0 bytes, sw_timebase.o(.text.sw_timebase_atomic_operation_end))
<BR><BR>[Called By]<UL><LI><a href="#[81]">&gt;&gt;</a>&nbsp;&nbsp;&nbsp;sw_timebase_variable_sync
</UL>

<P><STRONG><a name="[82]"></a>sw_timebase_atomic_operation_start</STRONG> (Thumb, 4 bytes, Stack size 0 bytes, sw_timebase.o(.text.sw_timebase_atomic_operation_start))
<BR><BR>[Called By]<UL><LI><a href="#[81]">&gt;&gt;</a>&nbsp;&nbsp;&nbsp;sw_timebase_variable_sync
</UL>

<P><STRONG><a name="[7d]"></a>sw_timebase_counter_get_current_value</STRONG> (Thumb, 24 bytes, Stack size 4 bytes, sw_timebase.o(.text.sw_timebase_counter_get_current_value))
<BR><BR>[Stack]<UL><LI>Max Depth = 4<LI>Call Chain = sw_timebase_counter_get_current_value
</UL>
<BR>[Called By]<UL><LI><a href="#[72]">&gt;&gt;</a>&nbsp;&nbsp;&nbsp;sw_timebase_counter_update
</UL>

<P><STRONG><a name="[74]"></a>sw_timebase_counter_get_end_value</STRONG> (Thumb, 24 bytes, Stack size 4 bytes, sw_timebase.o(.text.sw_timebase_counter_get_end_value))
<BR><BR>[Stack]<UL><LI>Max Depth = 4<LI>Call Chain = sw_timebase_counter_get_end_value
</UL>
<BR>[Called By]<UL><LI><a href="#[72]">&gt;&gt;</a>&nbsp;&nbsp;&nbsp;sw_timebase_counter_update
</UL>

<P><STRONG><a name="[7a]"></a>sw_timebase_counter_get_reload_value</STRONG> (Thumb, 24 bytes, Stack size 4 bytes, sw_timebase.o(.text.sw_timebase_counter_get_reload_value))
<BR><BR>[Stack]<UL><LI>Max Depth = 4<LI>Call Chain = sw_timebase_counter_get_reload_value
</UL>
<BR>[Called By]<UL><LI><a href="#[72]">&gt;&gt;</a>&nbsp;&nbsp;&nbsp;sw_timebase_counter_update
</UL>

<P><STRONG><a name="[73]"></a>sw_timebase_counter_get_status</STRONG> (Thumb, 32 bytes, Stack size 4 bytes, sw_timebase.o(.text.sw_timebase_counter_get_status))
<BR><BR>[Stack]<UL><LI>Max Depth = 4<LI>Call Chain = sw_timebase_counter_get_status
</UL>
<BR>[Called By]<UL><LI><a href="#[72]">&gt;&gt;</a>&nbsp;&nbsp;&nbsp;sw_timebase_counter_update
</UL>

<P><STRONG><a name="[76]"></a>sw_timebase_counter_get_target_value</STRONG> (Thumb, 24 bytes, Stack size 4 bytes, sw_timebase.o(.text.sw_timebase_counter_get_target_value))
<BR><BR>[Stack]<UL><LI>Max Depth = 4<LI>Call Chain = sw_timebase_counter_get_target_value
</UL>
<BR>[Called By]<UL><LI><a href="#[72]">&gt;&gt;</a>&nbsp;&nbsp;&nbsp;sw_timebase_counter_update
</UL>

<P><STRONG><a name="[77]"></a>sw_timebase_counter_get_temporary_value</STRONG> (Thumb, 24 bytes, Stack size 4 bytes, sw_timebase.o(.text.sw_timebase_counter_get_temporary_value))
<BR><BR>[Stack]<UL><LI>Max Depth = 4<LI>Call Chain = sw_timebase_counter_get_temporary_value
</UL>
<BR>[Called By]<UL><LI><a href="#[72]">&gt;&gt;</a>&nbsp;&nbsp;&nbsp;sw_timebase_counter_update
</UL>

<P><STRONG><a name="[78]"></a>sw_timebase_counter_set_current_value</STRONG> (Thumb, 28 bytes, Stack size 8 bytes, sw_timebase.o(.text.sw_timebase_counter_set_current_value))
<BR><BR>[Stack]<UL><LI>Max Depth = 8<LI>Call Chain = sw_timebase_counter_set_current_value
</UL>
<BR>[Called By]<UL><LI><a href="#[72]">&gt;&gt;</a>&nbsp;&nbsp;&nbsp;sw_timebase_counter_update
</UL>

<P><STRONG><a name="[79]"></a>sw_timebase_counter_set_end_value</STRONG> (Thumb, 28 bytes, Stack size 8 bytes, sw_timebase.o(.text.sw_timebase_counter_set_end_value))
<BR><BR>[Stack]<UL><LI>Max Depth = 8<LI>Call Chain = sw_timebase_counter_set_end_value
</UL>
<BR>[Called By]<UL><LI><a href="#[72]">&gt;&gt;</a>&nbsp;&nbsp;&nbsp;sw_timebase_counter_update
</UL>

<P><STRONG><a name="[7b]"></a>sw_timebase_counter_set_reload_value</STRONG> (Thumb, 28 bytes, Stack size 8 bytes, sw_timebase.o(.text.sw_timebase_counter_set_reload_value))
<BR><BR>[Stack]<UL><LI>Max Depth = 8<LI>Call Chain = sw_timebase_counter_set_reload_value
</UL>
<BR>[Called By]<UL><LI><a href="#[72]">&gt;&gt;</a>&nbsp;&nbsp;&nbsp;sw_timebase_counter_update
</UL>

<P><STRONG><a name="[7c]"></a>sw_timebase_counter_set_status</STRONG> (Thumb, 52 bytes, Stack size 20 bytes, sw_timebase.o(.text.sw_timebase_counter_set_status))
<BR><BR>[Stack]<UL><LI>Max Depth = 20<LI>Call Chain = sw_timebase_counter_set_status
</UL>
<BR>[Called By]<UL><LI><a href="#[72]">&gt;&gt;</a>&nbsp;&nbsp;&nbsp;sw_timebase_counter_update
</UL>

<P><STRONG><a name="[75]"></a>sw_timebase_counter_set_temporary_value</STRONG> (Thumb, 28 bytes, Stack size 8 bytes, sw_timebase.o(.text.sw_timebase_counter_set_temporary_value))
<BR><BR>[Stack]<UL><LI>Max Depth = 8<LI>Call Chain = sw_timebase_counter_set_temporary_value
</UL>
<BR>[Called By]<UL><LI><a href="#[72]">&gt;&gt;</a>&nbsp;&nbsp;&nbsp;sw_timebase_counter_update
</UL>

<P><STRONG><a name="[5a]"></a>sw_timebase_counter_ss_clear_flag</STRONG> (Thumb, 20 bytes, Stack size 16 bytes, sw_timebase.o(.text.sw_timebase_counter_ss_clear_flag))
<BR><BR>[Stack]<UL><LI>Max Depth = 60<LI>Call Chain = sw_timebase_counter_ss_clear_flag &rArr; sw_timebase_counter_ss_reset &rArr; sw_timebase_counter_ss_set_status
</UL>
<BR>[Calls]<UL><LI><a href="#[5b]">&gt;&gt;</a>&nbsp;&nbsp;&nbsp;sw_timebase_counter_ss_reset
</UL>
<BR>[Called By]<UL><LI><a href="#[36]">&gt;&gt;</a>&nbsp;&nbsp;&nbsp;sw_timebase_counter_ss_continous_expired_event
</UL>

<P><STRONG><a name="[36]"></a>sw_timebase_counter_ss_continous_expired_event</STRONG> (Thumb, 78 bytes, Stack size 24 bytes, sw_timebase.o(.text.sw_timebase_counter_ss_continous_expired_event))
<BR><BR>[Stack]<UL><LI>Max Depth = 92<LI>Call Chain = sw_timebase_counter_ss_continous_expired_event &rArr; sw_timebase_counter_ss_set_securely &rArr; sw_timebase_counter_ss_set_status
</UL>
<BR>[Calls]<UL><LI><a href="#[5a]">&gt;&gt;</a>&nbsp;&nbsp;&nbsp;sw_timebase_counter_ss_clear_flag
<LI><a href="#[5d]">&gt;&gt;</a>&nbsp;&nbsp;&nbsp;sw_timebase_counter_ss_get_reload_value
<LI><a href="#[5c]">&gt;&gt;</a>&nbsp;&nbsp;&nbsp;sw_timebase_counter_ss_get_status
<LI><a href="#[3e]">&gt;&gt;</a>&nbsp;&nbsp;&nbsp;sw_timebase_counter_ss_set_securely
</UL>
<BR>[Called By]<UL><LI><a href="#[31]">&gt;&gt;</a>&nbsp;&nbsp;&nbsp;App_Main_Loop
</UL>

<P><STRONG><a name="[5e]"></a>sw_timebase_counter_ss_get_current_value</STRONG> (Thumb, 28 bytes, Stack size 4 bytes, sw_timebase.o(.text.sw_timebase_counter_ss_get_current_value))
<BR><BR>[Stack]<UL><LI>Max Depth = 4<LI>Call Chain = sw_timebase_counter_ss_get_current_value
</UL>
<BR>[Called By]<UL><LI><a href="#[56]">&gt;&gt;</a>&nbsp;&nbsp;&nbsp;sw_timebase_counter_ss_get_remaining_period_value
<LI><a href="#[35]">&gt;&gt;</a>&nbsp;&nbsp;&nbsp;sw_timebase_counter_ss_set_period_value_securely
</UL>

<P><STRONG><a name="[6e]"></a>sw_timebase_counter_ss_get_end_value</STRONG> (Thumb, 28 bytes, Stack size 4 bytes, sw_timebase.o(.text.sw_timebase_counter_ss_get_end_value))
<BR><BR>[Stack]<UL><LI>Max Depth = 4<LI>Call Chain = sw_timebase_counter_ss_get_end_value
</UL>
<BR>[Called By]<UL><LI><a href="#[6d]">&gt;&gt;</a>&nbsp;&nbsp;&nbsp;sw_timebase_counter_ss_update
</UL>

<P><STRONG><a name="[6f]"></a>sw_timebase_counter_ss_get_end_value_sub_sec</STRONG> (Thumb, 28 bytes, Stack size 4 bytes, sw_timebase.o(.text.sw_timebase_counter_ss_get_end_value_sub_sec))
<BR><BR>[Stack]<UL><LI>Max Depth = 4<LI>Call Chain = sw_timebase_counter_ss_get_end_value_sub_sec
</UL>
<BR>[Called By]<UL><LI><a href="#[6d]">&gt;&gt;</a>&nbsp;&nbsp;&nbsp;sw_timebase_counter_ss_update
</UL>

<P><STRONG><a name="[57]"></a>sw_timebase_counter_ss_get_period_status_flag</STRONG> (Thumb, 32 bytes, Stack size 4 bytes, sw_timebase.o(.text.sw_timebase_counter_ss_get_period_status_flag))
<BR><BR>[Stack]<UL><LI>Max Depth = 4<LI>Call Chain = sw_timebase_counter_ss_get_period_status_flag
</UL>
<BR>[Called By]<UL><LI><a href="#[55]">&gt;&gt;</a>&nbsp;&nbsp;&nbsp;_period_ss_expired_condition
<LI><a href="#[35]">&gt;&gt;</a>&nbsp;&nbsp;&nbsp;sw_timebase_counter_ss_set_period_value_securely
</UL>

<P><STRONG><a name="[60]"></a>sw_timebase_counter_ss_get_period_value</STRONG> (Thumb, 28 bytes, Stack size 4 bytes, sw_timebase.o(.text.sw_timebase_counter_ss_get_period_value))
<BR><BR>[Stack]<UL><LI>Max Depth = 4<LI>Call Chain = sw_timebase_counter_ss_get_period_value
</UL>
<BR>[Called By]<UL><LI><a href="#[56]">&gt;&gt;</a>&nbsp;&nbsp;&nbsp;sw_timebase_counter_ss_get_remaining_period_value
</UL>

<P><STRONG><a name="[5d]"></a>sw_timebase_counter_ss_get_reload_value</STRONG> (Thumb, 28 bytes, Stack size 4 bytes, sw_timebase.o(.text.sw_timebase_counter_ss_get_reload_value))
<BR><BR>[Stack]<UL><LI>Max Depth = 4<LI>Call Chain = sw_timebase_counter_ss_get_reload_value
</UL>
<BR>[Called By]<UL><LI><a href="#[6d]">&gt;&gt;</a>&nbsp;&nbsp;&nbsp;sw_timebase_counter_ss_update
<LI><a href="#[36]">&gt;&gt;</a>&nbsp;&nbsp;&nbsp;sw_timebase_counter_ss_continous_expired_event
</UL>

<P><STRONG><a name="[56]"></a>sw_timebase_counter_ss_get_remaining_period_value</STRONG> (Thumb, 94 bytes, Stack size 40 bytes, sw_timebase.o(.text.sw_timebase_counter_ss_get_remaining_period_value))
<BR><BR>[Stack]<UL><LI>Max Depth = 44<LI>Call Chain = sw_timebase_counter_ss_get_remaining_period_value &rArr; sw_timebase_counter_ss_get_target_value
</UL>
<BR>[Calls]<UL><LI><a href="#[5f]">&gt;&gt;</a>&nbsp;&nbsp;&nbsp;sw_timebase_counter_ss_get_target_value
<LI><a href="#[60]">&gt;&gt;</a>&nbsp;&nbsp;&nbsp;sw_timebase_counter_ss_get_period_value
<LI><a href="#[5e]">&gt;&gt;</a>&nbsp;&nbsp;&nbsp;sw_timebase_counter_ss_get_current_value
</UL>
<BR>[Called By]<UL><LI><a href="#[55]">&gt;&gt;</a>&nbsp;&nbsp;&nbsp;_period_ss_expired_condition
</UL>

<P><STRONG><a name="[5c]"></a>sw_timebase_counter_ss_get_status</STRONG> (Thumb, 32 bytes, Stack size 4 bytes, sw_timebase.o(.text.sw_timebase_counter_ss_get_status))
<BR><BR>[Stack]<UL><LI>Max Depth = 4<LI>Call Chain = sw_timebase_counter_ss_get_status
</UL>
<BR>[Called By]<UL><LI><a href="#[6d]">&gt;&gt;</a>&nbsp;&nbsp;&nbsp;sw_timebase_counter_ss_update
<LI><a href="#[36]">&gt;&gt;</a>&nbsp;&nbsp;&nbsp;sw_timebase_counter_ss_continous_expired_event
<LI><a href="#[3e]">&gt;&gt;</a>&nbsp;&nbsp;&nbsp;sw_timebase_counter_ss_set_securely
</UL>

<P><STRONG><a name="[5f]"></a>sw_timebase_counter_ss_get_target_value</STRONG> (Thumb, 28 bytes, Stack size 4 bytes, sw_timebase.o(.text.sw_timebase_counter_ss_get_target_value))
<BR><BR>[Stack]<UL><LI>Max Depth = 4<LI>Call Chain = sw_timebase_counter_ss_get_target_value
</UL>
<BR>[Called By]<UL><LI><a href="#[56]">&gt;&gt;</a>&nbsp;&nbsp;&nbsp;sw_timebase_counter_ss_get_remaining_period_value
<LI><a href="#[6d]">&gt;&gt;</a>&nbsp;&nbsp;&nbsp;sw_timebase_counter_ss_update
<LI><a href="#[35]">&gt;&gt;</a>&nbsp;&nbsp;&nbsp;sw_timebase_counter_ss_set_period_value_securely
</UL>

<P><STRONG><a name="[70]"></a>sw_timebase_counter_ss_get_temporary_value</STRONG> (Thumb, 28 bytes, Stack size 4 bytes, sw_timebase.o(.text.sw_timebase_counter_ss_get_temporary_value))
<BR><BR>[Stack]<UL><LI>Max Depth = 4<LI>Call Chain = sw_timebase_counter_ss_get_temporary_value
</UL>
<BR>[Called By]<UL><LI><a href="#[6d]">&gt;&gt;</a>&nbsp;&nbsp;&nbsp;sw_timebase_counter_ss_update
</UL>

<P><STRONG><a name="[33]"></a>sw_timebase_counter_ss_period_value_expired_event</STRONG> (Thumb, 56 bytes, Stack size 16 bytes, sw_timebase.o(.text.sw_timebase_counter_ss_period_value_expired_event))
<BR><BR>[Stack]<UL><LI>Max Depth = 76<LI>Call Chain = sw_timebase_counter_ss_period_value_expired_event &rArr; _period_ss_expired_condition &rArr; sw_timebase_counter_ss_get_remaining_period_value &rArr; sw_timebase_counter_ss_get_target_value
</UL>
<BR>[Calls]<UL><LI><a href="#[61]">&gt;&gt;</a>&nbsp;&nbsp;&nbsp;sw_timebase_counter_ss_set_period_status_flag
<LI><a href="#[55]">&gt;&gt;</a>&nbsp;&nbsp;&nbsp;_period_ss_expired_condition
</UL>
<BR>[Called By]<UL><LI><a href="#[31]">&gt;&gt;</a>&nbsp;&nbsp;&nbsp;App_Main_Loop
</UL>

<P><STRONG><a name="[5b]"></a>sw_timebase_counter_ss_reset</STRONG> (Thumb, 94 bytes, Stack size 24 bytes, sw_timebase.o(.text.sw_timebase_counter_ss_reset))
<BR><BR>[Stack]<UL><LI>Max Depth = 44<LI>Call Chain = sw_timebase_counter_ss_reset &rArr; sw_timebase_counter_ss_set_status
</UL>
<BR>[Calls]<UL><LI><a href="#[63]">&gt;&gt;</a>&nbsp;&nbsp;&nbsp;sw_timebase_counter_ss_set_temporary_value
<LI><a href="#[64]">&gt;&gt;</a>&nbsp;&nbsp;&nbsp;sw_timebase_counter_ss_set_target_value
<LI><a href="#[65]">&gt;&gt;</a>&nbsp;&nbsp;&nbsp;sw_timebase_counter_ss_set_reload_value
<LI><a href="#[66]">&gt;&gt;</a>&nbsp;&nbsp;&nbsp;sw_timebase_counter_ss_set_period_value
<LI><a href="#[67]">&gt;&gt;</a>&nbsp;&nbsp;&nbsp;sw_timebase_counter_ss_set_end_value
<LI><a href="#[68]">&gt;&gt;</a>&nbsp;&nbsp;&nbsp;sw_timebase_counter_ss_set_current_value
<LI><a href="#[69]">&gt;&gt;</a>&nbsp;&nbsp;&nbsp;sw_timebase_counter_ss_reset_period_status_flag
<LI><a href="#[62]">&gt;&gt;</a>&nbsp;&nbsp;&nbsp;sw_timebase_counter_ss_set_status
</UL>
<BR>[Called By]<UL><LI><a href="#[5a]">&gt;&gt;</a>&nbsp;&nbsp;&nbsp;sw_timebase_counter_ss_clear_flag
</UL>

<P><STRONG><a name="[69]"></a>sw_timebase_counter_ss_reset_period_status_flag</STRONG> (Thumb, 32 bytes, Stack size 4 bytes, sw_timebase.o(.text.sw_timebase_counter_ss_reset_period_status_flag))
<BR><BR>[Stack]<UL><LI>Max Depth = 4<LI>Call Chain = sw_timebase_counter_ss_reset_period_status_flag
</UL>
<BR>[Called By]<UL><LI><a href="#[5b]">&gt;&gt;</a>&nbsp;&nbsp;&nbsp;sw_timebase_counter_ss_reset
</UL>

<P><STRONG><a name="[68]"></a>sw_timebase_counter_ss_set_current_value</STRONG> (Thumb, 32 bytes, Stack size 8 bytes, sw_timebase.o(.text.sw_timebase_counter_ss_set_current_value))
<BR><BR>[Stack]<UL><LI>Max Depth = 8<LI>Call Chain = sw_timebase_counter_ss_set_current_value
</UL>
<BR>[Called By]<UL><LI><a href="#[6d]">&gt;&gt;</a>&nbsp;&nbsp;&nbsp;sw_timebase_counter_ss_update
<LI><a href="#[5b]">&gt;&gt;</a>&nbsp;&nbsp;&nbsp;sw_timebase_counter_ss_reset
<LI><a href="#[3e]">&gt;&gt;</a>&nbsp;&nbsp;&nbsp;sw_timebase_counter_ss_set_securely
</UL>

<P><STRONG><a name="[67]"></a>sw_timebase_counter_ss_set_end_value</STRONG> (Thumb, 32 bytes, Stack size 8 bytes, sw_timebase.o(.text.sw_timebase_counter_ss_set_end_value))
<BR><BR>[Stack]<UL><LI>Max Depth = 8<LI>Call Chain = sw_timebase_counter_ss_set_end_value
</UL>
<BR>[Called By]<UL><LI><a href="#[6d]">&gt;&gt;</a>&nbsp;&nbsp;&nbsp;sw_timebase_counter_ss_update
<LI><a href="#[5b]">&gt;&gt;</a>&nbsp;&nbsp;&nbsp;sw_timebase_counter_ss_reset
<LI><a href="#[3e]">&gt;&gt;</a>&nbsp;&nbsp;&nbsp;sw_timebase_counter_ss_set_securely
</UL>

<P><STRONG><a name="[6c]"></a>sw_timebase_counter_ss_set_end_value_sub_sec</STRONG> (Thumb, 32 bytes, Stack size 8 bytes, sw_timebase.o(.text.sw_timebase_counter_ss_set_end_value_sub_sec))
<BR><BR>[Stack]<UL><LI>Max Depth = 8<LI>Call Chain = sw_timebase_counter_ss_set_end_value_sub_sec
</UL>
<BR>[Called By]<UL><LI><a href="#[6d]">&gt;&gt;</a>&nbsp;&nbsp;&nbsp;sw_timebase_counter_ss_update
<LI><a href="#[3e]">&gt;&gt;</a>&nbsp;&nbsp;&nbsp;sw_timebase_counter_ss_set_securely
</UL>

<P><STRONG><a name="[61]"></a>sw_timebase_counter_ss_set_period_status_flag</STRONG> (Thumb, 48 bytes, Stack size 16 bytes, sw_timebase.o(.text.sw_timebase_counter_ss_set_period_status_flag))
<BR><BR>[Stack]<UL><LI>Max Depth = 16<LI>Call Chain = sw_timebase_counter_ss_set_period_status_flag
</UL>
<BR>[Called By]<UL><LI><a href="#[33]">&gt;&gt;</a>&nbsp;&nbsp;&nbsp;sw_timebase_counter_ss_period_value_expired_event
<LI><a href="#[35]">&gt;&gt;</a>&nbsp;&nbsp;&nbsp;sw_timebase_counter_ss_set_period_value_securely
</UL>

<P><STRONG><a name="[66]"></a>sw_timebase_counter_ss_set_period_value</STRONG> (Thumb, 32 bytes, Stack size 8 bytes, sw_timebase.o(.text.sw_timebase_counter_ss_set_period_value))
<BR><BR>[Stack]<UL><LI>Max Depth = 8<LI>Call Chain = sw_timebase_counter_ss_set_period_value
</UL>
<BR>[Called By]<UL><LI><a href="#[5b]">&gt;&gt;</a>&nbsp;&nbsp;&nbsp;sw_timebase_counter_ss_reset
<LI><a href="#[35]">&gt;&gt;</a>&nbsp;&nbsp;&nbsp;sw_timebase_counter_ss_set_period_value_securely
</UL>

<P><STRONG><a name="[35]"></a>sw_timebase_counter_ss_set_period_value_securely</STRONG> (Thumb, 112 bytes, Stack size 40 bytes, sw_timebase.o(.text.sw_timebase_counter_ss_set_period_value_securely))
<BR><BR>[Stack]<UL><LI>Max Depth = 56<LI>Call Chain = sw_timebase_counter_ss_set_period_value_securely &rArr; sw_timebase_counter_ss_set_period_status_flag
</UL>
<BR>[Calls]<UL><LI><a href="#[5f]">&gt;&gt;</a>&nbsp;&nbsp;&nbsp;sw_timebase_counter_ss_get_target_value
<LI><a href="#[66]">&gt;&gt;</a>&nbsp;&nbsp;&nbsp;sw_timebase_counter_ss_set_period_value
<LI><a href="#[5e]">&gt;&gt;</a>&nbsp;&nbsp;&nbsp;sw_timebase_counter_ss_get_current_value
<LI><a href="#[61]">&gt;&gt;</a>&nbsp;&nbsp;&nbsp;sw_timebase_counter_ss_set_period_status_flag
<LI><a href="#[57]">&gt;&gt;</a>&nbsp;&nbsp;&nbsp;sw_timebase_counter_ss_get_period_status_flag
</UL>
<BR>[Called By]<UL><LI><a href="#[31]">&gt;&gt;</a>&nbsp;&nbsp;&nbsp;App_Main_Loop
<LI><a href="#[39]">&gt;&gt;</a>&nbsp;&nbsp;&nbsp;App_Setup
</UL>

<P><STRONG><a name="[65]"></a>sw_timebase_counter_ss_set_reload_value</STRONG> (Thumb, 32 bytes, Stack size 8 bytes, sw_timebase.o(.text.sw_timebase_counter_ss_set_reload_value))
<BR><BR>[Stack]<UL><LI>Max Depth = 8<LI>Call Chain = sw_timebase_counter_ss_set_reload_value
</UL>
<BR>[Called By]<UL><LI><a href="#[6d]">&gt;&gt;</a>&nbsp;&nbsp;&nbsp;sw_timebase_counter_ss_update
<LI><a href="#[5b]">&gt;&gt;</a>&nbsp;&nbsp;&nbsp;sw_timebase_counter_ss_reset
<LI><a href="#[3e]">&gt;&gt;</a>&nbsp;&nbsp;&nbsp;sw_timebase_counter_ss_set_securely
</UL>

<P><STRONG><a name="[3e]"></a>sw_timebase_counter_ss_set_securely</STRONG> (Thumb, 204 bytes, Stack size 48 bytes, sw_timebase.o(.text.sw_timebase_counter_ss_set_securely))
<BR><BR>[Stack]<UL><LI>Max Depth = 68<LI>Call Chain = sw_timebase_counter_ss_set_securely &rArr; sw_timebase_counter_ss_set_status
</UL>
<BR>[Calls]<UL><LI><a href="#[40]">&gt;&gt;</a>&nbsp;&nbsp;&nbsp;__aeabi_uidivmod
<LI><a href="#[41]">&gt;&gt;</a>&nbsp;&nbsp;&nbsp;__aeabi_uidiv
<LI><a href="#[63]">&gt;&gt;</a>&nbsp;&nbsp;&nbsp;sw_timebase_counter_ss_set_temporary_value
<LI><a href="#[64]">&gt;&gt;</a>&nbsp;&nbsp;&nbsp;sw_timebase_counter_ss_set_target_value
<LI><a href="#[65]">&gt;&gt;</a>&nbsp;&nbsp;&nbsp;sw_timebase_counter_ss_set_reload_value
<LI><a href="#[6c]">&gt;&gt;</a>&nbsp;&nbsp;&nbsp;sw_timebase_counter_ss_set_end_value_sub_sec
<LI><a href="#[67]">&gt;&gt;</a>&nbsp;&nbsp;&nbsp;sw_timebase_counter_ss_set_end_value
<LI><a href="#[68]">&gt;&gt;</a>&nbsp;&nbsp;&nbsp;sw_timebase_counter_ss_set_current_value
<LI><a href="#[62]">&gt;&gt;</a>&nbsp;&nbsp;&nbsp;sw_timebase_counter_ss_set_status
<LI><a href="#[5c]">&gt;&gt;</a>&nbsp;&nbsp;&nbsp;sw_timebase_counter_ss_get_status
<LI><a href="#[6a]">&gt;&gt;</a>&nbsp;&nbsp;&nbsp;sw_timebase_get_seconds
<LI><a href="#[6b]">&gt;&gt;</a>&nbsp;&nbsp;&nbsp;sw_timebase_get_sub_seconds
</UL>
<BR>[Called By]<UL><LI><a href="#[36]">&gt;&gt;</a>&nbsp;&nbsp;&nbsp;sw_timebase_counter_ss_continous_expired_event
<LI><a href="#[39]">&gt;&gt;</a>&nbsp;&nbsp;&nbsp;App_Setup
</UL>

<P><STRONG><a name="[62]"></a>sw_timebase_counter_ss_set_status</STRONG> (Thumb, 52 bytes, Stack size 20 bytes, sw_timebase.o(.text.sw_timebase_counter_ss_set_status))
<BR><BR>[Stack]<UL><LI>Max Depth = 20<LI>Call Chain = sw_timebase_counter_ss_set_status
</UL>
<BR>[Called By]<UL><LI><a href="#[6d]">&gt;&gt;</a>&nbsp;&nbsp;&nbsp;sw_timebase_counter_ss_update
<LI><a href="#[5b]">&gt;&gt;</a>&nbsp;&nbsp;&nbsp;sw_timebase_counter_ss_reset
<LI><a href="#[3e]">&gt;&gt;</a>&nbsp;&nbsp;&nbsp;sw_timebase_counter_ss_set_securely
</UL>

<P><STRONG><a name="[64]"></a>sw_timebase_counter_ss_set_target_value</STRONG> (Thumb, 32 bytes, Stack size 8 bytes, sw_timebase.o(.text.sw_timebase_counter_ss_set_target_value))
<BR><BR>[Stack]<UL><LI>Max Depth = 8<LI>Call Chain = sw_timebase_counter_ss_set_target_value
</UL>
<BR>[Called By]<UL><LI><a href="#[5b]">&gt;&gt;</a>&nbsp;&nbsp;&nbsp;sw_timebase_counter_ss_reset
<LI><a href="#[3e]">&gt;&gt;</a>&nbsp;&nbsp;&nbsp;sw_timebase_counter_ss_set_securely
</UL>

<P><STRONG><a name="[63]"></a>sw_timebase_counter_ss_set_temporary_value</STRONG> (Thumb, 32 bytes, Stack size 8 bytes, sw_timebase.o(.text.sw_timebase_counter_ss_set_temporary_value))
<BR><BR>[Stack]<UL><LI>Max Depth = 8<LI>Call Chain = sw_timebase_counter_ss_set_temporary_value
</UL>
<BR>[Called By]<UL><LI><a href="#[6d]">&gt;&gt;</a>&nbsp;&nbsp;&nbsp;sw_timebase_counter_ss_update
<LI><a href="#[5b]">&gt;&gt;</a>&nbsp;&nbsp;&nbsp;sw_timebase_counter_ss_reset
<LI><a href="#[3e]">&gt;&gt;</a>&nbsp;&nbsp;&nbsp;sw_timebase_counter_ss_set_securely
</UL>

<P><STRONG><a name="[6d]"></a>sw_timebase_counter_ss_update</STRONG> (Thumb, 396 bytes, Stack size 72 bytes, sw_timebase.o(.text.sw_timebase_counter_ss_update))
<BR><BR>[Stack]<UL><LI>Max Depth = 92<LI>Call Chain = sw_timebase_counter_ss_update &rArr; sw_timebase_counter_ss_set_status
</UL>
<BR>[Calls]<UL><LI><a href="#[40]">&gt;&gt;</a>&nbsp;&nbsp;&nbsp;__aeabi_uidivmod
<LI><a href="#[41]">&gt;&gt;</a>&nbsp;&nbsp;&nbsp;__aeabi_uidiv
<LI><a href="#[63]">&gt;&gt;</a>&nbsp;&nbsp;&nbsp;sw_timebase_counter_ss_set_temporary_value
<LI><a href="#[70]">&gt;&gt;</a>&nbsp;&nbsp;&nbsp;sw_timebase_counter_ss_get_temporary_value
<LI><a href="#[5f]">&gt;&gt;</a>&nbsp;&nbsp;&nbsp;sw_timebase_counter_ss_get_target_value
<LI><a href="#[65]">&gt;&gt;</a>&nbsp;&nbsp;&nbsp;sw_timebase_counter_ss_set_reload_value
<LI><a href="#[5d]">&gt;&gt;</a>&nbsp;&nbsp;&nbsp;sw_timebase_counter_ss_get_reload_value
<LI><a href="#[6c]">&gt;&gt;</a>&nbsp;&nbsp;&nbsp;sw_timebase_counter_ss_set_end_value_sub_sec
<LI><a href="#[6f]">&gt;&gt;</a>&nbsp;&nbsp;&nbsp;sw_timebase_counter_ss_get_end_value_sub_sec
<LI><a href="#[67]">&gt;&gt;</a>&nbsp;&nbsp;&nbsp;sw_timebase_counter_ss_set_end_value
<LI><a href="#[6e]">&gt;&gt;</a>&nbsp;&nbsp;&nbsp;sw_timebase_counter_ss_get_end_value
<LI><a href="#[68]">&gt;&gt;</a>&nbsp;&nbsp;&nbsp;sw_timebase_counter_ss_set_current_value
<LI><a href="#[62]">&gt;&gt;</a>&nbsp;&nbsp;&nbsp;sw_timebase_counter_ss_set_status
<LI><a href="#[5c]">&gt;&gt;</a>&nbsp;&nbsp;&nbsp;sw_timebase_counter_ss_get_status
<LI><a href="#[6a]">&gt;&gt;</a>&nbsp;&nbsp;&nbsp;sw_timebase_get_seconds
<LI><a href="#[6b]">&gt;&gt;</a>&nbsp;&nbsp;&nbsp;sw_timebase_get_sub_seconds
</UL>
<BR>[Called By]<UL><LI><a href="#[71]">&gt;&gt;</a>&nbsp;&nbsp;&nbsp;sw_timebase_counter_ss_update_all
</UL>

<P><STRONG><a name="[71]"></a>sw_timebase_counter_ss_update_all</STRONG> (Thumb, 46 bytes, Stack size 16 bytes, sw_timebase.o(.text.sw_timebase_counter_ss_update_all))
<BR><BR>[Stack]<UL><LI>Max Depth = 108<LI>Call Chain = sw_timebase_counter_ss_update_all &rArr; sw_timebase_counter_ss_update &rArr; sw_timebase_counter_ss_set_status
</UL>
<BR>[Calls]<UL><LI><a href="#[6d]">&gt;&gt;</a>&nbsp;&nbsp;&nbsp;sw_timebase_counter_ss_update
</UL>
<BR>[Called By]<UL><LI><a href="#[32]">&gt;&gt;</a>&nbsp;&nbsp;&nbsp;sw_timebase_main_loop_executable
</UL>

<P><STRONG><a name="[72]"></a>sw_timebase_counter_update</STRONG> (Thumb, 318 bytes, Stack size 80 bytes, sw_timebase.o(.text.sw_timebase_counter_update))
<BR><BR>[Stack]<UL><LI>Max Depth = 100<LI>Call Chain = sw_timebase_counter_update &rArr; sw_timebase_counter_set_status
</UL>
<BR>[Calls]<UL><LI><a href="#[75]">&gt;&gt;</a>&nbsp;&nbsp;&nbsp;sw_timebase_counter_set_temporary_value
<LI><a href="#[77]">&gt;&gt;</a>&nbsp;&nbsp;&nbsp;sw_timebase_counter_get_temporary_value
<LI><a href="#[76]">&gt;&gt;</a>&nbsp;&nbsp;&nbsp;sw_timebase_counter_get_target_value
<LI><a href="#[7b]">&gt;&gt;</a>&nbsp;&nbsp;&nbsp;sw_timebase_counter_set_reload_value
<LI><a href="#[7a]">&gt;&gt;</a>&nbsp;&nbsp;&nbsp;sw_timebase_counter_get_reload_value
<LI><a href="#[79]">&gt;&gt;</a>&nbsp;&nbsp;&nbsp;sw_timebase_counter_set_end_value
<LI><a href="#[74]">&gt;&gt;</a>&nbsp;&nbsp;&nbsp;sw_timebase_counter_get_end_value
<LI><a href="#[78]">&gt;&gt;</a>&nbsp;&nbsp;&nbsp;sw_timebase_counter_set_current_value
<LI><a href="#[7d]">&gt;&gt;</a>&nbsp;&nbsp;&nbsp;sw_timebase_counter_get_current_value
<LI><a href="#[7c]">&gt;&gt;</a>&nbsp;&nbsp;&nbsp;sw_timebase_counter_set_status
<LI><a href="#[73]">&gt;&gt;</a>&nbsp;&nbsp;&nbsp;sw_timebase_counter_get_status
<LI><a href="#[6a]">&gt;&gt;</a>&nbsp;&nbsp;&nbsp;sw_timebase_get_seconds
</UL>
<BR>[Called By]<UL><LI><a href="#[7e]">&gt;&gt;</a>&nbsp;&nbsp;&nbsp;sw_timebase_counter_update_all
</UL>

<P><STRONG><a name="[7e]"></a>sw_timebase_counter_update_all</STRONG> (Thumb, 46 bytes, Stack size 16 bytes, sw_timebase.o(.text.sw_timebase_counter_update_all))
<BR><BR>[Stack]<UL><LI>Max Depth = 116<LI>Call Chain = sw_timebase_counter_update_all &rArr; sw_timebase_counter_update &rArr; sw_timebase_counter_set_status
</UL>
<BR>[Calls]<UL><LI><a href="#[72]">&gt;&gt;</a>&nbsp;&nbsp;&nbsp;sw_timebase_counter_update
</UL>
<BR>[Called By]<UL><LI><a href="#[32]">&gt;&gt;</a>&nbsp;&nbsp;&nbsp;sw_timebase_main_loop_executable
</UL>

<P><STRONG><a name="[59]"></a>sw_timebase_enable</STRONG> (Thumb, 100 bytes, Stack size 24 bytes, sw_timebase.o(.text.sw_timebase_enable))
<BR><BR>[Stack]<UL><LI>Max Depth = 48<LI>Call Chain = sw_timebase_enable &rArr; __NVIC_SetPriority
</UL>
<BR>[Calls]<UL><LI><a href="#[41]">&gt;&gt;</a>&nbsp;&nbsp;&nbsp;__aeabi_uidiv
<LI><a href="#[80]">&gt;&gt;</a>&nbsp;&nbsp;&nbsp;__NVIC_EnableIRQ
<LI><a href="#[7f]">&gt;&gt;</a>&nbsp;&nbsp;&nbsp;__NVIC_SetPriority
</UL>
<BR>[Called By]<UL><LI><a href="#[3d]">&gt;&gt;</a>&nbsp;&nbsp;&nbsp;sw_timebase_Init
</UL>

<P><STRONG><a name="[6a]"></a>sw_timebase_get_seconds</STRONG> (Thumb, 8 bytes, Stack size 0 bytes, sw_timebase.o(.text.sw_timebase_get_seconds))
<BR><BR>[Called By]<UL><LI><a href="#[6d]">&gt;&gt;</a>&nbsp;&nbsp;&nbsp;sw_timebase_counter_ss_update
<LI><a href="#[72]">&gt;&gt;</a>&nbsp;&nbsp;&nbsp;sw_timebase_counter_update
<LI><a href="#[3e]">&gt;&gt;</a>&nbsp;&nbsp;&nbsp;sw_timebase_counter_ss_set_securely
</UL>

<P><STRONG><a name="[37]"></a>sw_timebase_get_shadow_sub_seconds_uptime_securely</STRONG> (Thumb, 60 bytes, Stack size 16 bytes, sw_timebase.o(.text.sw_timebase_get_shadow_sub_seconds_uptime_securely))
<BR><BR>[Stack]<UL><LI>Max Depth = 16<LI>Call Chain = sw_timebase_get_shadow_sub_seconds_uptime_securely
</UL>
<BR>[Called By]<UL><LI><a href="#[31]">&gt;&gt;</a>&nbsp;&nbsp;&nbsp;App_Main_Loop
</UL>

<P><STRONG><a name="[6b]"></a>sw_timebase_get_sub_seconds</STRONG> (Thumb, 8 bytes, Stack size 0 bytes, sw_timebase.o(.text.sw_timebase_get_sub_seconds))
<BR><BR>[Called By]<UL><LI><a href="#[6d]">&gt;&gt;</a>&nbsp;&nbsp;&nbsp;sw_timebase_counter_ss_update
<LI><a href="#[3e]">&gt;&gt;</a>&nbsp;&nbsp;&nbsp;sw_timebase_counter_ss_set_securely
</UL>

<P><STRONG><a name="[32]"></a>sw_timebase_main_loop_executable</STRONG> (Thumb, 60 bytes, Stack size 8 bytes, sw_timebase.o(.text.sw_timebase_main_loop_executable))
<BR><BR>[Stack]<UL><LI>Max Depth = 124<LI>Call Chain = sw_timebase_main_loop_executable &rArr; sw_timebase_counter_update_all &rArr; sw_timebase_counter_update &rArr; sw_timebase_counter_set_status
</UL>
<BR>[Calls]<UL><LI><a href="#[81]">&gt;&gt;</a>&nbsp;&nbsp;&nbsp;sw_timebase_variable_sync
<LI><a href="#[71]">&gt;&gt;</a>&nbsp;&nbsp;&nbsp;sw_timebase_counter_ss_update_all
<LI><a href="#[7e]">&gt;&gt;</a>&nbsp;&nbsp;&nbsp;sw_timebase_counter_update_all
</UL>
<BR>[Called By]<UL><LI><a href="#[31]">&gt;&gt;</a>&nbsp;&nbsp;&nbsp;App_Main_Loop
</UL>

<P><STRONG><a name="[58]"></a>sw_timebase_struct_init</STRONG> (Thumb, 316 bytes, Stack size 32 bytes, sw_timebase.o(.text.sw_timebase_struct_init))
<BR><BR>[Stack]<UL><LI>Max Depth = 32<LI>Call Chain = sw_timebase_struct_init
</UL>
<BR>[Called By]<UL><LI><a href="#[3d]">&gt;&gt;</a>&nbsp;&nbsp;&nbsp;sw_timebase_Init
</UL>

<P><STRONG><a name="[81]"></a>sw_timebase_variable_sync</STRONG> (Thumb, 64 bytes, Stack size 16 bytes, sw_timebase.o(.text.sw_timebase_variable_sync))
<BR><BR>[Stack]<UL><LI>Max Depth = 16<LI>Call Chain = sw_timebase_variable_sync
</UL>
<BR>[Calls]<UL><LI><a href="#[83]">&gt;&gt;</a>&nbsp;&nbsp;&nbsp;sw_timebase_atomic_operation_end
<LI><a href="#[82]">&gt;&gt;</a>&nbsp;&nbsp;&nbsp;sw_timebase_atomic_operation_start
</UL>
<BR>[Called By]<UL><LI><a href="#[32]">&gt;&gt;</a>&nbsp;&nbsp;&nbsp;sw_timebase_main_loop_executable
</UL>
<P>
<H3>
Local Symbols
</H3>
<P><STRONG><a name="[7f]"></a>__NVIC_SetPriority</STRONG> (Thumb, 124 bytes, Stack size 24 bytes, sw_timebase.o(.text.__NVIC_SetPriority))
<BR><BR>[Stack]<UL><LI>Max Depth = 24<LI>Call Chain = __NVIC_SetPriority
</UL>
<BR>[Called By]<UL><LI><a href="#[59]">&gt;&gt;</a>&nbsp;&nbsp;&nbsp;sw_timebase_enable
</UL>

<P><STRONG><a name="[80]"></a>__NVIC_EnableIRQ</STRONG> (Thumb, 40 bytes, Stack size 4 bytes, sw_timebase.o(.text.__NVIC_EnableIRQ))
<BR><BR>[Stack]<UL><LI>Max Depth = 4<LI>Call Chain = __NVIC_EnableIRQ
</UL>
<BR>[Called By]<UL><LI><a href="#[59]">&gt;&gt;</a>&nbsp;&nbsp;&nbsp;sw_timebase_enable
</UL>

<P><STRONG><a name="[55]"></a>_period_ss_expired_condition</STRONG> (Thumb, 56 bytes, Stack size 16 bytes, sw_timebase.o(.text._period_ss_expired_condition))
<BR><BR>[Stack]<UL><LI>Max Depth = 60<LI>Call Chain = _period_ss_expired_condition &rArr; sw_timebase_counter_ss_get_remaining_period_value &rArr; sw_timebase_counter_ss_get_target_value
</UL>
<BR>[Calls]<UL><LI><a href="#[56]">&gt;&gt;</a>&nbsp;&nbsp;&nbsp;sw_timebase_counter_ss_get_remaining_period_value
<LI><a href="#[57]">&gt;&gt;</a>&nbsp;&nbsp;&nbsp;sw_timebase_counter_ss_get_period_status_flag
</UL>
<BR>[Called By]<UL><LI><a href="#[33]">&gt;&gt;</a>&nbsp;&nbsp;&nbsp;sw_timebase_counter_ss_period_value_expired_event
</UL>

<P><STRONG><a name="[46]"></a>__NVIC_EnableIRQ</STRONG> (Thumb, 40 bytes, Stack size 4 bytes, debug.o(.text.__NVIC_EnableIRQ))
<BR><BR>[Stack]<UL><LI>Max Depth = 4<LI>Call Chain = __NVIC_EnableIRQ
</UL>
<BR>[Called By]<UL><LI><a href="#[45]">&gt;&gt;</a>&nbsp;&nbsp;&nbsp;Debug_Timer_Init
<LI><a href="#[44]">&gt;&gt;</a>&nbsp;&nbsp;&nbsp;Debug_Reg_Init
</UL>

<P><STRONG><a name="[47]"></a>__NVIC_SetPriority</STRONG> (Thumb, 124 bytes, Stack size 24 bytes, debug.o(.text.__NVIC_SetPriority))
<BR><BR>[Stack]<UL><LI>Max Depth = 24<LI>Call Chain = __NVIC_SetPriority
</UL>
<BR>[Called By]<UL><LI><a href="#[45]">&gt;&gt;</a>&nbsp;&nbsp;&nbsp;Debug_Timer_Init
<LI><a href="#[44]">&gt;&gt;</a>&nbsp;&nbsp;&nbsp;Debug_Reg_Init
</UL>
<P>
<H3>
Undefined Global Symbols
</H3>
<P><STRONG><a name="[2f]"></a>_call_atexit_fns</STRONG> (ARM, 0 bytes, Stack size 0 bytes, UNDEFINED)
<BR><BR>[Called By]<UL><LI><a href="#[28]">&gt;&gt;</a>&nbsp;&nbsp;&nbsp;exit
</UL>
<HR></body></html>
