<html>
<body>
<pre>
<h1>µVision Build Log</h1>
<h2>Tool Versions:</h2>
IDE-Version: µVision V5.39.0.0
Copyright (C) 2023 ARM Ltd and ARM Germany GmbH. All rights reserved.
License Information: de ee
ee
User-based license: Keil MDK Community (non-commercial free of charge)
Valid until: Jun 1 2033. Cached until: Nov 11 2025
 
Tool Versions:
Toolchain:       Keil MDK Community (non-commercial free of charge  Version: 5.39.0.0
Toolchain Path:  C:\Keil_v5\ARM\ARMCLANG\Bin
C Compiler:      ArmClang.exe V6.21
Assembler:       Armasm.exe V6.21
Linker/Locator:  ArmLink.exe V6.21
Library Manager: ArmAr.exe V6.21
Hex Converter:   FromElf.exe V6.21
CPU DLL:         SARMCM3.DLL V5.39.0.0
Dialog DLL:      DARMCM1.DLL V1.19.6.0
Target DLL:      STLink\ST-LINKIII-KEIL_SWO.dll V3.2.0.0
Dialog DLL:      TARMCM1.DLL V1.14.6.0
 
<h2>Project:</h2>
E:\stm32g030f6p6_custom_library\custom_library.uvprojx
Project File Date:  11/06/2025

<h2>Output:</h2>
*** Using Compiler 'V6.21', folder: 'C:\Keil_v5\ARM\ARMCLANG\Bin'
Rebuild target 'stm32g030f6p6'
assembling startup_stm32g030xx.s...
compiling gpio.c...
compiling main.c...
compiling flash.c...
crc32.c(42): warning: mixing declarations and code is incompatible with standards before C99 [-Wdeclaration-after-statement]
   42 |     uint32_t endAddr = startAddr + length;
      |              ^
crc32.c(28): warning: unsafe buffer access [-Wunsafe-buffer-usage]
   28 |         CRC->DR = data[i];
      |                   ^~~~
2 warnings generated.
compiling crc32.c...
compiling app.c...
sw_timebase.c(7): warning: anonymous structs are a C11 extension [-Wc11-extensions]
    7 |   struct {
      |   ^
sw_timebase.c(39): warning: padding struct 'struct sw_timebase_counter_t' with 3 bytes to align 'end_value' [-Wpadded]
   39 |         uint32_t        end_value;
      |                         ^
sw_timebase.c(27): warning: padding struct 'struct sw_timebase_time_t' with 2 bytes to align 'seconds' [-Wpadded]
   27 |         volatile        uint32_t        seconds;                                                                                                                                        //This will change at main loop
      |                                         ^
sw_timebase.c(29): warning: padding struct 'struct sw_timebase_time_t' with 2 bytes to align 'shadow_seconds' [-Wpadded]
   29 |         volatile        uint32_t        shadow_seconds;                                                                                                         //This will change during interrupt happen
      |                                         ^
sw_timebase.c(24): warning: padding size of 'struct sw_timebase_time_t' with 3 bytes to alignment boundary [-Wpadded]
   24 | typedef struct sw_timebase_time_t{
      |                ^
sw_timebase.c(57): warning: padding struct 'struct sw_timebase_t' with 3 bytes to align 'sw_counter' [-Wpadded]
   57 |         sw_timebase_counter_t sw_counter[TIMEBASE_COUNTER];
      |                               ^
sw_timebase.c(146): warning: unused parameter 'timer_num' [-Wunused-parameter]
  146 | void sw_timebase_disable(uint8_t timer_num){
      |                                  ^
sw_timebase.c(195): warning: no previous prototype for function 'TIM17_IRQHandler' [-Wmissing-prototypes]
  195 | void TIM17_IRQHandler(void){
      |      ^
sw_timebase.c(195): note: declare 'static' if the function is not intended to be used outside of this translation unit
  195 | void TIM17_IRQHandler(void){
      | ^
      | static 
sw_timebase.c(101): warning: no previous extern declaration for non-static variable 'sw_timebase_type' [-Wmissing-variable-declarations]
  101 | sw_timebase_t           sw_timebase_type;
      |                         ^
sw_timebase.c(101): note: declare 'static' if the variable is not intended to be used outside of this translation unit
  101 | sw_timebase_t           sw_timebase_type;
      | ^
sw_timebase.c(102): warning: no previous extern declaration for non-static variable 'sw_timebase' [-Wmissing-variable-declarations]
  102 | sw_timebase_t*  sw_timebase;
      |                 ^
sw_timebase.c(102): note: declare 'static' if the variable is not intended to be used outside of this translation unit
  102 | sw_timebase_t*  sw_timebase;
      | ^
sw_timebase.c(119): warning: unsafe buffer access [-Wunsafe-buffer-usage]
  119 |                 sw_timebase->sw_counter[i].status.StatusByte = 0;
      |                 ^~~~~~~~~~~~~~~~~~~~~~~
sw_timebase.c(319): warning: unsafe buffer access [-Wunsafe-buffer-usage]
  319 |     return sw_timebase->sw_counter[index].status.Value;
      |            ^~~~~~~~~~~~~~~~~~~~~~~
sw_timebase.c(323): warning: unsafe buffer access [-Wunsafe-buffer-usage]
  323 |     sw_timebase->sw_counter[index].status.Value = value; // 4-bit mask
      |     ^~~~~~~~~~~~~~~~~~~~~~~
sw_timebase.c(327): warning: unsafe buffer access [-Wunsafe-buffer-usage]
  327 |     return sw_timebase->sw_counter[index].status.PeriodFlag;
      |            ^~~~~~~~~~~~~~~~~~~~~~~
sw_timebase.c(331): warning: unsafe buffer access [-Wunsafe-buffer-usage]
  331 |     sw_timebase->sw_counter[index].status.PeriodFlag = (value != 0) ? 1 : 0;
      |     ^~~~~~~~~~~~~~~~~~~~~~~
sw_timebase.c(335): warning: unsafe buffer access [-Wunsafe-buffer-usage]
  335 |     sw_timebase->sw_counter[index].status.PeriodFlag = 0;
      |     ^~~~~~~~~~~~~~~~~~~~~~~
sw_timebase.c(340): warning: unsafe buffer access [-Wunsafe-buffer-usage]
  340 |     return sw_timebase->sw_counter[index].value;
      |            ^~~~~~~~~~~~~~~~~~~~~~~
sw_timebase.c(344): warning: unsafe buffer access [-Wunsafe-buffer-usage]
  344 |     sw_timebase->sw_counter[index].value = value;
      |     ^~~~~~~~~~~~~~~~~~~~~~~
sw_timebase.c(348): warning: unsafe buffer access [-Wunsafe-buffer-usage]
  348 |     return sw_timebase->sw_counter[index].end_value;
      |            ^~~~~~~~~~~~~~~~~~~~~~~
sw_timebase.c(352): warning: unsafe buffer access [-Wunsafe-buffer-usage]
  352 |     sw_timebase->sw_counter[index].end_value = value;
      |     ^~~~~~~~~~~~~~~~~~~~~~~
sw_timebase.c(356): warning: unsafe buffer access [-Wunsafe-buffer-usage]
  356 |     return sw_timebase->sw_counter[index].period_value;
      |            ^~~~~~~~~~~~~~~~~~~~~~~
sw_timebase.c(360): warning: unsafe buffer access [-Wunsafe-buffer-usage]
  360 |     sw_timebase->sw_counter[index].period_value = value;
      |     ^~~~~~~~~~~~~~~~~~~~~~~
sw_timebase.c(364): warning: unsafe buffer access [-Wunsafe-buffer-usage]
  364 |     return sw_timebase->sw_counter[index].reload_value;
      |            ^~~~~~~~~~~~~~~~~~~~~~~
sw_timebase.c(368): warning: unsafe buffer access [-Wunsafe-buffer-usage]
  368 |     sw_timebase->sw_counter[index].reload_value = value;
      |     ^~~~~~~~~~~~~~~~~~~~~~~
sw_timebase.c(372): warning: unsafe buffer access [-Wunsafe-buffer-usage]
  372 |     return sw_timebase->sw_counter[index].target;
      |            ^~~~~~~~~~~~~~~~~~~~~~~
sw_timebase.c(376): warning: unsafe buffer access [-Wunsafe-buffer-usage]
  376 |     sw_timebase->sw_counter[index].target = value;
      |     ^~~~~~~~~~~~~~~~~~~~~~~
sw_timebase.c(380): warning: unsafe buffer access [-Wunsafe-buffer-usage]
  380 |     return sw_timebase->sw_counter[index].temporary;
      |            ^~~~~~~~~~~~~~~~~~~~~~~
sw_timebase.c(384): warning: unsafe buffer access [-Wunsafe-buffer-usage]
  384 |     sw_timebase->sw_counter[index].temporary = value;
      |     ^~~~~~~~~~~~~~~~~~~~~~~
28 warnings generated.
compiling sw_timebase.c...
RTE/Device/STM32G030F6Px/system_stm32g0xx.c(286): warning: unsafe buffer access [-Wunsafe-buffer-usage]
  286 |   tmp = AHBPrescTable[((RCC->CFGR & RCC_CFGR_HPRE) >> RCC_CFGR_HPRE_Pos)];
      |         ^~~~~~~~~~~~~
1 warning generated.
compiling system_stm32g0xx.c...
linking...
Program Size: Code=2900 RO-data=208 RW-data=0 ZI-data=2368  
".\Objects\custom_library.axf" - 0 Error(s), 31 Warning(s).

<h2>Software Packages used:</h2>

Package Vendor: ARM
                http://www.keil.com/pack/ARM.CMSIS.5.9.0.pack
                ARM::CMSIS@5.9.0
                CMSIS (Common Microcontroller Software Interface Standard)
   * Component: CORE Version: 5.6.0

Package Vendor: Keil
                https://www.keil.com/pack/Keil.STM32G0xx_DFP.1.5.0.pack
                Keil::STM32G0xx_DFP@1.5.0
                STMicroelectronics STM32G0 Series Device Support
   * Component: Startup Version: 1.4.2

<h2>Collection of Component include folders:</h2>
  ./RTE/_stm32g030f6p6
  C:/Users/WALTON/AppData/Local/Arm/Packs/ARM/CMSIS/5.9.0/CMSIS/Core/Include
  C:/Users/WALTON/AppData/Local/Arm/Packs/Keil/STM32G0xx_DFP/1.5.0/Drivers/CMSIS/Device/ST/STM32G0xx/Include

<h2>Collection of Component Files used:</h2>

   * Component: ARM::CMSIS:CORE@5.6.0

   * Component: Keil::Device:Startup@1.4.2
      Source file:   Drivers/CMSIS/Device/ST/STM32G0xx/Source/Templates/arm/startup_stm32g030xx.s
      Source file:   MDK/Device/Source/ARM/STM32G0x0_SB_OPT.s
      Source file:   MDK/Device/Source/ARM/STM32G0x0_DB_OPT.s
      Include file:  Drivers/CMSIS/Device/ST/STM32G0xx/Include/stm32g0xx.h
      Source file:   Drivers/CMSIS/Device/ST/STM32G0xx/Source/Templates/system_stm32g0xx.c
Build Time Elapsed:  00:00:01
</pre>
</body>
</html>
