Component: Arm Compiler for Embedded 6.21 Tool: armlink [5ec1fa00]

==============================================================================

Section Cross References

    main.o(.text.main) refers to app.o(.text.App_Setup) for App_Setup
    main.o(.text.main) refers to app.o(.text.App_Main_Loop) for App_Main_Loop
    main.o(.ARM.exidx.text.main) refers to main.o(.text.main) for [Anonymous Symbol]
    flash.o(.text.flash_erase_page) refers to flash.o(.text.flash_clear_flags) for flash_clear_flags
    flash.o(.text.flash_erase_page) refers to flash.o(.text.flash_unlock) for flash_unlock
    flash.o(.text.flash_erase_page) refers to flash.o(.text.flash_lock) for flash_lock
    flash.o(.ARM.exidx.text.flash_erase_page) refers to flash.o(.text.flash_erase_page) for [Anonymous Symbol]
    flash.o(.ARM.exidx.text.flash_clear_flags) refers to flash.o(.text.flash_clear_flags) for [Anonymous Symbol]
    flash.o(.ARM.exidx.text.flash_unlock) refers to flash.o(.text.flash_unlock) for [Anonymous Symbol]
    flash.o(.ARM.exidx.text.flash_lock) refers to flash.o(.text.flash_lock) for [Anonymous Symbol]
    gpio.o(.ARM.exidx.text.GPIO_Init) refers to gpio.o(.text.GPIO_Init) for [Anonymous Symbol]
    gpio.o(.ARM.exidx.text.GPIO_SetPin) refers to gpio.o(.text.GPIO_SetPin) for [Anonymous Symbol]
    gpio.o(.ARM.exidx.text.GPIO_ResetPin) refers to gpio.o(.text.GPIO_ResetPin) for [Anonymous Symbol]
    gpio.o(.ARM.exidx.text.GPIO_TogglePin) refers to gpio.o(.text.GPIO_TogglePin) for [Anonymous Symbol]
    gpio.o(.ARM.exidx.text.GPIO_ReadPin) refers to gpio.o(.text.GPIO_ReadPin) for [Anonymous Symbol]
    app.o(.text.LED_Blink_Callback) refers to gpio.o(.text.GPIO_TogglePin) for GPIO_TogglePin
    app.o(.ARM.exidx.text.LED_Blink_Callback) refers to app.o(.text.LED_Blink_Callback) for [Anonymous Symbol]
    app.o(.text.App_Setup) refers to gpio.o(.text.GPIO_Init) for GPIO_Init
    app.o(.text.App_Setup) refers to gpio.o(.text.GPIO_SetPin) for GPIO_SetPin
    app.o(.text.App_Setup) refers to timebase.o(.text.Timebase_Init) for Timebase_Init
    app.o(.text.App_Setup) refers to timebase.o(.text.Timebase_DownCounter_Set_Securely) for Timebase_DownCounter_Set_Securely
    app.o(.ARM.exidx.text.App_Setup) refers to app.o(.text.App_Setup) for [Anonymous Symbol]
    app.o(.text.App_Main_Loop) refers to timebase.o(.text.Timebase_Main_Loop_Executables) for Timebase_Main_Loop_Executables
    app.o(.text.App_Main_Loop) refers to timebase.o(.text.Timebase_DownCounter_Expired_Event) for Timebase_DownCounter_Expired_Event
    app.o(.text.App_Main_Loop) refers to gpio.o(.text.GPIO_TogglePin) for GPIO_TogglePin
    app.o(.text.App_Main_Loop) refers to timebase.o(.text.Timebase_DownCounter_Set_Forcefully) for Timebase_DownCounter_Set_Forcefully
    app.o(.ARM.exidx.text.App_Main_Loop) refers to app.o(.text.App_Main_Loop) for [Anonymous Symbol]
    crc32.o(.ARM.exidx.text.CRC32_Init) refers to crc32.o(.text.CRC32_Init) for [Anonymous Symbol]
    crc32.o(.text.CRC32_Calculate) refers to crc32.o(.text.CRC32_Init) for CRC32_Init
    crc32.o(.ARM.exidx.text.CRC32_Calculate) refers to crc32.o(.text.CRC32_Calculate) for [Anonymous Symbol]
    crc32.o(.text.CRC32_MemoryRange) refers to crc32.o(.text.CRC32_Init) for CRC32_Init
    crc32.o(.ARM.exidx.text.CRC32_MemoryRange) refers to crc32.o(.text.CRC32_MemoryRange) for [Anonymous Symbol]
    timebase.o(.text.Timebase_Struct_Init) refers to timebase.o(.bss.Timebase) for Timebase
    timebase.o(.text.Timebase_Struct_Init) refers to timebase.o(.bss.Timebase_type) for Timebase_type
    timebase.o(.ARM.exidx.text.Timebase_Struct_Init) refers to timebase.o(.text.Timebase_Struct_Init) for [Anonymous Symbol]
    timebase.o(.text.Timebase_Timer_Enable) refers to aeabi_sdiv.o(.text) for __aeabi_uidiv
    timebase.o(.text.Timebase_Timer_Enable) refers to timebase.o(.text.__NVIC_SetPriority) for __NVIC_SetPriority
    timebase.o(.text.Timebase_Timer_Enable) refers to timebase.o(.text.__NVIC_EnableIRQ) for __NVIC_EnableIRQ
    timebase.o(.text.Timebase_Timer_Enable) refers to timebase.o(.bss.Timebase) for Timebase
    timebase.o(.ARM.exidx.text.Timebase_Timer_Enable) refers to timebase.o(.text.Timebase_Timer_Enable) for [Anonymous Symbol]
    timebase.o(.ARM.exidx.text.__NVIC_SetPriority) refers to timebase.o(.text.__NVIC_SetPriority) for [Anonymous Symbol]
    timebase.o(.ARM.exidx.text.__NVIC_EnableIRQ) refers to timebase.o(.text.__NVIC_EnableIRQ) for [Anonymous Symbol]
    timebase.o(.ARM.exidx.text.Timebase_Timer_Disable) refers to timebase.o(.text.Timebase_Timer_Disable) for [Anonymous Symbol]
    timebase.o(.ARM.exidx.text.Timebase_Atomic_Operation_Start) refers to timebase.o(.text.Timebase_Atomic_Operation_Start) for [Anonymous Symbol]
    timebase.o(.ARM.exidx.text.Timebase_Atomic_Operation_End) refers to timebase.o(.text.Timebase_Atomic_Operation_End) for [Anonymous Symbol]
    timebase.o(.text.TIM17_IRQHandler) refers to timebase.o(.text.Timebase_ISR_Executables) for Timebase_ISR_Executables
[...]
    timebase.o(.text.Timebase_DownCounter_Continuous_Expired_Event) refers to timebase.o(.text.Timebase_DownCounter_Set_Securely) for Timebase_DownCounter_Set_Securely
    timebase.o(.ARM.exidx.text.Timebase_DownCounter_Continuous_Expired_Event) refers to timebase.o(.text.Timebase_DownCounter_Continuous_Expired_Event) for [Anonymous Symbol]
    timebase.o(.text.Timebase_DownCounter_Update_All) refers to timebase.o(.text.Timebase_DownCounter_Update) for Timebase_DownCounter_Update
    timebase.o(.ARM.exidx.text.Timebase_DownCounter_Update_All) refers to timebase.o(.text.Timebase_DownCounter_Update_All) for [Anonymous Symbol]
    timebase.o(.text.Timebase_DownCounter_Reset_All) refers to timebase.o(.text.Timebase_DownCounter_Reset) for Timebase_DownCounter_Reset
    timebase.o(.ARM.exidx.text.Timebase_DownCounter_Reset_All) refers to timebase.o(.text.Timebase_DownCounter_Reset_All) for [Anonymous Symbol]
    timebase.o(.text.Timebase_Get_Update_Req_Sts) refers to timebase.o(.bss.Timebase) for Timebase
    timebase.o(.ARM.exidx.text.Timebase_Get_Update_Req_Sts) refers to timebase.o(.text.Timebase_Get_Update_Req_Sts) for [Anonymous Symbol]
    timebase.o(.text.Timebase_Reset) refers to timebase.o(.text.Timebase_DownCounter_SS_Reset_All) for Timebase_DownCounter_SS_Reset_All
    timebase.o(.text.Timebase_Reset) refers to timebase.o(.text.Timebase_DownCounter_Reset_All) for Timebase_DownCounter_Reset_All
    timebase.o(.ARM.exidx.text.Timebase_Reset) refers to timebase.o(.text.Timebase_Reset) for [Anonymous Symbol]
    timebase.o(.ARM.exidx.text.Timebase_LP_Reset) refers to timebase.o(.text.Timebase_LP_Reset) for [Anonymous Symbol]
    timebase.o(.text.Timebase_Init) refers to timebase.o(.text.Timebase_Struct_Init) for Timebase_Struct_Init
    timebase.o(.text.Timebase_Init) refers to timebase.o(.text.Timebase_Timer_Enable) for Timebase_Timer_Enable
    timebase.o(.text.Timebase_Init) refers to timebase.o(.text.Timebase_Reset) for Timebase_Reset
    timebase.o(.ARM.exidx.text.Timebase_Init) refers to timebase.o(.text.Timebase_Init) for [Anonymous Symbol]
    timebase.o(.text.Timebase_Main_Loop_Executables) refers to timebase.o(.text.Timebase_Timer_Sync_With_Shadow_Variables) for Timebase_Timer_Sync_With_Shadow_Variables
    timebase.o(.text.Timebase_Main_Loop_Executables) refers to timebase.o(.text.Timebase_DownCounter_SS_Update_All) for Timebase_DownCounter_SS_Update_All
    timebase.o(.text.Timebase_Main_Loop_Executables) refers to timebase.o(.text.Timebase_DownCounter_Update_All) for Timebase_DownCounter_Update_All
    timebase.o(.text.Timebase_Main_Loop_Executables) refers to timebase.o(.bss.Timebase) for Timebase
    timebase.o(.ARM.exidx.text.Timebase_Main_Loop_Executables) refers to timebase.o(.text.Timebase_Main_Loop_Executables) for [Anonymous Symbol]
    timebase.o(.ARM.exidx.text.Timebase_LP_ISR_Executables) refers to timebase.o(.text.Timebase_LP_ISR_Executables) for [Anonymous Symbol]
    startup_stm32g030xx.o(STACK) refers (Special) to heapauxi.o(.text) for __use_two_region_memory
    startup_stm32g030xx.o(HEAP) refers (Special) to heapauxi.o(.text) for __use_two_region_memory
    startup_stm32g030xx.o(RESET) refers (Special) to heapauxi.o(.text) for __use_two_region_memory
    startup_stm32g030xx.o(RESET) refers to startup_stm32g030xx.o(STACK) for __initial_sp
    startup_stm32g030xx.o(RESET) refers to startup_stm32g030xx.o(.text) for Reset_Handler
    startup_stm32g030xx.o(RESET) refers to timebase.o(.text.TIM17_IRQHandler) for TIM17_IRQHandler
    startup_stm32g030xx.o(.text) refers (Special) to heapauxi.o(.text) for __use_two_region_memory
    startup_stm32g030xx.o(.text) refers to system_stm32g0xx.o(.text.SystemInit) for SystemInit
    startup_stm32g030xx.o(.text) refers to __main.o(!!!main) for __main
    startup_stm32g030xx.o(.text) refers to startup_stm32g030xx.o(HEAP) for Heap_Mem
    startup_stm32g030xx.o(.text) refers to startup_stm32g030xx.o(STACK) for Stack_Mem
    system_stm32g0xx.o(.ARM.exidx.text.SystemInit) refers to system_stm32g0xx.o(.text.SystemInit) for [Anonymous Symbol]
    system_stm32g0xx.o(.text.SystemCoreClockUpdate) refers to aeabi_sdiv.o(.text) for __aeabi_uidiv
    system_stm32g0xx.o(.text.SystemCoreClockUpdate) refers to system_stm32g0xx.o(.data.SystemCoreClock) for SystemCoreClock
    system_stm32g0xx.o(.text.SystemCoreClockUpdate) refers to system_stm32g0xx.o(.rodata.AHBPrescTable) for AHBPrescTable
    system_stm32g0xx.o(.ARM.exidx.text.SystemCoreClockUpdate) refers to system_stm32g0xx.o(.text.SystemCoreClockUpdate) for [Anonymous Symbol]
    __main.o(!!!main) refers to __rtentry.o(.ARM.Collect$$rtentry$$00000000) for __rt_entry
    __rtentry.o(.ARM.Collect$$rtentry$$00000000) refers (Special) to __rtentry2.o(.ARM.Collect$$rtentry$$0000000A) for __rt_entry_li
    __rtentry.o(.ARM.Collect$$rtentry$$00000000) refers (Special) to __rtentry2.o(.ARM.Collect$$rtentry$$0000000D) for __rt_entry_main
    __rtentry.o(.ARM.Collect$$rtentry$$00000000) refers (Special) to __rtentry2.o(.ARM.Collect$$rtentry$$0000000C) for __rt_entry_postli_1
    __rtentry.o(.ARM.Collect$$rtentry$$00000000) refers (Special) to __rtentry2.o(.ARM.Collect$$rtentry$$00000009) for __rt_entry_postsh_1
    __rtentry.o(.ARM.Collect$$rtentry$$00000000) refers (Special) to __rtentry2.o(.ARM.Collect$$rtentry$$00000002) for __rt_entry_presh_1
    __rtentry.o(.ARM.Collect$$rtentry$$00000000) refers (Special) to __rtentry4.o(.ARM.Collect$$rtentry$$00000004) for __rt_entry_sh
    aeabi_idiv0_sigfpe.o(.text) refers to rt_div0.o(.text) for __rt_div0
    __rtentry2.o(.ARM.Collect$$rtentry$$00000008) refers to boardinit2.o(.text) for _platform_post_stackheap_init
    __rtentry2.o(.ARM.Collect$$rtentry$$0000000A) refers to libinit.o(.ARM.Collect$$libinit$$00000000) for __rt_lib_init
    __rtentry2.o(.ARM.Collect$$rtentry$$0000000B) refers to boardinit3.o(.text) for _platform_post_lib_init
    __rtentry2.o(.ARM.Collect$$rtentry$$0000000D) refers to main.o(.text.main) for main
    __rtentry2.o(.ARM.Collect$$rtentry$$0000000D) refers to exit.o(.text) for exit
    __rtentry2.o(.ARM.exidx) refers to __rtentry2.o(.ARM.Collect$$rtentry$$00000001) for .ARM.Collect$$rtentry$$00000001
    __rtentry2.o(.ARM.exidx) refers to __rtentry2.o(.ARM.Collect$$rtentry$$00000008) for .ARM.Collect$$rtentry$$00000008
    __rtentry2.o(.ARM.exidx) refers to __rtentry2.o(.ARM.Collect$$rtentry$$0000000A) for .ARM.Collect$$rtentry$$0000000A
    __rtentry2.o(.ARM.exidx) refers to __rtentry2.o(.ARM.Collect$$rtentry$$0000000B) for .ARM.Collect$$rtentry$$0000000B
    __rtentry2.o(.ARM.exidx) refers to __rtentry2.o(.ARM.Collect$$rtentry$$0000000D) for .ARM.Collect$$rtentry$$0000000D
    __rtentry4.o(.ARM.Collect$$rtentry$$00000004) refers to sys_stackheap_outer.o(.text) for __user_setup_stackheap
    __rtentry4.o(.ARM.exidx) refers to __rtentry4.o(.ARM.Collect$$rtentry$$00000004) for .ARM.Collect$$rtentry$$00000004
    rt_div0.o(.text) refers to defsig_fpe_outer.o(.text) for __rt_SIGFPE
    sys_stackheap_outer.o(.text) refers to libspace.o(.text) for __user_perproc_libspace
    sys_stackheap_outer.o(.text) refers to startup_stm32g030xx.o(.text) for __user_initial_stackheap
    sys_stackheap_outer.o(__vectab_stack_and_reset_area) refers to tempstk.o(.text) for __temporary_stack_top
    sys_stackheap_outer.o(__vectab_stack_and_reset_area) refers to __main.o(!!!main) for __main
    exit.o(.text) refers to rtexit.o(.ARM.Collect$$rtexit$$00000000) for __rt_exit
    defsig_fpe_outer.o(.text) refers to defsig_fpe_inner.o(.text) for __rt_SIGFPE_inner
    defsig_fpe_outer.o(.text) refers to defsig_exit.o(.text) for __sig_exit
    defsig_fpe_formal.o(.text) refers to rt_raise.o(.text) for __rt_raise
    libinit.o(.ARM.Collect$$libinit$$00000000) refers (Special) to libinit2.o(.ARM.Collect$$libinit$$00000030) for __rt_lib_init_alloca_1
    libinit.o(.ARM.Collect$$libinit$$00000000) refers (Special) to libinit2.o(.ARM.Collect$$libinit$$0000002E) for __rt_lib_init_argv_1
    libinit.o(.ARM.Collect$$libinit$$00000000) refers (Special) to libinit2.o(.ARM.Collect$$libinit$$0000001D) for __rt_lib_init_atexit_1
    libinit.o(.ARM.Collect$$libinit$$00000000) refers (Special) to libinit2.o(.ARM.Collect$$libinit$$00000023) for __rt_lib_init_clock_1
    libinit.o(.ARM.Collect$$libinit$$00000000) refers (Special) to libinit2.o(.ARM.Collect$$libinit$$00000034) for __rt_lib_init_cpp_1
    libinit.o(.ARM.Collect$$libinit$$00000000) refers (Special) to libinit2.o(.ARM.Collect$$libinit$$00000032) for __rt_lib_init_exceptions_1
    libinit.o(.ARM.Collect$$libinit$$00000000) refers (Special) to libinit2.o(.ARM.Collect$$libinit$$00000002) for __rt_lib_init_fp_1
    libinit.o(.ARM.Collect$$libinit$$00000000) refers (Special) to libinit2.o(.ARM.Collect$$libinit$$00000021) for __rt_lib_init_fp_trap_1
    libinit.o(.ARM.Collect$$libinit$$00000000) refers (Special) to libinit2.o(.ARM.Collect$$libinit$$00000025) for __rt_lib_init_getenv_1
    libinit.o(.ARM.Collect$$libinit$$00000000) refers (Special) to libinit2.o(.ARM.Collect$$libinit$$0000000C) for __rt_lib_init_heap_1
    libinit.o(.ARM.Collect$$libinit$$00000000) refers (Special) to libinit2.o(.ARM.Collect$$libinit$$00000013) for __rt_lib_init_lc_collate_1
    libinit.o(.ARM.Collect$$libinit$$00000000) refers (Special) to libinit2.o(.ARM.Collect$$libinit$$00000015) for __rt_lib_init_lc_ctype_1
    libinit.o(.ARM.Collect$$libinit$$00000000) refers (Special) to libinit2.o(.ARM.Collect$$libinit$$00000017) for __rt_lib_init_lc_monetary_1
    libinit.o(.ARM.Collect$$libinit$$00000000) refers (Special) to libinit2.o(.ARM.Collect$$libinit$$00000019) for __rt_lib_init_lc_numeric_1
    libinit.o(.ARM.Collect$$libinit$$00000000) refers (Special) to libinit2.o(.ARM.Collect$$libinit$$0000001B) for __rt_lib_init_lc_time_1
    libinit.o(.ARM.Collect$$libinit$$00000000) refers (Special) to libinit2.o(.ARM.Collect$$libinit$$00000006) for __rt_lib_init_preinit_1
    libinit.o(.ARM.Collect$$libinit$$00000000) refers (Special) to libinit2.o(.ARM.Collect$$libinit$$00000010) for __rt_lib_init_rand_1
    libinit.o(.ARM.Collect$$libinit$$00000000) refers (Special) to libinit2.o(.ARM.Collect$$libinit$$00000004) for __rt_lib_init_relocate_pie_1
    libinit.o(.ARM.Collect$$libinit$$00000000) refers (Special) to libinit2.o(.ARM.Collect$$libinit$$00000035) for __rt_lib_init_return
    libinit.o(.ARM.Collect$$libinit$$00000000) refers (Special) to libinit2.o(.ARM.Collect$$libinit$$0000001F) for __rt_lib_init_signal_1
    libinit.o(.ARM.Collect$$libinit$$00000000) refers (Special) to libinit2.o(.ARM.Collect$$libinit$$00000027) for __rt_lib_init_stdio_1
    libinit.o(.ARM.Collect$$libinit$$00000000) refers (Special) to libinit2.o(.ARM.Collect$$libinit$$0000000E) for __rt_lib_init_user_alloc_1
    libspace.o(.text) refers to libspace.o(.bss) for __libspace_start
    rtexit.o(.ARM.Collect$$rtexit$$00000000) refers (Special) to rtexit2.o(.ARM.Collect$$rtexit$$00000004) for __rt_exit_exit
    rtexit.o(.ARM.Collect$$rtexit$$00000000) refers (Special) to rtexit2.o(.ARM.Collect$$rtexit$$00000003) for __rt_exit_ls
    rtexit.o(.ARM.Collect$$rtexit$$00000000) refers (Special) to rtexit2.o(.ARM.Collect$$rtexit$$00000002) for __rt_exit_prels_1
    rtexit.o(.ARM.exidx) refers (Special) to rtexit2.o(.ARM.Collect$$rtexit$$00000004) for __rt_exit_exit
    rtexit.o(.ARM.exidx) refers (Special) to rtexit2.o(.ARM.Collect$$rtexit$$00000003) for __rt_exit_ls
    rtexit.o(.ARM.exidx) refers (Special) to rtexit2.o(.ARM.Collect$$rtexit$$00000002) for __rt_exit_prels_1
    rtexit.o(.ARM.exidx) refers to rtexit.o(.ARM.Collect$$rtexit$$00000000) for .ARM.Collect$$rtexit$$00000000
    rt_raise.o(.text) refers to __raise.o(.text) for __raise
    rt_raise.o(.text) refers to sys_exit.o(.text) for _sys_exit
    defsig_exit.o(.text) refers to sys_exit.o(.text) for _sys_exit
    defsig_fpe_inner.o(.text) refers to defsig_general.o(.text) for __default_signal_display
    libinit2.o(.ARM.Collect$$libinit$$00000012) refers to libinit2.o(.ARM.Collect$$libinit$$00000011) for .ARM.Collect$$libinit$$00000011
    libinit2.o(.ARM.Collect$$libinit$$00000014) refers to libinit2.o(.ARM.Collect$$libinit$$00000011) for .ARM.Collect$$libinit$$00000011
    libinit2.o(.ARM.Collect$$libinit$$00000016) refers to libinit2.o(.ARM.Collect$$libinit$$00000011) for .ARM.Collect$$libinit$$00000011
    libinit2.o(.ARM.Collect$$libinit$$00000018) refers to libinit2.o(.ARM.Collect$$libinit$$00000011) for .ARM.Collect$$libinit$$00000011
    libinit2.o(.ARM.Collect$$libinit$$0000001A) refers to libinit2.o(.ARM.Collect$$libinit$$00000011) for .ARM.Collect$$libinit$$00000011
    libinit2.o(.ARM.Collect$$libinit$$00000028) refers to argv_veneer.o(.text) for __ARM_argv_veneer
    libinit2.o(.ARM.Collect$$libinit$$00000029) refers to argv_veneer.o(.text) for __ARM_argv_veneer
    sys_exit.o(.text) refers (Special) to use_no_semi.o(.text) for __I$use$semihosting
    sys_exit.o(.text) refers (Special) to indicate_semi.o(.text) for __semihosting_library_function
    sys_exit_hlt.o(.text) refers (Special) to use_no_semi.o(.text) for __I$use$semihosting
    sys_exit_hlt.o(.text) refers (Special) to indicate_semi.o(.text) for __semihosting_library_function
    rtexit2.o(.ARM.Collect$$rtexit$$00000003) refers to libshutdown.o(.ARM.Collect$$libshutdown$$00000000) for __rt_lib_shutdown
    rtexit2.o(.ARM.Collect$$rtexit$$00000004) refers to sys_exit.o(.text) for _sys_exit
    rtexit2.o(.ARM.exidx) refers to rtexit2.o(.ARM.Collect$$rtexit$$00000001) for .ARM.Collect$$rtexit$$00000001
    rtexit2.o(.ARM.exidx) refers to rtexit2.o(.ARM.Collect$$rtexit$$00000003) for .ARM.Collect$$rtexit$$00000003
    rtexit2.o(.ARM.exidx) refers to rtexit2.o(.ARM.Collect$$rtexit$$00000004) for .ARM.Collect$$rtexit$$00000004
    __raise.o(.text) refers to defsig.o(CL$$defsig) for __default_signal_handler
    defsig_general.o(.text) refers to sys_wrch.o(.text) for _ttywrch
    sys_wrch.o(.text) refers (Special) to use_no_semi.o(.text) for __I$use$semihosting
    sys_wrch.o(.text) refers (Special) to indicate_semi.o(.text) for __semihosting_library_function
    sys_wrch_hlt.o(.text) refers (Special) to use_no_semi.o(.text) for __I$use$semihosting
    sys_wrch_hlt.o(.text) refers (Special) to indicate_semi.o(.text) for __semihosting_library_function
    defsig.o(CL$$defsig) refers to defsig_fpe_inner.o(.text) for __rt_SIGFPE_inner
    defsig.o(CL$$defsig) refers to defsig_rtmem_inner.o(.text) for __rt_SIGRTMEM_inner
    _get_argv_nomalloc.o(.text) refers (Special) to hrguard.o(.text) for __heap_region$guard
    _get_argv_nomalloc.o(.text) refers to defsig_rtmem_outer.o(.text) for __rt_SIGRTMEM
    _get_argv_nomalloc.o(.text) refers to sys_command.o(.text) for _sys_command_string
    libshutdown.o(.ARM.Collect$$libshutdown$$00000000) refers (Special) to libshutdown2.o(.ARM.Collect$$libshutdown$$00000002) for __rt_lib_shutdown_cpp_1
    libshutdown.o(.ARM.Collect$$libshutdown$$00000000) refers (Special) to libshutdown2.o(.ARM.Collect$$libshutdown$$00000007) for __rt_lib_shutdown_fp_trap_1
    libshutdown.o(.ARM.Collect$$libshutdown$$00000000) refers (Special) to libshutdown2.o(.ARM.Collect$$libshutdown$$0000000F) for __rt_lib_shutdown_heap_1
    libshutdown.o(.ARM.Collect$$libshutdown$$00000000) refers (Special) to libshutdown2.o(.ARM.Collect$$libshutdown$$00000010) for __rt_lib_shutdown_return
    libshutdown.o(.ARM.Collect$$libshutdown$$00000000) refers (Special) to libshutdown2.o(.ARM.Collect$$libshutdown$$0000000A) for __rt_lib_shutdown_signal_1
    libshutdown.o(.ARM.Collect$$libshutdown$$00000000) refers (Special) to libshutdown2.o(.ARM.Collect$$libshutdown$$00000004) for __rt_lib_shutdown_stdio_1
    libshutdown.o(.ARM.Collect$$libshutdown$$00000000) refers (Special) to libshutdown2.o(.ARM.Collect$$libshutdown$$0000000C) for __rt_lib_shutdown_user_alloc_1
    sys_command.o(.text) refers (Special) to use_no_semi.o(.text) for __I$use$semihosting
    sys_command.o(.text) refers (Special) to indicate_semi.o(.text) for __semihosting_library_function
    sys_command_hlt.o(.text) refers (Special) to use_no_semi.o(.text) for __I$use$semihosting
    sys_command_hlt.o(.text) refers (Special) to indicate_semi.o(.text) for __semihosting_library_function
    defsig_abrt_inner.o(.text) refers to defsig_general.o(.text) for __default_signal_display
    defsig_rtred_inner.o(.text) refers to defsig_general.o(.text) for __default_signal_display
    defsig_rtmem_inner.o(.text) refers to defsig_general.o(.text) for __default_signal_display
    defsig_rtmem_outer.o(.text) refers to defsig_rtmem_inner.o(.text) for __rt_SIGRTMEM_inner
    defsig_rtmem_outer.o(.text) refers to defsig_exit.o(.text) for __sig_exit
    defsig_rtmem_formal.o(.text) refers to rt_raise.o(.text) for __rt_raise
    defsig_stak_inner.o(.text) refers to defsig_general.o(.text) for __default_signal_display
    defsig_pvfn_inner.o(.text) refers to defsig_general.o(.text) for __default_signal_display
    defsig_cppl_inner.o(.text) refers to defsig_general.o(.text) for __default_signal_display
    defsig_segv_inner.o(.text) refers to defsig_general.o(.text) for __default_signal_display
    defsig_other.o(.text) refers to defsig_general.o(.text) for __default_signal_display


==============================================================================

Removing Unused input sections from the image.

    Removing main.o(.text), (0 bytes).
    Removing main.o(.ARM.exidx.text.main), (8 bytes).
    Removing main.o(.ARM.use_no_argv), (4 bytes).
    Removing flash.o(.text), (0 bytes).
    Removing flash.o(.text.flash_erase_page), (136 bytes).
    Removing flash.o(.ARM.exidx.text.flash_erase_page), (8 bytes).
    Removing flash.o(.text.flash_clear_flags), (20 bytes).
    Removing flash.o(.ARM.exidx.text.flash_clear_flags), (8 bytes).
    Removing flash.o(.text.flash_unlock), (44 bytes).
    Removing flash.o(.ARM.exidx.text.flash_unlock), (8 bytes).
    Removing flash.o(.text.flash_lock), (20 bytes).
    Removing flash.o(.ARM.exidx.text.flash_lock), (8 bytes).
    Removing gpio.o(.text), (0 bytes).
    Removing gpio.o(.ARM.exidx.text.GPIO_Init), (8 bytes).
    Removing gpio.o(.ARM.exidx.text.GPIO_SetPin), (8 bytes).
    Removing gpio.o(.text.GPIO_ResetPin), (24 bytes).
    Removing gpio.o(.ARM.exidx.text.GPIO_ResetPin), (8 bytes).
    Removing gpio.o(.ARM.exidx.text.GPIO_TogglePin), (8 bytes).
    Removing gpio.o(.text.GPIO_ReadPin), (30 bytes).
    Removing gpio.o(.ARM.exidx.text.GPIO_ReadPin), (8 bytes).
    Removing app.o(.text), (0 bytes).
    Removing app.o(.text.LED_Blink_Callback), (20 bytes).
    Removing app.o(.ARM.exidx.text.LED_Blink_Callback), (8 bytes).
    Removing app.o(.ARM.exidx.text.App_Setup), (8 bytes).
    Removing app.o(.ARM.exidx.text.App_Main_Loop), (8 bytes).
    Removing app.o(.bss.t1), (1 bytes).
    Removing app.o(.bss.t2), (1 bytes).
    Removing crc32.o(.text), (0 bytes).
    Removing crc32.o(.text.CRC32_Init), (28 bytes).
    Removing crc32.o(.ARM.exidx.text.CRC32_Init), (8 bytes).
    Removing crc32.o(.text.CRC32_Calculate), (92 bytes).
    Removing crc32.o(.ARM.exidx.text.CRC32_Calculate), (8 bytes).
    Removing crc32.o(.text.CRC32_MemoryRange), (72 bytes).
    Removing crc32.o(.ARM.exidx.text.CRC32_MemoryRange), (8 bytes).
    Removing timebase.o(.text), (0 bytes).
    Removing timebase.o(.ARM.exidx.text.Timebase_Struct_Init), (8 bytes).
    Removing timebase.o(.ARM.exidx.text.Timebase_Timer_Enable), (8 bytes).
    Removing timebase.o(.ARM.exidx.text.__NVIC_SetPriority), (8 bytes).
    Removing timebase.o(.ARM.exidx.text.__NVIC_EnableIRQ), (8 bytes).
    Removing timebase.o(.text.Timebase_Timer_Disable), (2 bytes).
    Removing timebase.o(.ARM.exidx.text.Timebase_Timer_Disable), (8 bytes).
    Removing timebase.o(.ARM.exidx.text.Timebase_Atomic_Operation_Start), (8 bytes).
    Removing timebase.o(.ARM.exidx.text.Timebase_Atomic_Operation_End), (8 bytes).
    Removing timebase.o(.ARM.exidx.text.TIM17_IRQHandler), (8 bytes).
    Removing timebase.o(.ARM.exidx.text.Timebase_ISR_Executables), (8 bytes).
    Removing timebase.o(.text.Timebase_Timer_Get_SubSecondsShadow), (12 bytes).
    Removing timebase.o(.ARM.exidx.text.Timebase_Timer_Get_SubSecondsShadow), (8 bytes).
    Removing timebase.o(.text.Timebase_Timer_Get_SecondsUpTime), (12 bytes).
    Removing timebase.o(.ARM.exidx.text.Timebase_Timer_Get_SecondsUpTime), (8 bytes).
    Removing timebase.o(.text.Timebase_Timer_Get_SecondsShadow), (12 bytes).
    Removing timebase.o(.ARM.exidx.text.Timebase_Timer_Get_SecondsShadow), (8 bytes).
    Removing timebase.o(.ARM.exidx.text.Timebase_Timer_Get_SubSeconds), (8 bytes).
    Removing timebase.o(.ARM.exidx.text.Timebase_Timer_Get_Seconds), (8 bytes).
    Removing timebase.o(.text.Timebase_Timer_Set_SubSeconds), (24 bytes).
    Removing timebase.o(.ARM.exidx.text.Timebase_Timer_Set_SubSeconds), (8 bytes).
    Removing timebase.o(.text.Timebase_Timer_Set_SubSecondsShadow), (32 bytes).
    Removing timebase.o(.ARM.exidx.text.Timebase_Timer_Set_SubSecondsShadow), (8 bytes).
    Removing timebase.o(.text.Timebase_Timer_Set_SubSecondsUpTime), (32 bytes).
    Removing timebase.o(.ARM.exidx.text.Timebase_Timer_Set_SubSecondsUpTime), (8 bytes).
    Removing timebase.o(.text.Timebase_Timer_Set_Seconds), (20 bytes).
    Removing timebase.o(.ARM.exidx.text.Timebase_Timer_Set_Seconds), (8 bytes).
    Removing timebase.o(.text.Timebase_Timer_Get_SubSecondsShadow_Securely), (48 bytes).
    Removing timebase.o(.ARM.exidx.text.Timebase_Timer_Get_SubSecondsShadow_Securely), (8 bytes).
    Removing timebase.o(.text.Timebase_Timer_Get_SubSecondsUpTime_Securely), (44 bytes).
    Removing timebase.o(.ARM.exidx.text.Timebase_Timer_Get_SubSecondsUpTime_Securely), (8 bytes).
    Removing timebase.o(.text.Timebase_Timer_Get_SecondsShadow_Securely), (44 bytes).
    Removing timebase.o(.ARM.exidx.text.Timebase_Timer_Get_SecondsShadow_Securely), (8 bytes).
    Removing timebase.o(.ARM.exidx.text.Timebase_Timer_Sync_With_Shadow_Variables), (8 bytes).
    Removing timebase.o(.text.Timebase_Timer_Delay_SubSeconds), (144 bytes).
    Removing timebase.o(.ARM.exidx.text.Timebase_Timer_Delay_SubSeconds), (8 bytes).
    Removing timebase.o(.text.Timebase_Timer_Await_SubSeconds), (148 bytes).
    Removing timebase.o(.ARM.exidx.text.Timebase_Timer_Await_SubSeconds), (8 bytes).
    Removing timebase.o(.text.Timebase_Timer_Delay_Seconds), (72 bytes).
    Removing timebase.o(.ARM.exidx.text.Timebase_Timer_Delay_Seconds), (8 bytes).
    Removing timebase.o(.text.Timebase_Window_Timer_Reset), (24 bytes).
    Removing timebase.o(.ARM.exidx.text.Timebase_Window_Timer_Reset), (8 bytes).
    Removing timebase.o(.text.Timebase_Window_Timer_Start), (68 bytes).
    Removing timebase.o(.ARM.exidx.text.Timebase_Window_Timer_Start), (8 bytes).
    Removing timebase.o(.text.Timebase_Window_Timer_Get_Interval), (108 bytes).
    Removing timebase.o(.ARM.exidx.text.Timebase_Window_Timer_Get_Interval), (8 bytes).
    Removing timebase.o(.text.Timebase_Window_Timer_Get_Interval_Reset), (40 bytes).
    Removing timebase.o(.ARM.exidx.text.Timebase_Window_Timer_Get_Interval_Reset), (8 bytes).
    Removing timebase.o(.ARM.exidx.text.Timebase_DownCounter_SS_Get_Status), (8 bytes).
    Removing timebase.o(.ARM.exidx.text.Timebase_DownCounter_SS_Set_Status), (8 bytes).
    Removing timebase.o(.ARM.exidx.text.Timebase_DownCounter_SS_Get_Value), (8 bytes).
    Removing timebase.o(.ARM.exidx.text.Timebase_DownCounter_SS_Set_Value), (8 bytes).
    Removing timebase.o(.ARM.exidx.text.Timebase_DownCounter_SS_Get_EndValueSec), (8 bytes).
    Removing timebase.o(.ARM.exidx.text.Timebase_DownCounter_SS_Get_EndValueSubSec), (8 bytes).
    Removing timebase.o(.ARM.exidx.text.Timebase_DownCounter_SS_Set_EndValueSec), (8 bytes).
    Removing timebase.o(.ARM.exidx.text.Timebase_DownCounter_SS_Set_EndValueSubSec), (8 bytes).
    Removing timebase.o(.text.Timebase_DownCounter_SS_Get_PeriodValue), (28 bytes).
    Removing timebase.o(.ARM.exidx.text.Timebase_DownCounter_SS_Get_PeriodValue), (8 bytes).
    Removing timebase.o(.text.Timebase_DownCounter_SS_Set_PeriodValue), (64 bytes).
    Removing timebase.o(.ARM.exidx.text.Timebase_DownCounter_SS_Set_PeriodValue), (8 bytes).
    Removing timebase.o(.text.Timebase_DownCounter_SS_Get_Period_Flag), (36 bytes).
    Removing timebase.o(.ARM.exidx.text.Timebase_DownCounter_SS_Get_Period_Flag), (8 bytes).
    Removing timebase.o(.text.Timebase_DownCounter_SS_Set_Period_Flag), (36 bytes).
    Removing timebase.o(.ARM.exidx.text.Timebase_DownCounter_SS_Set_Period_Flag), (8 bytes).
    Removing timebase.o(.ARM.exidx.text.Timebase_DownCounter_SS_Clear_Period_Flag), (8 bytes).
    Removing timebase.o(.ARM.exidx.text.Timebase_DownCounter_SS_Get_ReloadValue), (8 bytes).
    Removing timebase.o(.ARM.exidx.text.Timebase_DownCounter_SS_Set_ReloadValue), (8 bytes).
    Removing timebase.o(.ARM.exidx.text.Timebase_DownCounter_SS_Reset), (8 bytes).
    Removing timebase.o(.text.Timebase_DownCounter_SS_Clear_All_Flags), (20 bytes).
    Removing timebase.o(.ARM.exidx.text.Timebase_DownCounter_SS_Clear_All_Flags), (8 bytes).
    Removing timebase.o(.text.Timebase_DownCounter_SS_Start), (38 bytes).
    Removing timebase.o(.ARM.exidx.text.Timebase_DownCounter_SS_Start), (8 bytes).
    Removing timebase.o(.text.Timebase_DownCounter_SS_Stop), (38 bytes).
    Removing timebase.o(.ARM.exidx.text.Timebase_DownCounter_SS_Stop), (8 bytes).
    Removing timebase.o(.text.Timebase_DownCounter_SS_Set_Securely), (180 bytes).
    Removing timebase.o(.ARM.exidx.text.Timebase_DownCounter_SS_Set_Securely), (8 bytes).
    Removing timebase.o(.text.Timebase_DownCounter_SS_Set_Forcefully), (44 bytes).
    Removing timebase.o(.ARM.exidx.text.Timebase_DownCounter_SS_Set_Forcefully), (8 bytes).
    Removing timebase.o(.ARM.exidx.text.Timebase_DownCounter_SS_Update), (8 bytes).
    Removing timebase.o(.text.Timebase_DownCounter_SS_Expired), (46 bytes).
    Removing timebase.o(.ARM.exidx.text.Timebase_DownCounter_SS_Expired), (8 bytes).
    Removing timebase.o(.text.Timebase_DownCounter_SS_Expired_Event), (54 bytes).
    Removing timebase.o(.ARM.exidx.text.Timebase_DownCounter_SS_Expired_Event), (8 bytes).
    Removing timebase.o(.text.Timebase_DownCounter_SS_Oneshot_Expired_Event), (20 bytes).
    Removing timebase.o(.ARM.exidx.text.Timebase_DownCounter_SS_Oneshot_Expired_Event), (8 bytes).
    Removing timebase.o(.text.Timebase_DownCounter_SS_Continuous_Expired_Event), (78 bytes).
    Removing timebase.o(.ARM.exidx.text.Timebase_DownCounter_SS_Continuous_Expired_Event), (8 bytes).
    Removing timebase.o(.text.Timebase_DownCounter_SS_Set_Period_Value_Securely), (62 bytes).
    Removing timebase.o(.ARM.exidx.text.Timebase_DownCounter_SS_Set_Period_Value_Securely), (8 bytes).
    Removing timebase.o(.text.Timebase_DownCounter_SS_Get_Remaining_Period_Value), (58 bytes).
    Removing timebase.o(.ARM.exidx.text.Timebase_DownCounter_SS_Get_Remaining_Period_Value), (8 bytes).
    Removing timebase.o(.text.Timebase_DownCounter_SS_Period_Value_Expired), (60 bytes).
    Removing timebase.o(.ARM.exidx.text.Timebase_DownCounter_SS_Period_Value_Expired), (8 bytes).
    Removing timebase.o(.text.Timebase_DownCounter_SS_Period_Value_Expired_Event), (54 bytes).
    Removing timebase.o(.ARM.exidx.text.Timebase_DownCounter_SS_Period_Value_Expired_Event), (8 bytes).
    Removing timebase.o(.ARM.exidx.text.Timebase_DownCounter_SS_Update_All), (8 bytes).
    Removing timebase.o(.ARM.exidx.text.Timebase_DownCounter_SS_Reset_All), (8 bytes).
    Removing timebase.o(.ARM.exidx.text.Timebase_DownCounter_Get_Status), (8 bytes).
    Removing timebase.o(.ARM.exidx.text.Timebase_DownCounter_Set_Status), (8 bytes).
    Removing timebase.o(.ARM.exidx.text.Timebase_DownCounter_Get_Value), (8 bytes).
    Removing timebase.o(.ARM.exidx.text.Timebase_DownCounter_Set_Value), (8 bytes).
    Removing timebase.o(.ARM.exidx.text.Timebase_DownCounter_Get_EndValue), (8 bytes).
    Removing timebase.o(.ARM.exidx.text.Timebase_DownCounter_Set_EndValue), (8 bytes).
    Removing timebase.o(.text.Timebase_DownCounter_Get_PeriodValue), (32 bytes).
    Removing timebase.o(.ARM.exidx.text.Timebase_DownCounter_Get_PeriodValue), (8 bytes).
    Removing timebase.o(.text.Timebase_DownCounter_Set_PeriodValue), (72 bytes).
    Removing timebase.o(.ARM.exidx.text.Timebase_DownCounter_Set_PeriodValue), (8 bytes).
    Removing timebase.o(.text.Timebase_DownCounter_Get_Period_Flag), (36 bytes).
    Removing timebase.o(.ARM.exidx.text.Timebase_DownCounter_Get_Period_Flag), (8 bytes).
    Removing timebase.o(.text.Timebase_DownCounter_Set_Period_Flag), (40 bytes).
    Removing timebase.o(.ARM.exidx.text.Timebase_DownCounter_Set_Period_Flag), (8 bytes).
    Removing timebase.o(.ARM.exidx.text.Timebase_DownCounter_Clear_Period_Flag), (8 bytes).
    Removing timebase.o(.ARM.exidx.text.Timebase_DownCounter_Get_ReloadValue), (8 bytes).
    Removing timebase.o(.ARM.exidx.text.Timebase_DownCounter_Set_ReloadValue), (8 bytes).
    Removing timebase.o(.ARM.exidx.text.Timebase_DownCounter_Reset), (8 bytes).
    Removing timebase.o(.ARM.exidx.text.Timebase_DownCounter_Clear_All_Flags), (8 bytes).
    Removing timebase.o(.ARM.exidx.text.Timebase_DownCounter_Start), (8 bytes).
    Removing timebase.o(.text.Timebase_DownCounter_Stop), (38 bytes).
    Removing timebase.o(.ARM.exidx.text.Timebase_DownCounter_Stop), (8 bytes).
    Removing timebase.o(.ARM.exidx.text.Timebase_DownCounter_Set_Securely), (8 bytes).
    Removing timebase.o(.ARM.exidx.text.Timebase_DownCounter_Set_Forcefully), (8 bytes).
    Removing timebase.o(.ARM.exidx.text.Timebase_DownCounter_Update), (8 bytes).
    Removing timebase.o(.text.Timebase_DownCounter_Expired), (46 bytes).
    Removing timebase.o(.ARM.exidx.text.Timebase_DownCounter_Expired), (8 bytes).
    Removing timebase.o(.ARM.exidx.text.Timebase_DownCounter_Expired_Event), (8 bytes).
    Removing timebase.o(.text.Timebase_DownCounter_Set_Period_Value_Securely), (62 bytes).
    Removing timebase.o(.ARM.exidx.text.Timebase_DownCounter_Set_Period_Value_Securely), (8 bytes).
    Removing timebase.o(.text.Timebase_DownCounter_Get_Remaining_Period_Value), (58 bytes).
    Removing timebase.o(.ARM.exidx.text.Timebase_DownCounter_Get_Remaining_Period_Value), (8 bytes).
    Removing timebase.o(.text.Timebase_DownCounter_Period_Value_Expired), (60 bytes).
    Removing timebase.o(.ARM.exidx.text.Timebase_DownCounter_Period_Value_Expired), (8 bytes).
    Removing timebase.o(.text.Timebase_DownCounter_Period_Value_Expired_Event), (54 bytes).
    Removing timebase.o(.ARM.exidx.text.Timebase_DownCounter_Period_Value_Expired_Event), (8 bytes).
    Removing timebase.o(.text.Timebase_DownCounter_Oneshot_Expired_Event), (20 bytes).
    Removing timebase.o(.ARM.exidx.text.Timebase_DownCounter_Oneshot_Expired_Event), (8 bytes).
    Removing timebase.o(.text.Timebase_DownCounter_Continuous_Expired_Event), (78 bytes).
    Removing timebase.o(.ARM.exidx.text.Timebase_DownCounter_Continuous_Expired_Event), (8 bytes).
    Removing timebase.o(.ARM.exidx.text.Timebase_DownCounter_Update_All), (8 bytes).
    Removing timebase.o(.ARM.exidx.text.Timebase_DownCounter_Reset_All), (8 bytes).
    Removing timebase.o(.text.Timebase_Get_Update_Req_Sts), (16 bytes).
    Removing timebase.o(.ARM.exidx.text.Timebase_Get_Update_Req_Sts), (8 bytes).
    Removing timebase.o(.ARM.exidx.text.Timebase_Reset), (8 bytes).
    Removing timebase.o(.text.Timebase_LP_Reset), (2 bytes).
    Removing timebase.o(.ARM.exidx.text.Timebase_LP_Reset), (8 bytes).
    Removing timebase.o(.ARM.exidx.text.Timebase_Init), (8 bytes).
    Removing timebase.o(.ARM.exidx.text.Timebase_Main_Loop_Executables), (8 bytes).
    Removing timebase.o(.text.Timebase_LP_ISR_Executables), (2 bytes).
    Removing timebase.o(.ARM.exidx.text.Timebase_LP_ISR_Executables), (8 bytes).
    Removing system_stm32g0xx.o(.text), (0 bytes).
    Removing system_stm32g0xx.o(.ARM.exidx.text.SystemInit), (8 bytes).
    Removing system_stm32g0xx.o(.text.SystemCoreClockUpdate), (380 bytes).
    Removing system_stm32g0xx.o(.ARM.exidx.text.SystemCoreClockUpdate), (8 bytes).
    Removing system_stm32g0xx.o(.data.SystemCoreClock), (4 bytes).
    Removing system_stm32g0xx.o(.rodata.AHBPrescTable), (64 bytes).
    Removing system_stm32g0xx.o(.rodata.APBPrescTable), (32 bytes).

189 unused section(s) (total 4310 bytes) removed from the image.

==============================================================================

Image Symbol Table

    Local Symbols

    Symbol Name                              Value     Ov Type        Size  Object(Section)

    ../clib/angel/boardlib.s                 0x00000000   Number         0  boardinit1.o ABSOLUTE
    ../clib/angel/boardlib.s                 0x00000000   Number         0  boardinit2.o ABSOLUTE
    ../clib/angel/boardlib.s                 0x00000000   Number         0  boardinit3.o ABSOLUTE
    ../clib/angel/boardlib.s                 0x00000000   Number         0  boardshut.o ABSOLUTE
    ../clib/angel/handlers.s                 0x00000000   Number         0  __scatter_zi.o ABSOLUTE
    ../clib/angel/kernel.s                   0x00000000   Number         0  __rtentry.o ABSOLUTE
    ../clib/angel/kernel.s                   0x00000000   Number         0  __rtentry2.o ABSOLUTE
    ../clib/angel/kernel.s                   0x00000000   Number         0  __rtentry4.o ABSOLUTE
    ../clib/angel/kernel.s                   0x00000000   Number         0  rtexit.o ABSOLUTE
    ../clib/angel/kernel.s                   0x00000000   Number         0  rtexit2.o ABSOLUTE
    ../clib/angel/rt.s                       0x00000000   Number         0  aeabi_idiv0.o ABSOLUTE
    ../clib/angel/rt.s                       0x00000000   Number         0  aeabi_idiv0_sigfpe.o ABSOLUTE
    ../clib/angel/rt.s                       0x00000000   Number         0  rt_div0.o ABSOLUTE
    ../clib/angel/rt.s                       0x00000000   Number         0  rt_raise.o ABSOLUTE
    ../clib/angel/scatterp.s                 0x00000000   Number         0  __scatter.o ABSOLUTE
    ../clib/angel/startup.s                  0x00000000   Number         0  __main.o ABSOLUTE
    ../clib/angel/sys.s                      0x00000000   Number         0  sys_stackheap_outer.o ABSOLUTE
    ../clib/angel/sys.s                      0x00000000   Number         0  libspace.o ABSOLUTE
    ../clib/angel/sys.s                      0x00000000   Number         0  tempstk.o ABSOLUTE
    ../clib/angel/sys.s                      0x00000000   Number         0  use_no_semi.o ABSOLUTE
    ../clib/angel/sys.s                      0x00000000   Number         0  indicate_semi.o ABSOLUTE
    ../clib/angel/sysapp.c                   0x00000000   Number         0  sys_exit.o ABSOLUTE
    ../clib/angel/sysapp.c                   0x00000000   Number         0  sys_exit_hlt.o ABSOLUTE
    ../clib/angel/sysapp.c                   0x00000000   Number         0  sys_wrch.o ABSOLUTE
    ../clib/angel/sysapp.c                   0x00000000   Number         0  sys_wrch_hlt.o ABSOLUTE
    ../clib/angel/sysapp.c                   0x00000000   Number         0  sys_command.o ABSOLUTE
    ../clib/angel/sysapp.c                   0x00000000   Number         0  sys_command_hlt.o ABSOLUTE
    ../clib/armsys.c                         0x00000000   Number         0  argv_veneer.o ABSOLUTE
    ../clib/armsys.c                         0x00000000   Number         0  _get_argv_nomalloc.o ABSOLUTE
    ../clib/armsys.c                         0x00000000   Number         0  no_argv.o ABSOLUTE
    ../clib/division.s                       0x00000000   Number         0  aeabi_sdiv.o ABSOLUTE
    ../clib/division.s                       0x00000000   Number         0  aeabi_sdiv_div0.o ABSOLUTE
    ../clib/heapalloc.c                      0x00000000   Number         0  hrguard.o ABSOLUTE
    ../clib/heapaux.c                        0x00000000   Number         0  heapauxi.o ABSOLUTE
    ../clib/libinit.s                        0x00000000   Number         0  libinit.o ABSOLUTE
    ../clib/libinit.s                        0x00000000   Number         0  libinit2.o ABSOLUTE
    ../clib/libinit.s                        0x00000000   Number         0  libshutdown.o ABSOLUTE
    ../clib/libinit.s                        0x00000000   Number         0  libshutdown2.o ABSOLUTE
    ../clib/signal.c                         0x00000000   Number         0  defsig_fpe_outer.o ABSOLUTE
    ../clib/signal.c                         0x00000000   Number         0  defsig_fpe_formal.o ABSOLUTE
    ../clib/signal.c                         0x00000000   Number         0  defsig_exit.o ABSOLUTE
    ../clib/signal.c                         0x00000000   Number         0  defsig_fpe_inner.o ABSOLUTE
    ../clib/signal.c                         0x00000000   Number         0  __raise.o ABSOLUTE
    ../clib/signal.c                         0x00000000   Number         0  defsig_general.o ABSOLUTE
    ../clib/signal.c                         0x00000000   Number         0  defsig_abrt_inner.o ABSOLUTE
    ../clib/signal.c                         0x00000000   Number         0  defsig_rtred_inner.o ABSOLUTE
    ../clib/signal.c                         0x00000000   Number         0  defsig_rtmem_inner.o ABSOLUTE
    ../clib/signal.c                         0x00000000   Number         0  defsig_rtmem_outer.o ABSOLUTE
    ../clib/signal.c                         0x00000000   Number         0  defsig_rtmem_formal.o ABSOLUTE
    ../clib/signal.c                         0x00000000   Number         0  defsig_stak_inner.o ABSOLUTE
    ../clib/signal.c                         0x00000000   Number         0  defsig_pvfn_inner.o ABSOLUTE
    ../clib/signal.c                         0x00000000   Number         0  defsig_cppl_inner.o ABSOLUTE
    ../clib/signal.c                         0x00000000   Number         0  defsig_segv_inner.o ABSOLUTE
    ../clib/signal.c                         0x00000000   Number         0  defsig_other.o ABSOLUTE
    ../clib/signal.s                         0x00000000   Number         0  defsig.o ABSOLUTE
    ../clib/stdlib.c                         0x00000000   Number         0  exit.o ABSOLUTE
    ../fplib/cfplib/fpinit.c                 0x00000000   Number         0  fpinit.o ABSOLUTE
    RTE/Device/STM32G030F6Px/startup_stm32g030xx.s 0x00000000   Number         0  startup_stm32g030xx.o ABSOLUTE
    app.c                                    0x00000000   Number         0  app.o ABSOLUTE
    crc32.c                                  0x00000000   Number         0  crc32.o ABSOLUTE
    dc.s                                     0x00000000   Number         0  dc.o ABSOLUTE
    flash.c                                  0x00000000   Number         0  flash.o ABSOLUTE
    gpio.c                                   0x00000000   Number         0  gpio.o ABSOLUTE
    main.c                                   0x00000000   Number         0  main.o ABSOLUTE
    system_stm32g0xx.c                       0x00000000   Number         0  system_stm32g0xx.o ABSOLUTE
    timebase.c                               0x00000000   Number         0  timebase.o ABSOLUTE
    RESET                                    0x08000000   Section      192  startup_stm32g030xx.o(RESET)
    !!!main                                  0x080000c0   Section        8  __main.o(!!!main)
    !!!scatter                               0x080000c8   Section       84  __scatter.o(!!!scatter)
    !!handler_null                           0x0800011c   Section        2  __scatter.o(!!handler_null)
    !!handler_zi                             0x08000120   Section       28  __scatter_zi.o(!!handler_zi)
    .ARM.Collect$$libinit$$00000000          0x0800013c   Section        2  libinit.o(.ARM.Collect$$libinit$$00000000)
    .ARM.Collect$$libinit$$00000002          0x0800013e   Section        0  libinit2.o(.ARM.Collect$$libinit$$00000002)
    .ARM.Collect$$libinit$$00000004          0x0800013e   Section        0  libinit2.o(.ARM.Collect$$libinit$$00000004)
    .ARM.Collect$$libinit$$00000006          0x0800013e   Section        0  libinit2.o(.ARM.Collect$$libinit$$00000006)
    .ARM.Collect$$libinit$$0000000C          0x0800013e   Section        0  libinit2.o(.ARM.Collect$$libinit$$0000000C)
    .ARM.Collect$$libinit$$0000000E          0x0800013e   Section        0  libinit2.o(.ARM.Collect$$libinit$$0000000E)
    .ARM.Collect$$libinit$$00000010          0x0800013e   Section        0  libinit2.o(.ARM.Collect$$libinit$$00000010)
    .ARM.Collect$$libinit$$00000013          0x0800013e   Section        0  libinit2.o(.ARM.Collect$$libinit$$00000013)
    .ARM.Collect$$libinit$$00000015          0x0800013e   Section        0  libinit2.o(.ARM.Collect$$libinit$$00000015)
    .ARM.Collect$$libinit$$00000017          0x0800013e   Section        0  libinit2.o(.ARM.Collect$$libinit$$00000017)
    .ARM.Collect$$libinit$$00000019          0x0800013e   Section        0  libinit2.o(.ARM.Collect$$libinit$$00000019)
    .ARM.Collect$$libinit$$0000001B          0x0800013e   Section        0  libinit2.o(.ARM.Collect$$libinit$$0000001B)
    .ARM.Collect$$libinit$$0000001D          0x0800013e   Section        0  libinit2.o(.ARM.Collect$$libinit$$0000001D)
    .ARM.Collect$$libinit$$0000001F          0x0800013e   Section        0  libinit2.o(.ARM.Collect$$libinit$$0000001F)
    .ARM.Collect$$libinit$$00000021          0x0800013e   Section        0  libinit2.o(.ARM.Collect$$libinit$$00000021)
    .ARM.Collect$$libinit$$00000023          0x0800013e   Section        0  libinit2.o(.ARM.Collect$$libinit$$00000023)
    .ARM.Collect$$libinit$$00000025          0x0800013e   Section        0  libinit2.o(.ARM.Collect$$libinit$$00000025)
    .ARM.Collect$$libinit$$00000027          0x0800013e   Section        0  libinit2.o(.ARM.Collect$$libinit$$00000027)
    .ARM.Collect$$libinit$$0000002E          0x0800013e   Section        0  libinit2.o(.ARM.Collect$$libinit$$0000002E)
    .ARM.Collect$$libinit$$00000030          0x0800013e   Section        0  libinit2.o(.ARM.Collect$$libinit$$00000030)
    .ARM.Collect$$libinit$$00000032          0x0800013e   Section        0  libinit2.o(.ARM.Collect$$libinit$$00000032)
    .ARM.Collect$$libinit$$00000034          0x0800013e   Section        0  libinit2.o(.ARM.Collect$$libinit$$00000034)
    .ARM.Collect$$libinit$$00000035          0x0800013e   Section        2  libinit2.o(.ARM.Collect$$libinit$$00000035)
    .ARM.Collect$$libshutdown$$00000000      0x08000140   Section        2  libshutdown.o(.ARM.Collect$$libshutdown$$00000000)
    .ARM.Collect$$libshutdown$$00000002      0x08000142   Section        0  libshutdown2.o(.ARM.Collect$$libshutdown$$00000002)
    .ARM.Collect$$libshutdown$$00000004      0x08000142   Section        0  libshutdown2.o(.ARM.Collect$$libshutdown$$00000004)
    .ARM.Collect$$libshutdown$$00000007      0x08000142   Section        0  libshutdown2.o(.ARM.Collect$$libshutdown$$00000007)
    .ARM.Collect$$libshutdown$$0000000A      0x08000142   Section        0  libshutdown2.o(.ARM.Collect$$libshutdown$$0000000A)
    .ARM.Collect$$libshutdown$$0000000C      0x08000142   Section        0  libshutdown2.o(.ARM.Collect$$libshutdown$$0000000C)
    .ARM.Collect$$libshutdown$$0000000F      0x08000142   Section        0  libshutdown2.o(.ARM.Collect$$libshutdown$$0000000F)
    .ARM.Collect$$libshutdown$$00000010      0x08000142   Section        2  libshutdown2.o(.ARM.Collect$$libshutdown$$00000010)
    .ARM.Collect$$rtentry$$00000000          0x08000144   Section        0  __rtentry.o(.ARM.Collect$$rtentry$$00000000)
    .ARM.Collect$$rtentry$$00000002          0x08000144   Section        0  __rtentry2.o(.ARM.Collect$$rtentry$$00000002)
    .ARM.Collect$$rtentry$$00000004          0x08000144   Section        6  __rtentry4.o(.ARM.Collect$$rtentry$$00000004)
    .ARM.Collect$$rtentry$$00000009          0x0800014a   Section        0  __rtentry2.o(.ARM.Collect$$rtentry$$00000009)
    .ARM.Collect$$rtentry$$0000000A          0x0800014a   Section        4  __rtentry2.o(.ARM.Collect$$rtentry$$0000000A)
    .ARM.Collect$$rtentry$$0000000C          0x0800014e   Section        0  __rtentry2.o(.ARM.Collect$$rtentry$$0000000C)
    .ARM.Collect$$rtentry$$0000000D          0x0800014e   Section        8  __rtentry2.o(.ARM.Collect$$rtentry$$0000000D)
    .ARM.Collect$$rtexit$$00000000           0x08000156   Section        2  rtexit.o(.ARM.Collect$$rtexit$$00000000)
    .ARM.Collect$$rtexit$$00000002           0x08000158   Section        0  rtexit2.o(.ARM.Collect$$rtexit$$00000002)
    .ARM.Collect$$rtexit$$00000003           0x08000158   Section        4  rtexit2.o(.ARM.Collect$$rtexit$$00000003)
    .ARM.Collect$$rtexit$$00000004           0x0800015c   Section        6  rtexit2.o(.ARM.Collect$$rtexit$$00000004)
    .text                                    0x08000164   Section       56  startup_stm32g030xx.o(.text)
    .text                                    0x0800019c   Section      364  aeabi_sdiv.o(.text)
    .text                                    0x08000308   Section        0  heapauxi.o(.text)
    .text                                    0x0800030e   Section       62  sys_stackheap_outer.o(.text)
    .text                                    0x0800034c   Section        0  exit.o(.text)
    .text                                    0x0800035c   Section        8  libspace.o(.text)
    .text                                    0x08000364   Section        0  sys_exit.o(.text)
    .text                                    0x08000370   Section        2  use_no_semi.o(.text)
    [Anonymous Symbol]                       0x08000372   Section        0  app.o(.text.App_Main_Loop)
    .text                                    0x08000372   Section        0  indicate_semi.o(.text)
    [Anonymous Symbol]                       0x080003bc   Section        0  app.o(.text.App_Setup)
    __arm_cp.1_0                             0x08000420   Number         4  app.o(.text.App_Setup)
    [Anonymous Symbol]                       0x08000424   Section        0  gpio.o(.text.GPIO_Init)
    [Anonymous Symbol]                       0x08000502   Section        0  gpio.o(.text.GPIO_SetPin)
    [Anonymous Symbol]                       0x08000518   Section        0  gpio.o(.text.GPIO_TogglePin)
    [Anonymous Symbol]                       0x08000532   Section        0  system_stm32g0xx.o(.text.SystemInit)
    [Anonymous Symbol]                       0x08000534   Section        0  timebase.o(.text.TIM17_IRQHandler)
    __arm_cp.7_0                             0x08000548   Number         4  timebase.o(.text.TIM17_IRQHandler)
    [Anonymous Symbol]                       0x0800054c   Section        0  timebase.o(.text.Timebase_Atomic_Operation_End)
    [Anonymous Symbol]                       0x08000550   Section        0  timebase.o(.text.Timebase_Atomic_Operation_Start)
    [Anonymous Symbol]                       0x08000554   Section        0  timebase.o(.text.Timebase_DownCounter_Clear_All_Flags)
    [Anonymous Symbol]                       0x08000568   Section        0  timebase.o(.text.Timebase_DownCounter_Clear_Period_Flag)
    [Anonymous Symbol]                       0x0800058c   Section        0  timebase.o(.text.Timebase_DownCounter_Expired_Event)
    [Anonymous Symbol]                       0x080005c4   Section        0  timebase.o(.text.Timebase_DownCounter_Get_EndValue)
    [Anonymous Symbol]                       0x080005e0   Section        0  timebase.o(.text.Timebase_DownCounter_Get_ReloadValue)
    [Anonymous Symbol]                       0x080005fc   Section        0  timebase.o(.text.Timebase_DownCounter_Get_Status)
    [Anonymous Symbol]                       0x0800061c   Section        0  timebase.o(.text.Timebase_DownCounter_Get_Value)
    [Anonymous Symbol]                       0x08000638   Section        0  timebase.o(.text.Timebase_DownCounter_Reset)
    [Anonymous Symbol]                       0x08000678   Section        0  timebase.o(.text.Timebase_DownCounter_Reset_All)
    [Anonymous Symbol]                       0x080006a8   Section        0  timebase.o(.text.Timebase_DownCounter_SS_Clear_Period_Flag)
    [Anonymous Symbol]                       0x080006c8   Section        0  timebase.o(.text.Timebase_DownCounter_SS_Get_EndValueSec)
    [Anonymous Symbol]                       0x080006e0   Section        0  timebase.o(.text.Timebase_DownCounter_SS_Get_EndValueSubSec)
    [Anonymous Symbol]                       0x080006f8   Section        0  timebase.o(.text.Timebase_DownCounter_SS_Get_ReloadValue)
    [Anonymous Symbol]                       0x08000710   Section        0  timebase.o(.text.Timebase_DownCounter_SS_Get_Status)
    [Anonymous Symbol]                       0x08000730   Section        0  timebase.o(.text.Timebase_DownCounter_SS_Get_Value)
    [Anonymous Symbol]                       0x08000748   Section        0  timebase.o(.text.Timebase_DownCounter_SS_Reset)
    [Anonymous Symbol]                       0x08000792   Section        0  timebase.o(.text.Timebase_DownCounter_SS_Reset_All)
    [Anonymous Symbol]                       0x080007c0   Section        0  timebase.o(.text.Timebase_DownCounter_SS_Set_EndValueSec)
    [Anonymous Symbol]                       0x080007dc   Section        0  timebase.o(.text.Timebase_DownCounter_SS_Set_EndValueSubSec)
    [Anonymous Symbol]                       0x080007f8   Section        0  timebase.o(.text.Timebase_DownCounter_SS_Set_ReloadValue)
    [Anonymous Symbol]                       0x08000814   Section        0  timebase.o(.text.Timebase_DownCounter_SS_Set_Status)
    [Anonymous Symbol]                       0x08000848   Section        0  timebase.o(.text.Timebase_DownCounter_SS_Set_Value)
    __arm_cp.32_0                            0x08000864   Number         4  timebase.o(.text.Timebase_DownCounter_SS_Set_Value)
    [Anonymous Symbol]                       0x08000868   Section        0  timebase.o(.text.Timebase_DownCounter_SS_Update)
    __arm_cp.50_0                            0x08000970   Number         4  timebase.o(.text.Timebase_DownCounter_SS_Update)
    [Anonymous Symbol]                       0x08000974   Section        0  timebase.o(.text.Timebase_DownCounter_SS_Update_All)
    [Anonymous Symbol]                       0x080009a4   Section        0  timebase.o(.text.Timebase_DownCounter_Set_EndValue)
    __arm_cp.66_0                            0x080009c4   Number         4  timebase.o(.text.Timebase_DownCounter_Set_EndValue)
    [Anonymous Symbol]                       0x080009c8   Section        0  timebase.o(.text.Timebase_DownCounter_Set_Forcefully)
    [Anonymous Symbol]                       0x080009f4   Section        0  timebase.o(.text.Timebase_DownCounter_Set_ReloadValue)
    __arm_cp.73_0                            0x08000a14   Number         4  timebase.o(.text.Timebase_DownCounter_Set_ReloadValue)
    [Anonymous Symbol]                       0x08000a18   Section        0  timebase.o(.text.Timebase_DownCounter_Set_Securely)
    [Anonymous Symbol]                       0x08000a6c   Section        0  timebase.o(.text.Timebase_DownCounter_Set_Status)
    __arm_cp.62_0                            0x08000aa4   Number         4  timebase.o(.text.Timebase_DownCounter_Set_Status)
    [Anonymous Symbol]                       0x08000aa8   Section        0  timebase.o(.text.Timebase_DownCounter_Set_Value)
    __arm_cp.64_0                            0x08000ac8   Number         4  timebase.o(.text.Timebase_DownCounter_Set_Value)
    [Anonymous Symbol]                       0x08000acc   Section        0  timebase.o(.text.Timebase_DownCounter_Start)
    [Anonymous Symbol]                       0x08000af2   Section        0  timebase.o(.text.Timebase_DownCounter_Update)
    [Anonymous Symbol]                       0x08000b94   Section        0  timebase.o(.text.Timebase_DownCounter_Update_All)
    [Anonymous Symbol]                       0x08000bc4   Section        0  timebase.o(.text.Timebase_ISR_Executables)
    __arm_cp.8_0                             0x08000c14   Number         4  timebase.o(.text.Timebase_ISR_Executables)
    [Anonymous Symbol]                       0x08000c18   Section        0  timebase.o(.text.Timebase_Init)
    [Anonymous Symbol]                       0x08000c38   Section        0  timebase.o(.text.Timebase_Main_Loop_Executables)
    __arm_cp.95_0                            0x08000c98   Number         4  timebase.o(.text.Timebase_Main_Loop_Executables)
    [Anonymous Symbol]                       0x08000c9c   Section        0  timebase.o(.text.Timebase_Reset)
    [Anonymous Symbol]                       0x08000ca8   Section        0  timebase.o(.text.Timebase_Struct_Init)
    __arm_cp.0_0                             0x08000dd8   Number         4  timebase.o(.text.Timebase_Struct_Init)
    __arm_cp.0_1                             0x08000ddc   Number         4  timebase.o(.text.Timebase_Struct_Init)
    [Anonymous Symbol]                       0x08000de0   Section        0  timebase.o(.text.Timebase_Timer_Enable)
    __arm_cp.1_0                             0x08000e44   Number         4  timebase.o(.text.Timebase_Timer_Enable)
    __arm_cp.1_1                             0x08000e48   Number         4  timebase.o(.text.Timebase_Timer_Enable)
    __arm_cp.1_2                             0x08000e4c   Number         4  timebase.o(.text.Timebase_Timer_Enable)
    __arm_cp.1_3                             0x08000e50   Number         4  timebase.o(.text.Timebase_Timer_Enable)
    __arm_cp.1_4                             0x08000e54   Number         4  timebase.o(.text.Timebase_Timer_Enable)
    __arm_cp.1_5                             0x08000e58   Number         4  timebase.o(.text.Timebase_Timer_Enable)
    [Anonymous Symbol]                       0x08000e5c   Section        0  timebase.o(.text.Timebase_Timer_Get_Seconds)
    [Anonymous Symbol]                       0x08000e64   Section        0  timebase.o(.text.Timebase_Timer_Get_SubSeconds)
    __arm_cp.12_0                            0x08000e6c   Number         4  timebase.o(.text.Timebase_Timer_Get_SubSeconds)
    [Anonymous Symbol]                       0x08000e70   Section        0  timebase.o(.text.Timebase_Timer_Sync_With_Shadow_Variables)
    __arm_cp.21_0                            0x08000eb0   Number         4  timebase.o(.text.Timebase_Timer_Sync_With_Shadow_Variables)
    __NVIC_EnableIRQ                         0x08000eb5   Thumb Code    40  timebase.o(.text.__NVIC_EnableIRQ)
    [Anonymous Symbol]                       0x08000eb4   Section        0  timebase.o(.text.__NVIC_EnableIRQ)
    __arm_cp.3_0                             0x08000edc   Number         4  timebase.o(.text.__NVIC_EnableIRQ)
    __NVIC_SetPriority                       0x08000ee1   Thumb Code   124  timebase.o(.text.__NVIC_SetPriority)
    [Anonymous Symbol]                       0x08000ee0   Section        0  timebase.o(.text.__NVIC_SetPriority)
    __arm_cp.2_0                             0x08000f5c   Number         4  timebase.o(.text.__NVIC_SetPriority)
    __arm_cp.2_1                             0x08000f60   Number         4  timebase.o(.text.__NVIC_SetPriority)
    [Anonymous Symbol]                       0x08000f64   Section        0  main.o(.text.main)
    .bss                                     0x20000000   Section       96  libspace.o(.bss)
    Heap_Mem                                 0x20000380   Data         512  startup_stm32g030xx.o(HEAP)
    HEAP                                     0x20000380   Section      512  startup_stm32g030xx.o(HEAP)
    Stack_Mem                                0x20000580   Data        1024  startup_stm32g030xx.o(STACK)
    STACK                                    0x20000580   Section     1024  startup_stm32g030xx.o(STACK)
    __initial_sp                             0x20000980   Data           0  startup_stm32g030xx.o(STACK)

    Global Symbols

    Symbol Name                              Value     Ov Type        Size  Object(Section)

    BuildAttributes$$THM_ISAv3M$S$PE$A:L22$X:L11$S22$IEEE1$IW$~IW$USESV6$~STKCKD$USESV7$~SHL$OSPACE$ROPI$EBA8$UX$STANDARDLIB$REQ8$PRES8$EABIv2 0x00000000   Number         0  anon$$obj.o ABSOLUTE
    __ARM_exceptions_init                     - Undefined Weak Reference
    __alloca_initialize                       - Undefined Weak Reference
    __arm_preinit_                            - Undefined Weak Reference
    __arm_relocate_pie_                       - Undefined Weak Reference
    __cpp_initialize__aeabi_                  - Undefined Weak Reference
    __cxa_finalize                            - Undefined Weak Reference
    __rt_locale                               - Undefined Weak Reference
    __sigvec_lookup                           - Undefined Weak Reference
    _atexit_init                              - Undefined Weak Reference
    _call_atexit_fns                          - Undefined Weak Reference
    _clock_init                               - Undefined Weak Reference
    _fp_trap_init                             - Undefined Weak Reference
    _fp_trap_shutdown                         - Undefined Weak Reference
    _get_lc_collate                           - Undefined Weak Reference
    _get_lc_ctype                             - Undefined Weak Reference
    _get_lc_monetary                          - Undefined Weak Reference
    _get_lc_numeric                           - Undefined Weak Reference
    _get_lc_time                              - Undefined Weak Reference
    _getenv_init                              - Undefined Weak Reference
    _handle_redirection                       - Undefined Weak Reference
    _init_alloc                               - Undefined Weak Reference
    _init_user_alloc                          - Undefined Weak Reference
    _initio                                   - Undefined Weak Reference
    _rand_init                                - Undefined Weak Reference
    _signal_finish                            - Undefined Weak Reference
    _signal_init                              - Undefined Weak Reference
    _terminate_alloc                          - Undefined Weak Reference
    _terminate_user_alloc                     - Undefined Weak Reference
    _terminateio                              - Undefined Weak Reference
    __Vectors_Size                           0x000000c0   Number         0  startup_stm32g030xx.o ABSOLUTE
    __Vectors                                0x08000000   Data           4  startup_stm32g030xx.o(RESET)
    __Vectors_End                            0x080000c0   Data           0  startup_stm32g030xx.o(RESET)
    __main                                   0x080000c1   Thumb Code     8  __main.o(!!!main)
    __scatterload                            0x080000c9   Thumb Code     0  __scatter.o(!!!scatter)
    __scatterload_rt2                        0x080000c9   Thumb Code    74  __scatter.o(!!!scatter)
    __scatterload_rt2_thumb_only             0x080000c9   Thumb Code     0  __scatter.o(!!!scatter)
    __scatterload_loop                       0x080000d3   Thumb Code     0  __scatter.o(!!!scatter)
    __scatterload_null                       0x0800011d   Thumb Code     2  __scatter.o(!!handler_null)
    __scatterload_zeroinit                   0x08000121   Thumb Code    28  __scatter_zi.o(!!handler_zi)
    __rt_lib_init                            0x0800013d   Thumb Code     0  libinit.o(.ARM.Collect$$libinit$$00000000)
    __rt_lib_init_alloca_1                   0x0800013f   Thumb Code     0  libinit2.o(.ARM.Collect$$libinit$$00000030)
    __rt_lib_init_argv_1                     0x0800013f   Thumb Code     0  libinit2.o(.ARM.Collect$$libinit$$0000002E)
    __rt_lib_init_atexit_1                   0x0800013f   Thumb Code     0  libinit2.o(.ARM.Collect$$libinit$$0000001D)
    __rt_lib_init_clock_1                    0x0800013f   Thumb Code     0  libinit2.o(.ARM.Collect$$libinit$$00000023)
    __rt_lib_init_cpp_1                      0x0800013f   Thumb Code     0  libinit2.o(.ARM.Collect$$libinit$$00000034)
    __rt_lib_init_exceptions_1               0x0800013f   Thumb Code     0  libinit2.o(.ARM.Collect$$libinit$$00000032)
    __rt_lib_init_fp_1                       0x0800013f   Thumb Code     0  libinit2.o(.ARM.Collect$$libinit$$00000002)
    __rt_lib_init_fp_trap_1                  0x0800013f   Thumb Code     0  libinit2.o(.ARM.Collect$$libinit$$00000021)
    __rt_lib_init_getenv_1                   0x0800013f   Thumb Code     0  libinit2.o(.ARM.Collect$$libinit$$00000025)
    __rt_lib_init_heap_1                     0x0800013f   Thumb Code     0  libinit2.o(.ARM.Collect$$libinit$$0000000C)
    __rt_lib_init_lc_collate_1               0x0800013f   Thumb Code     0  libinit2.o(.ARM.Collect$$libinit$$00000013)
    __rt_lib_init_lc_ctype_1                 0x0800013f   Thumb Code     0  libinit2.o(.ARM.Collect$$libinit$$00000015)
    __rt_lib_init_lc_monetary_1              0x0800013f   Thumb Code     0  libinit2.o(.ARM.Collect$$libinit$$00000017)
    __rt_lib_init_lc_numeric_1               0x0800013f   Thumb Code     0  libinit2.o(.ARM.Collect$$libinit$$00000019)
    __rt_lib_init_lc_time_1                  0x0800013f   Thumb Code     0  libinit2.o(.ARM.Collect$$libinit$$0000001B)
    __rt_lib_init_preinit_1                  0x0800013f   Thumb Code     0  libinit2.o(.ARM.Collect$$libinit$$00000006)
    __rt_lib_init_rand_1                     0x0800013f   Thumb Code     0  libinit2.o(.ARM.Collect$$libinit$$00000010)
    __rt_lib_init_relocate_pie_1             0x0800013f   Thumb Code     0  libinit2.o(.ARM.Collect$$libinit$$00000004)
    __rt_lib_init_return                     0x0800013f   Thumb Code     0  libinit2.o(.ARM.Collect$$libinit$$00000035)
    __rt_lib_init_signal_1                   0x0800013f   Thumb Code     0  libinit2.o(.ARM.Collect$$libinit$$0000001F)
    __rt_lib_init_stdio_1                    0x0800013f   Thumb Code     0  libinit2.o(.ARM.Collect$$libinit$$00000027)
    __rt_lib_init_user_alloc_1               0x0800013f   Thumb Code     0  libinit2.o(.ARM.Collect$$libinit$$0000000E)
    __rt_lib_shutdown                        0x08000141   Thumb Code     0  libshutdown.o(.ARM.Collect$$libshutdown$$00000000)
    __rt_lib_shutdown_cpp_1                  0x08000143   Thumb Code     0  libshutdown2.o(.ARM.Collect$$libshutdown$$00000002)
    __rt_lib_shutdown_fp_trap_1              0x08000143   Thumb Code     0  libshutdown2.o(.ARM.Collect$$libshutdown$$00000007)
    __rt_lib_shutdown_heap_1                 0x08000143   Thumb Code     0  libshutdown2.o(.ARM.Collect$$libshutdown$$0000000F)
    __rt_lib_shutdown_return                 0x08000143   Thumb Code     0  libshutdown2.o(.ARM.Collect$$libshutdown$$00000010)
    __rt_lib_shutdown_signal_1               0x08000143   Thumb Code     0  libshutdown2.o(.ARM.Collect$$libshutdown$$0000000A)
    __rt_lib_shutdown_stdio_1                0x08000143   Thumb Code     0  libshutdown2.o(.ARM.Collect$$libshutdown$$00000004)
    __rt_lib_shutdown_user_alloc_1           0x08000143   Thumb Code     0  libshutdown2.o(.ARM.Collect$$libshutdown$$0000000C)
    __rt_entry                               0x08000145   Thumb Code     0  __rtentry.o(.ARM.Collect$$rtentry$$00000000)
    __rt_entry_presh_1                       0x08000145   Thumb Code     0  __rtentry2.o(.ARM.Collect$$rtentry$$00000002)
    __rt_entry_sh                            0x08000145   Thumb Code     0  __rtentry4.o(.ARM.Collect$$rtentry$$00000004)
    __rt_entry_li                            0x0800014b   Thumb Code     0  __rtentry2.o(.ARM.Collect$$rtentry$$0000000A)
    __rt_entry_postsh_1                      0x0800014b   Thumb Code     0  __rtentry2.o(.ARM.Collect$$rtentry$$00000009)
    __rt_entry_main                          0x0800014f   Thumb Code     0  __rtentry2.o(.ARM.Collect$$rtentry$$0000000D)
    __rt_entry_postli_1                      0x0800014f   Thumb Code     0  __rtentry2.o(.ARM.Collect$$rtentry$$0000000C)
    __rt_exit                                0x08000157   Thumb Code     0  rtexit.o(.ARM.Collect$$rtexit$$00000000)
    __rt_exit_ls                             0x08000159   Thumb Code     0  rtexit2.o(.ARM.Collect$$rtexit$$00000003)
    __rt_exit_prels_1                        0x08000159   Thumb Code     0  rtexit2.o(.ARM.Collect$$rtexit$$00000002)
    __rt_exit_exit                           0x0800015d   Thumb Code     0  rtexit2.o(.ARM.Collect$$rtexit$$00000004)
    Reset_Handler                            0x08000165   Thumb Code     8  startup_stm32g030xx.o(.text)
    NMI_Handler                              0x0800016d   Thumb Code     2  startup_stm32g030xx.o(.text)
    HardFault_Handler                        0x0800016f   Thumb Code     2  startup_stm32g030xx.o(.text)
    SVC_Handler                              0x08000171   Thumb Code     2  startup_stm32g030xx.o(.text)
    PendSV_Handler                           0x08000173   Thumb Code     2  startup_stm32g030xx.o(.text)
    SysTick_Handler                          0x08000175   Thumb Code     2  startup_stm32g030xx.o(.text)
    ADC1_IRQHandler                          0x08000177   Thumb Code     0  startup_stm32g030xx.o(.text)
    DMA1_Ch4_5_DMAMUX1_OVR_IRQHandler        0x08000177   Thumb Code     0  startup_stm32g030xx.o(.text)
    DMA1_Channel1_IRQHandler                 0x08000177   Thumb Code     0  startup_stm32g030xx.o(.text)
    DMA1_Channel2_3_IRQHandler               0x08000177   Thumb Code     0  startup_stm32g030xx.o(.text)
    EXTI0_1_IRQHandler                       0x08000177   Thumb Code     0  startup_stm32g030xx.o(.text)
    EXTI2_3_IRQHandler                       0x08000177   Thumb Code     0  startup_stm32g030xx.o(.text)
    EXTI4_15_IRQHandler                      0x08000177   Thumb Code     0  startup_stm32g030xx.o(.text)
    FLASH_IRQHandler                         0x08000177   Thumb Code     0  startup_stm32g030xx.o(.text)
    I2C1_IRQHandler                          0x08000177   Thumb Code     0  startup_stm32g030xx.o(.text)
    I2C2_IRQHandler                          0x08000177   Thumb Code     0  startup_stm32g030xx.o(.text)
    RCC_IRQHandler                           0x08000177   Thumb Code     0  startup_stm32g030xx.o(.text)
    RTC_TAMP_IRQHandler                      0x08000177   Thumb Code     0  startup_stm32g030xx.o(.text)
    SPI1_IRQHandler                          0x08000177   Thumb Code     0  startup_stm32g030xx.o(.text)
    SPI2_IRQHandler                          0x08000177   Thumb Code     0  startup_stm32g030xx.o(.text)
    TIM14_IRQHandler                         0x08000177   Thumb Code     0  startup_stm32g030xx.o(.text)
    TIM16_IRQHandler                         0x08000177   Thumb Code     0  startup_stm32g030xx.o(.text)
    TIM1_BRK_UP_TRG_COM_IRQHandler           0x08000177   Thumb Code     0  startup_stm32g030xx.o(.text)
    TIM1_CC_IRQHandler                       0x08000177   Thumb Code     0  startup_stm32g030xx.o(.text)
    TIM3_IRQHandler                          0x08000177   Thumb Code     0  startup_stm32g030xx.o(.text)
    USART1_IRQHandler                        0x08000177   Thumb Code     0  startup_stm32g030xx.o(.text)
    USART2_IRQHandler                        0x08000177   Thumb Code     0  startup_stm32g030xx.o(.text)
    WWDG_IRQHandler                          0x08000177   Thumb Code     0  startup_stm32g030xx.o(.text)
    __user_initial_stackheap                 0x08000179   Thumb Code     0  startup_stm32g030xx.o(.text)
    __aeabi_uidiv                            0x0800019d   Thumb Code     0  aeabi_sdiv.o(.text)
    __aeabi_uidivmod                         0x0800019d   Thumb Code    20  aeabi_sdiv.o(.text)
    __aeabi_idiv                             0x080001b1   Thumb Code     0  aeabi_sdiv.o(.text)
    __aeabi_idivmod                          0x080001b1   Thumb Code   338  aeabi_sdiv.o(.text)
    __use_two_region_memory                  0x08000309   Thumb Code     2  heapauxi.o(.text)
    __rt_heap_escrow$2region                 0x0800030b   Thumb Code     2  heapauxi.o(.text)
    __rt_heap_expand$2region                 0x0800030d   Thumb Code     2  heapauxi.o(.text)
    __user_setup_stackheap                   0x0800030f   Thumb Code    62  sys_stackheap_outer.o(.text)
    exit                                     0x0800034d   Thumb Code    16  exit.o(.text)
    __user_libspace                          0x0800035d   Thumb Code     8  libspace.o(.text)
    __user_perproc_libspace                  0x0800035d   Thumb Code     0  libspace.o(.text)
    __user_perthread_libspace                0x0800035d   Thumb Code     0  libspace.o(.text)
    _sys_exit                                0x08000365   Thumb Code     8  sys_exit.o(.text)
    __I$use$semihosting                      0x08000371   Thumb Code     0  use_no_semi.o(.text)
    __use_no_semihosting_swi                 0x08000371   Thumb Code     2  use_no_semi.o(.text)
    App_Main_Loop                            0x08000373   Thumb Code    72  app.o(.text.App_Main_Loop)
    __semihosting_library_function           0x08000373   Thumb Code     0  indicate_semi.o(.text)
    App_Setup                                0x080003bd   Thumb Code   100  app.o(.text.App_Setup)
    GPIO_Init                                0x08000425   Thumb Code   222  gpio.o(.text.GPIO_Init)
    GPIO_SetPin                              0x08000503   Thumb Code    22  gpio.o(.text.GPIO_SetPin)
    GPIO_TogglePin                           0x08000519   Thumb Code    26  gpio.o(.text.GPIO_TogglePin)
    SystemInit                               0x08000533   Thumb Code     2  system_stm32g0xx.o(.text.SystemInit)
    TIM17_IRQHandler                         0x08000535   Thumb Code    20  timebase.o(.text.TIM17_IRQHandler)
    Timebase_Atomic_Operation_End            0x0800054d   Thumb Code     4  timebase.o(.text.Timebase_Atomic_Operation_End)
    Timebase_Atomic_Operation_Start          0x08000551   Thumb Code     4  timebase.o(.text.Timebase_Atomic_Operation_Start)
    Timebase_DownCounter_Clear_All_Flags     0x08000555   Thumb Code    20  timebase.o(.text.Timebase_DownCounter_Clear_All_Flags)
    Timebase_DownCounter_Clear_Period_Flag   0x08000569   Thumb Code    36  timebase.o(.text.Timebase_DownCounter_Clear_Period_Flag)
    Timebase_DownCounter_Expired_Event       0x0800058d   Thumb Code    54  timebase.o(.text.Timebase_DownCounter_Expired_Event)
    Timebase_DownCounter_Get_EndValue        0x080005c5   Thumb Code    28  timebase.o(.text.Timebase_DownCounter_Get_EndValue)
    Timebase_DownCounter_Get_ReloadValue     0x080005e1   Thumb Code    28  timebase.o(.text.Timebase_DownCounter_Get_ReloadValue)
    Timebase_DownCounter_Get_Status          0x080005fd   Thumb Code    32  timebase.o(.text.Timebase_DownCounter_Get_Status)
    Timebase_DownCounter_Get_Value           0x0800061d   Thumb Code    28  timebase.o(.text.Timebase_DownCounter_Get_Value)
    Timebase_DownCounter_Reset               0x08000639   Thumb Code    64  timebase.o(.text.Timebase_DownCounter_Reset)
    Timebase_DownCounter_Reset_All           0x08000679   Thumb Code    46  timebase.o(.text.Timebase_DownCounter_Reset_All)
    Timebase_DownCounter_SS_Clear_Period_Flag 0x080006a9   Thumb Code    32  timebase.o(.text.Timebase_DownCounter_SS_Clear_Period_Flag)
    Timebase_DownCounter_SS_Get_EndValueSec  0x080006c9   Thumb Code    24  timebase.o(.text.Timebase_DownCounter_SS_Get_EndValueSec)
    Timebase_DownCounter_SS_Get_EndValueSubSec 0x080006e1   Thumb Code    24  timebase.o(.text.Timebase_DownCounter_SS_Get_EndValueSubSec)
    Timebase_DownCounter_SS_Get_ReloadValue  0x080006f9   Thumb Code    24  timebase.o(.text.Timebase_DownCounter_SS_Get_ReloadValue)
    Timebase_DownCounter_SS_Get_Status       0x08000711   Thumb Code    32  timebase.o(.text.Timebase_DownCounter_SS_Get_Status)
    Timebase_DownCounter_SS_Get_Value        0x08000731   Thumb Code    24  timebase.o(.text.Timebase_DownCounter_SS_Get_Value)
    Timebase_DownCounter_SS_Reset            0x08000749   Thumb Code    74  timebase.o(.text.Timebase_DownCounter_SS_Reset)
    Timebase_DownCounter_SS_Reset_All        0x08000793   Thumb Code    46  timebase.o(.text.Timebase_DownCounter_SS_Reset_All)
    Timebase_DownCounter_SS_Set_EndValueSec  0x080007c1   Thumb Code    28  timebase.o(.text.Timebase_DownCounter_SS_Set_EndValueSec)
    Timebase_DownCounter_SS_Set_EndValueSubSec 0x080007dd   Thumb Code    28  timebase.o(.text.Timebase_DownCounter_SS_Set_EndValueSubSec)
    Timebase_DownCounter_SS_Set_ReloadValue  0x080007f9   Thumb Code    28  timebase.o(.text.Timebase_DownCounter_SS_Set_ReloadValue)
    Timebase_DownCounter_SS_Set_Status       0x08000815   Thumb Code    52  timebase.o(.text.Timebase_DownCounter_SS_Set_Status)
    Timebase_DownCounter_SS_Set_Value        0x08000849   Thumb Code    28  timebase.o(.text.Timebase_DownCounter_SS_Set_Value)
    Timebase_DownCounter_SS_Update           0x08000869   Thumb Code   264  timebase.o(.text.Timebase_DownCounter_SS_Update)
    Timebase_DownCounter_SS_Update_All       0x08000975   Thumb Code    46  timebase.o(.text.Timebase_DownCounter_SS_Update_All)
    Timebase_DownCounter_Set_EndValue        0x080009a5   Thumb Code    32  timebase.o(.text.Timebase_DownCounter_Set_EndValue)
    Timebase_DownCounter_Set_Forcefully      0x080009c9   Thumb Code    44  timebase.o(.text.Timebase_DownCounter_Set_Forcefully)
    Timebase_DownCounter_Set_ReloadValue     0x080009f5   Thumb Code    32  timebase.o(.text.Timebase_DownCounter_Set_ReloadValue)
    Timebase_DownCounter_Set_Securely        0x08000a19   Thumb Code    82  timebase.o(.text.Timebase_DownCounter_Set_Securely)
    Timebase_DownCounter_Set_Status          0x08000a6d   Thumb Code    56  timebase.o(.text.Timebase_DownCounter_Set_Status)
    Timebase_DownCounter_Set_Value           0x08000aa9   Thumb Code    32  timebase.o(.text.Timebase_DownCounter_Set_Value)
    Timebase_DownCounter_Start               0x08000acd   Thumb Code    38  timebase.o(.text.Timebase_DownCounter_Start)
    Timebase_DownCounter_Update              0x08000af3   Thumb Code   162  timebase.o(.text.Timebase_DownCounter_Update)
    Timebase_DownCounter_Update_All          0x08000b95   Thumb Code    46  timebase.o(.text.Timebase_DownCounter_Update_All)
    Timebase_ISR_Executables                 0x08000bc5   Thumb Code    80  timebase.o(.text.Timebase_ISR_Executables)
    Timebase_Init                            0x08000c19   Thumb Code    30  timebase.o(.text.Timebase_Init)
    Timebase_Main_Loop_Executables           0x08000c39   Thumb Code    96  timebase.o(.text.Timebase_Main_Loop_Executables)
    Timebase_Reset                           0x08000c9d   Thumb Code    12  timebase.o(.text.Timebase_Reset)
    Timebase_Struct_Init                     0x08000ca9   Thumb Code   304  timebase.o(.text.Timebase_Struct_Init)
    Timebase_Timer_Enable                    0x08000de1   Thumb Code   100  timebase.o(.text.Timebase_Timer_Enable)
    Timebase_Timer_Get_Seconds               0x08000e5d   Thumb Code     8  timebase.o(.text.Timebase_Timer_Get_Seconds)
    Timebase_Timer_Get_SubSeconds            0x08000e65   Thumb Code     8  timebase.o(.text.Timebase_Timer_Get_SubSeconds)
    Timebase_Timer_Sync_With_Shadow_Variables 0x08000e71   Thumb Code    64  timebase.o(.text.Timebase_Timer_Sync_With_Shadow_Variables)
    main                                     0x08000f65   Thumb Code    20  main.o(.text.main)
    Region$$Table$$Base                      0x08000f78   Number         0  anon$$obj.o(Region$$Table)
    Region$$Table$$Limit                     0x08000f88   Number         0  anon$$obj.o(Region$$Table)
    __libspace_start                         0x20000000   Data          96  libspace.o(.bss)
    Timebase                                 0x20000060   Data           4  timebase.o(.bss.Timebase)
    __temporary_stack_top$libspace           0x20000060   Data           0  libspace.o(.bss)
    Timebase_type                            0x20000064   Data         792  timebase.o(.bss.Timebase_type)



==============================================================================

Memory Map of the image

  Image Entry point : 0x080000c1

  Load Region LR_IROM1 (Base: 0x08000000, Size: 0x00000f88, Max: 0x00008000, ABSOLUTE)

    Execution Region ER_IROM1 (Exec base: 0x08000000, Load base: 0x08000000, Size: 0x00000f88, Max: 0x00008000, ABSOLUTE)

    Exec Addr    Load Addr    Size         Type   Attr      Idx    E Section Name        Object

    0x08000000   0x08000000   0x000000c0   Data   RO          275    RESET               startup_stm32g030xx.o
    0x080000c0   0x080000c0   0x00000008   Code   RO          304  * !!!main             c_p.l(__main.o)
    0x080000c8   0x080000c8   0x00000054   Code   RO          481    !!!scatter          c_p.l(__scatter.o)
    0x0800011c   0x0800011c   0x00000002   Code   RO          482    !!handler_null      c_p.l(__scatter.o)
    0x0800011e   0x0800011e   0x00000002   PAD
    0x08000120   0x08000120   0x0000001c   Code   RO          485    !!handler_zi        c_p.l(__scatter_zi.o)
    0x0800013c   0x0800013c   0x00000002   Code   RO          342    .ARM.Collect$$libinit$$00000000  c_p.l(libinit.o)
    0x0800013e   0x0800013e   0x00000000   Code   RO          356    .ARM.Collect$$libinit$$00000002  c_p.l(libinit2.o)
    0x0800013e   0x0800013e   0x00000000   Code   RO          358    .ARM.Collect$$libinit$$00000004  c_p.l(libinit2.o)
    0x0800013e   0x0800013e   0x00000000   Code   RO          360    .ARM.Collect$$libinit$$00000006  c_p.l(libinit2.o)
    0x0800013e   0x0800013e   0x00000000   Code   RO          363    .ARM.Collect$$libinit$$0000000C  c_p.l(libinit2.o)
    0x0800013e   0x0800013e   0x00000000   Code   RO          365    .ARM.Collect$$libinit$$0000000E  c_p.l(libinit2.o)
    0x0800013e   0x0800013e   0x00000000   Code   RO          367    .ARM.Collect$$libinit$$00000010  c_p.l(libinit2.o)
    0x0800013e   0x0800013e   0x00000000   Code   RO          370    .ARM.Collect$$libinit$$00000013  c_p.l(libinit2.o)
    0x0800013e   0x0800013e   0x00000000   Code   RO          372    .ARM.Collect$$libinit$$00000015  c_p.l(libinit2.o)
    0x0800013e   0x0800013e   0x00000000   Code   RO          374    .ARM.Collect$$libinit$$00000017  c_p.l(libinit2.o)
    0x0800013e   0x0800013e   0x00000000   Code   RO          376    .ARM.Collect$$libinit$$00000019  c_p.l(libinit2.o)
    0x0800013e   0x0800013e   0x00000000   Code   RO          378    .ARM.Collect$$libinit$$0000001B  c_p.l(libinit2.o)
    0x0800013e   0x0800013e   0x00000000   Code   RO          380    .ARM.Collect$$libinit$$0000001D  c_p.l(libinit2.o)
    0x0800013e   0x0800013e   0x00000000   Code   RO          382    .ARM.Collect$$libinit$$0000001F  c_p.l(libinit2.o)
    0x0800013e   0x0800013e   0x00000000   Code   RO          384    .ARM.Collect$$libinit$$00000021  c_p.l(libinit2.o)
    0x0800013e   0x0800013e   0x00000000   Code   RO          386    .ARM.Collect$$libinit$$00000023  c_p.l(libinit2.o)
    0x0800013e   0x0800013e   0x00000000   Code   RO          388    .ARM.Collect$$libinit$$00000025  c_p.l(libinit2.o)
    0x0800013e   0x0800013e   0x00000000   Code   RO          390    .ARM.Collect$$libinit$$00000027  c_p.l(libinit2.o)
    0x0800013e   0x0800013e   0x00000000   Code   RO          394    .ARM.Collect$$libinit$$0000002E  c_p.l(libinit2.o)
    0x0800013e   0x0800013e   0x00000000   Code   RO          396    .ARM.Collect$$libinit$$00000030  c_p.l(libinit2.o)
    0x0800013e   0x0800013e   0x00000000   Code   RO          398    .ARM.Collect$$libinit$$00000032  c_p.l(libinit2.o)
    0x0800013e   0x0800013e   0x00000000   Code   RO          400    .ARM.Collect$$libinit$$00000034  c_p.l(libinit2.o)
    0x0800013e   0x0800013e   0x00000002   Code   RO          401    .ARM.Collect$$libinit$$00000035  c_p.l(libinit2.o)
    0x08000140   0x08000140   0x00000002   Code   RO          436    .ARM.Collect$$libshutdown$$00000000  c_p.l(libshutdown.o)
    0x08000142   0x08000142   0x00000000   Code   RO          464    .ARM.Collect$$libshutdown$$00000002  c_p.l(libshutdown2.o)
    0x08000142   0x08000142   0x00000000   Code   RO          466    .ARM.Collect$$libshutdown$$00000004  c_p.l(libshutdown2.o)
    0x08000142   0x08000142   0x00000000   Code   RO          469    .ARM.Collect$$libshutdown$$00000007  c_p.l(libshutdown2.o)
    0x08000142   0x08000142   0x00000000   Code   RO          472    .ARM.Collect$$libshutdown$$0000000A  c_p.l(libshutdown2.o)
    0x08000142   0x08000142   0x00000000   Code   RO          474    .ARM.Collect$$libshutdown$$0000000C  c_p.l(libshutdown2.o)
    0x08000142   0x08000142   0x00000000   Code   RO          477    .ARM.Collect$$libshutdown$$0000000F  c_p.l(libshutdown2.o)
    0x08000142   0x08000142   0x00000002   Code   RO          478    .ARM.Collect$$libshutdown$$00000010  c_p.l(libshutdown2.o)
    0x08000144   0x08000144   0x00000000   Code   RO          306    .ARM.Collect$$rtentry$$00000000  c_p.l(__rtentry.o)
    0x08000144   0x08000144   0x00000000   Code   RO          312    .ARM.Collect$$rtentry$$00000002  c_p.l(__rtentry2.o)
    0x08000144   0x08000144   0x00000006   Code   RO          324    .ARM.Collect$$rtentry$$00000004  c_p.l(__rtentry4.o)
    0x0800014a   0x0800014a   0x00000000   Code   RO          314    .ARM.Collect$$rtentry$$00000009  c_p.l(__rtentry2.o)
    0x0800014a   0x0800014a   0x00000004   Code   RO          315    .ARM.Collect$$rtentry$$0000000A  c_p.l(__rtentry2.o)
    0x0800014e   0x0800014e   0x00000000   Code   RO          317    .ARM.Collect$$rtentry$$0000000C  c_p.l(__rtentry2.o)
    0x0800014e   0x0800014e   0x00000008   Code   RO          318    .ARM.Collect$$rtentry$$0000000D  c_p.l(__rtentry2.o)
    0x08000156   0x08000156   0x00000002   Code   RO          347    .ARM.Collect$$rtexit$$00000000  c_p.l(rtexit.o)
    0x08000158   0x08000158   0x00000000   Code   RO          407    .ARM.Collect$$rtexit$$00000002  c_p.l(rtexit2.o)
    0x08000158   0x08000158   0x00000004   Code   RO          408    .ARM.Collect$$rtexit$$00000003  c_p.l(rtexit2.o)
    0x0800015c   0x0800015c   0x00000006   Code   RO          409    .ARM.Collect$$rtexit$$00000004  c_p.l(rtexit2.o)
    0x08000162   0x08000162   0x00000002   PAD
    0x08000164   0x08000164   0x00000038   Code   RO          276    .text               startup_stm32g030xx.o
    0x0800019c   0x0800019c   0x0000016c   Code   RO          298    .text               c_p.l(aeabi_sdiv.o)
    0x08000308   0x08000308   0x00000006   Code   RO          302    .text               c_p.l(heapauxi.o)
    0x0800030e   0x0800030e   0x0000003e   Code   RO          328    .text               c_p.l(sys_stackheap_outer.o)
    0x0800034c   0x0800034c   0x00000010   Code   RO          331    .text               c_p.l(exit.o)
    0x0800035c   0x0800035c   0x00000008   Code   RO          343    .text               c_p.l(libspace.o)
    0x08000364   0x08000364   0x0000000c   Code   RO          402    .text               c_p.l(sys_exit.o)
    0x08000370   0x08000370   0x00000002   Code   RO          425    .text               c_p.l(use_no_semi.o)
    0x08000372   0x08000372   0x00000000   Code   RO          427    .text               c_p.l(indicate_semi.o)
    0x08000372   0x08000372   0x00000048   Code   RO           47    .text.App_Main_Loop  app.o
    0x080003ba   0x080003ba   0x00000002   PAD
    0x080003bc   0x080003bc   0x00000068   Code   RO           45    .text.App_Setup     app.o
    0x08000424   0x08000424   0x000000de   Code   RO           26    .text.GPIO_Init     gpio.o
    0x08000502   0x08000502   0x00000016   Code   RO           28    .text.GPIO_SetPin   gpio.o
    0x08000518   0x08000518   0x0000001a   Code   RO           32    .text.GPIO_TogglePin  gpio.o
    0x08000532   0x08000532   0x00000002   Code   RO          283    .text.SystemInit    system_stm32g0xx.o
    0x08000534   0x08000534   0x00000018   Code   RO           85    .text.TIM17_IRQHandler  timebase.o
    0x0800054c   0x0800054c   0x00000004   Code   RO           83    .text.Timebase_Atomic_Operation_End  timebase.o
    0x08000550   0x08000550   0x00000004   Code   RO           81    .text.Timebase_Atomic_Operation_Start  timebase.o
    0x08000554   0x08000554   0x00000014   Code   RO          221    .text.Timebase_DownCounter_Clear_All_Flags  timebase.o
    0x08000568   0x08000568   0x00000024   Code   RO          213    .text.Timebase_DownCounter_Clear_Period_Flag  timebase.o
    0x0800058c   0x0800058c   0x00000036   Code   RO          235    .text.Timebase_DownCounter_Expired_Event  timebase.o
    0x080005c2   0x080005c2   0x00000002   PAD
    0x080005c4   0x080005c4   0x0000001c   Code   RO          201    .text.Timebase_DownCounter_Get_EndValue  timebase.o
    0x080005e0   0x080005e0   0x0000001c   Code   RO          215    .text.Timebase_DownCounter_Get_ReloadValue  timebase.o
    0x080005fc   0x080005fc   0x00000020   Code   RO          193    .text.Timebase_DownCounter_Get_Status  timebase.o
    0x0800061c   0x0800061c   0x0000001c   Code   RO          197    .text.Timebase_DownCounter_Get_Value  timebase.o
    0x08000638   0x08000638   0x00000040   Code   RO          219    .text.Timebase_DownCounter_Reset  timebase.o
    0x08000678   0x08000678   0x0000002e   Code   RO          251    .text.Timebase_DownCounter_Reset_All  timebase.o
    0x080006a6   0x080006a6   0x00000002   PAD
    0x080006a8   0x080006a8   0x00000020   Code   RO          153    .text.Timebase_DownCounter_SS_Clear_Period_Flag  timebase.o
    0x080006c8   0x080006c8   0x00000018   Code   RO          137    .text.Timebase_DownCounter_SS_Get_EndValueSec  timebase.o
    0x080006e0   0x080006e0   0x00000018   Code   RO          139    .text.Timebase_DownCounter_SS_Get_EndValueSubSec  timebase.o
    0x080006f8   0x080006f8   0x00000018   Code   RO          155    .text.Timebase_DownCounter_SS_Get_ReloadValue  timebase.o
    0x08000710   0x08000710   0x00000020   Code   RO          129    .text.Timebase_DownCounter_SS_Get_Status  timebase.o
    0x08000730   0x08000730   0x00000018   Code   RO          133    .text.Timebase_DownCounter_SS_Get_Value  timebase.o
    0x08000748   0x08000748   0x0000004a   Code   RO          159    .text.Timebase_DownCounter_SS_Reset  timebase.o
    0x08000792   0x08000792   0x0000002e   Code   RO          191    .text.Timebase_DownCounter_SS_Reset_All  timebase.o
    0x080007c0   0x080007c0   0x0000001c   Code   RO          141    .text.Timebase_DownCounter_SS_Set_EndValueSec  timebase.o
    0x080007dc   0x080007dc   0x0000001c   Code   RO          143    .text.Timebase_DownCounter_SS_Set_EndValueSubSec  timebase.o
    0x080007f8   0x080007f8   0x0000001c   Code   RO          157    .text.Timebase_DownCounter_SS_Set_ReloadValue  timebase.o
    0x08000814   0x08000814   0x00000034   Code   RO          131    .text.Timebase_DownCounter_SS_Set_Status  timebase.o
    0x08000848   0x08000848   0x00000020   Code   RO          135    .text.Timebase_DownCounter_SS_Set_Value  timebase.o
    0x08000868   0x08000868   0x0000010c   Code   RO          171    .text.Timebase_DownCounter_SS_Update  timebase.o
    0x08000974   0x08000974   0x0000002e   Code   RO          189    .text.Timebase_DownCounter_SS_Update_All  timebase.o
    0x080009a2   0x080009a2   0x00000002   PAD
    0x080009a4   0x080009a4   0x00000024   Code   RO          203    .text.Timebase_DownCounter_Set_EndValue  timebase.o
    0x080009c8   0x080009c8   0x0000002c   Code   RO          229    .text.Timebase_DownCounter_Set_Forcefully  timebase.o
    0x080009f4   0x080009f4   0x00000024   Code   RO          217    .text.Timebase_DownCounter_Set_ReloadValue  timebase.o
    0x08000a18   0x08000a18   0x00000052   Code   RO          227    .text.Timebase_DownCounter_Set_Securely  timebase.o
    0x08000a6a   0x08000a6a   0x00000002   PAD
    0x08000a6c   0x08000a6c   0x0000003c   Code   RO          195    .text.Timebase_DownCounter_Set_Status  timebase.o
    0x08000aa8   0x08000aa8   0x00000024   Code   RO          199    .text.Timebase_DownCounter_Set_Value  timebase.o
    0x08000acc   0x08000acc   0x00000026   Code   RO          223    .text.Timebase_DownCounter_Start  timebase.o
    0x08000af2   0x08000af2   0x000000a2   Code   RO          231    .text.Timebase_DownCounter_Update  timebase.o
    0x08000b94   0x08000b94   0x0000002e   Code   RO          249    .text.Timebase_DownCounter_Update_All  timebase.o
    0x08000bc2   0x08000bc2   0x00000002   PAD
    0x08000bc4   0x08000bc4   0x00000054   Code   RO           87    .text.Timebase_ISR_Executables  timebase.o
    0x08000c18   0x08000c18   0x0000001e   Code   RO          259    .text.Timebase_Init  timebase.o
    0x08000c36   0x08000c36   0x00000002   PAD
    0x08000c38   0x08000c38   0x00000064   Code   RO          261    .text.Timebase_Main_Loop_Executables  timebase.o
    0x08000c9c   0x08000c9c   0x0000000c   Code   RO          255    .text.Timebase_Reset  timebase.o
    0x08000ca8   0x08000ca8   0x00000138   Code   RO           71    .text.Timebase_Struct_Init  timebase.o
    0x08000de0   0x08000de0   0x0000007c   Code   RO           73    .text.Timebase_Timer_Enable  timebase.o
    0x08000e5c   0x08000e5c   0x00000008   Code   RO           97    .text.Timebase_Timer_Get_Seconds  timebase.o
    0x08000e64   0x08000e64   0x0000000c   Code   RO           95    .text.Timebase_Timer_Get_SubSeconds  timebase.o
    0x08000e70   0x08000e70   0x00000044   Code   RO          113    .text.Timebase_Timer_Sync_With_Shadow_Variables  timebase.o
    0x08000eb4   0x08000eb4   0x0000002c   Code   RO           77    .text.__NVIC_EnableIRQ  timebase.o
    0x08000ee0   0x08000ee0   0x00000084   Code   RO           75    .text.__NVIC_SetPriority  timebase.o
    0x08000f64   0x08000f64   0x00000014   Code   RO            2    .text.main          main.o
    0x08000f78   0x08000f78   0x00000010   Data   RO          480    Region$$Table       anon$$obj.o


    Execution Region RW_IRAM1 (Exec base: 0x20000000, Load base: 0x08000f88, Size: 0x00000980, Max: 0x00002000, ABSOLUTE)

    Exec Addr    Load Addr    Size         Type   Attr      Idx    E Section Name        Object

    0x20000000        -       0x00000060   Zero   RW          344    .bss                c_p.l(libspace.o)
    0x20000060        -       0x00000004   Zero   RW          266    .bss.Timebase       timebase.o
    0x20000064        -       0x00000318   Zero   RW          265    .bss.Timebase_type  timebase.o
    0x2000037c   0x08000f88   0x00000004   PAD
    0x20000380        -       0x00000200   Zero   RW          274    HEAP                startup_stm32g030xx.o
    0x20000580        -       0x00000400   Zero   RW          273    STACK               startup_stm32g030xx.o


==============================================================================

Image component sizes


      Code (inc. data)   RO Data    RW Data    ZI Data      Debug   Object Name

       176          4          0          0          0       2213   app.o
       270          0          0          0          0       2307   gpio.o
        20          0          0          0          0        349   main.o
        56         26        192          0       1536        652   startup_stm32g030xx.o
         2          0          0          0          0       1936   system_stm32g0xx.o
      2596         88          0          0        796      21720   timebase.o

    ----------------------------------------------------------------------
      3134        118        208          0       2336      29177   Object Totals
         0          0         16          0          0          0   (incl. Generated)
        14          0          0          0          4          0   (incl. Padding)

    ----------------------------------------------------------------------

      Code (inc. data)   RO Data    RW Data    ZI Data      Debug   Library Member Name

         8          0          0          0          0         68   __main.o
         0          0          0          0          0          0   __rtentry.o
        12          0          0          0          0          0   __rtentry2.o
         6          0          0          0          0          0   __rtentry4.o
        86         10          0          0          0          0   __scatter.o
        28          0          0          0          0          0   __scatter_zi.o
       364          4          0          0          0         92   aeabi_sdiv.o
        16          0          0          0          0         68   exit.o
         6          0          0          0          0        136   heapauxi.o
         0          0          0          0          0          0   indicate_semi.o
         2          0          0          0          0          0   libinit.o
         2          0          0          0          0          0   libinit2.o
         2          0          0          0          0          0   libshutdown.o
         2          0          0          0          0          0   libshutdown2.o
         8          4          0          0         96         68   libspace.o
         2          0          0          0          0          0   rtexit.o
        10          0          0          0          0          0   rtexit2.o
        12          4          0          0          0         60   sys_exit.o
        62          0          0          0          0         80   sys_stackheap_outer.o
         2          0          0          0          0         68   use_no_semi.o

    ----------------------------------------------------------------------
       634         22          0          0         96        640   Library Totals
         4          0          0          0          0          0   (incl. Padding)

    ----------------------------------------------------------------------

      Code (inc. data)   RO Data    RW Data    ZI Data      Debug   Library Name

       630         22          0          0         96        640   c_p.l

    ----------------------------------------------------------------------
       634         22          0          0         96        640   Library Totals

    ----------------------------------------------------------------------

==============================================================================


      Code (inc. data)   RO Data    RW Data    ZI Data      Debug   

      3768        140        208          0       2432      29593   Grand Totals
      3768        140        208          0       2432      29593   ELF Image Totals
      3768        140        208          0          0          0   ROM Totals

==============================================================================

    Total RO  Size (Code + RO Data)                 3976 (   3.88kB)
    Total RW  Size (RW Data + ZI Data)              2432 (   2.38kB)
    Total ROM Size (Code + RO Data + RW Data)       3976 (   3.88kB)

==============================================================================

