Component: Arm Compiler for Embedded 6.21 Tool: armlink [5ec1fa00]

==============================================================================

Section Cross References

    main.o(.text.main) refers to app.o(.text.App_Setup) for App_Setup
    main.o(.text.main) refers to app.o(.text.App_Main_Loop) for App_Main_Loop
    main.o(.ARM.exidx.text.main) refers to main.o(.text.main) for [Anonymous Symbol]
    flash.o(.text.flash_erase_page) refers to flash.o(.text.flash_clear_flags) for flash_clear_flags
    flash.o(.text.flash_erase_page) refers to flash.o(.text.flash_unlock) for flash_unlock
    flash.o(.text.flash_erase_page) refers to flash.o(.text.flash_lock) for flash_lock
    flash.o(.ARM.exidx.text.flash_erase_page) refers to flash.o(.text.flash_erase_page) for [Anonymous Symbol]
    flash.o(.ARM.exidx.text.flash_clear_flags) refers to flash.o(.text.flash_clear_flags) for [Anonymous Symbol]
    flash.o(.ARM.exidx.text.flash_unlock) refers to flash.o(.text.flash_unlock) for [Anonymous Symbol]
    flash.o(.ARM.exidx.text.flash_lock) refers to flash.o(.text.flash_lock) for [Anonymous Symbol]
    gpio.o(.ARM.exidx.text.GPIO_Init) refers to gpio.o(.text.GPIO_Init) for [Anonymous Symbol]
    gpio.o(.ARM.exidx.text.GPIO_SetPin) refers to gpio.o(.text.GPIO_SetPin) for [Anonymous Symbol]
    gpio.o(.ARM.exidx.text.GPIO_ResetPin) refers to gpio.o(.text.GPIO_ResetPin) for [Anonymous Symbol]
    gpio.o(.ARM.exidx.text.GPIO_TogglePin) refers to gpio.o(.text.GPIO_TogglePin) for [Anonymous Symbol]
    gpio.o(.ARM.exidx.text.GPIO_ReadPin) refers to gpio.o(.text.GPIO_ReadPin) for [Anonymous Symbol]
    app.o(.text.App_Setup) refers to gpio.o(.text.GPIO_Init) for GPIO_Init
    app.o(.text.App_Setup) refers to gpio.o(.text.GPIO_SetPin) for GPIO_SetPin
    app.o(.text.App_Setup) refers to sw_timebase.o(.text.sw_timebase_Init) for sw_timebase_Init
    app.o(.text.App_Setup) refers to sw_timebase.o(.text.sw_timebase_counter_set_securely) for sw_timebase_counter_set_securely
    app.o(.ARM.exidx.text.App_Setup) refers to app.o(.text.App_Setup) for [Anonymous Symbol]
    app.o(.text.App_Main_Loop) refers to sw_timebase.o(.text.sw_timebase_main_loop_executable) for sw_timebase_main_loop_executable
    app.o(.text.App_Main_Loop) refers to sw_timebase.o(.text.sw_timebase_counter_continous_expired_event) for sw_timebase_counter_continous_expired_event
    app.o(.text.App_Main_Loop) refers to gpio.o(.text.GPIO_TogglePin) for GPIO_TogglePin
    app.o(.ARM.exidx.text.App_Main_Loop) refers to app.o(.text.App_Main_Loop) for [Anonymous Symbol]
    crc32.o(.ARM.exidx.text.CRC32_Init) refers to crc32.o(.text.CRC32_Init) for [Anonymous Symbol]
    crc32.o(.text.CRC32_Calculate) refers to crc32.o(.text.CRC32_Init) for CRC32_Init
    crc32.o(.ARM.exidx.text.CRC32_Calculate) refers to crc32.o(.text.CRC32_Calculate) for [Anonymous Symbol]
    crc32.o(.text.CRC32_MemoryRange) refers to crc32.o(.text.CRC32_Init) for CRC32_Init
    crc32.o(.ARM.exidx.text.CRC32_MemoryRange) refers to crc32.o(.text.CRC32_MemoryRange) for [Anonymous Symbol]
    sw_timebase.o(.text.sw_timebase_struct_init) refers to sw_timebase.o(.bss.sw_timebase) for sw_timebase
    sw_timebase.o(.text.sw_timebase_struct_init) refers to sw_timebase.o(.bss.sw_timebase_type) for sw_timebase_type
    sw_timebase.o(.ARM.exidx.text.sw_timebase_struct_init) refers to sw_timebase.o(.text.sw_timebase_struct_init) for [Anonymous Symbol]
    sw_timebase.o(.text.sw_timebase_enable) refers to aeabi_sdiv.o(.text) for __aeabi_uidiv
    sw_timebase.o(.text.sw_timebase_enable) refers to sw_timebase.o(.text.__NVIC_SetPriority) for __NVIC_SetPriority
    sw_timebase.o(.text.sw_timebase_enable) refers to sw_timebase.o(.text.__NVIC_EnableIRQ) for __NVIC_EnableIRQ
    sw_timebase.o(.text.sw_timebase_enable) refers to sw_timebase.o(.bss.sw_timebase) for sw_timebase
    sw_timebase.o(.ARM.exidx.text.sw_timebase_enable) refers to sw_timebase.o(.text.sw_timebase_enable) for [Anonymous Symbol]
    sw_timebase.o(.ARM.exidx.text.__NVIC_SetPriority) refers to sw_timebase.o(.text.__NVIC_SetPriority) for [Anonymous Symbol]
    sw_timebase.o(.ARM.exidx.text.__NVIC_EnableIRQ) refers to sw_timebase.o(.text.__NVIC_EnableIRQ) for [Anonymous Symbol]
    sw_timebase.o(.text.sw_timebase_Init) refers to sw_timebase.o(.text.sw_timebase_struct_init) for sw_timebase_struct_init
    sw_timebase.o(.text.sw_timebase_Init) refers to sw_timebase.o(.text.sw_timebase_enable) for sw_timebase_enable
    sw_timebase.o(.ARM.exidx.text.sw_timebase_Init) refers to sw_timebase.o(.text.sw_timebase_Init) for [Anonymous Symbol]
    sw_timebase.o(.ARM.exidx.text.sw_timebase_disable) refers to sw_timebase.o(.text.sw_timebase_disable) for [Anonymous Symbol]
    sw_timebase.o(.ARM.exidx.text.sw_hardware_timer_disable) refers to sw_timebase.o(.text.sw_hardware_timer_disable) for [Anonymous Symbol]
    sw_timebase.o(.ARM.exidx.text.sw_hardware_timer_reset) refers to sw_timebase.o(.text.sw_hardware_timer_reset) for [Anonymous Symbol]
[...]
    sw_timebase.o(.ARM.exidx.text.sw_timebase_counter_get_period_status_flag) refers to sw_timebase.o(.text.sw_timebase_counter_get_period_status_flag) for [Anonymous Symbol]
    sw_timebase.o(.text.sw_timebase_counter_set_period_status_flag) refers to sw_timebase.o(.bss.sw_timebase) for sw_timebase
    sw_timebase.o(.ARM.exidx.text.sw_timebase_counter_set_period_status_flag) refers to sw_timebase.o(.text.sw_timebase_counter_set_period_status_flag) for [Anonymous Symbol]
    sw_timebase.o(.text.sw_timebase_counter_reset_period_status_flag) refers to sw_timebase.o(.bss.sw_timebase) for sw_timebase
    sw_timebase.o(.ARM.exidx.text.sw_timebase_counter_reset_period_status_flag) refers to sw_timebase.o(.text.sw_timebase_counter_reset_period_status_flag) for [Anonymous Symbol]
    sw_timebase.o(.text.sw_timebase_counter_get_current_value) refers to sw_timebase.o(.bss.sw_timebase) for sw_timebase
    sw_timebase.o(.ARM.exidx.text.sw_timebase_counter_get_current_value) refers to sw_timebase.o(.text.sw_timebase_counter_get_current_value) for [Anonymous Symbol]
    sw_timebase.o(.text.sw_timebase_counter_set_current_value) refers to sw_timebase.o(.bss.sw_timebase) for sw_timebase
    sw_timebase.o(.ARM.exidx.text.sw_timebase_counter_set_current_value) refers to sw_timebase.o(.text.sw_timebase_counter_set_current_value) for [Anonymous Symbol]
    sw_timebase.o(.text.sw_timebase_counter_get_end_value) refers to sw_timebase.o(.bss.sw_timebase) for sw_timebase
    sw_timebase.o(.ARM.exidx.text.sw_timebase_counter_get_end_value) refers to sw_timebase.o(.text.sw_timebase_counter_get_end_value) for [Anonymous Symbol]
    sw_timebase.o(.text.sw_timebase_counter_set_end_value) refers to sw_timebase.o(.bss.sw_timebase) for sw_timebase
    sw_timebase.o(.ARM.exidx.text.sw_timebase_counter_set_end_value) refers to sw_timebase.o(.text.sw_timebase_counter_set_end_value) for [Anonymous Symbol]
    sw_timebase.o(.text.sw_timebase_counter_get_period_value) refers to sw_timebase.o(.bss.sw_timebase) for sw_timebase
    sw_timebase.o(.ARM.exidx.text.sw_timebase_counter_get_period_value) refers to sw_timebase.o(.text.sw_timebase_counter_get_period_value) for [Anonymous Symbol]
    sw_timebase.o(.text.sw_timebase_counter_set_period_value) refers to sw_timebase.o(.bss.sw_timebase) for sw_timebase
    sw_timebase.o(.ARM.exidx.text.sw_timebase_counter_set_period_value) refers to sw_timebase.o(.text.sw_timebase_counter_set_period_value) for [Anonymous Symbol]
    sw_timebase.o(.text.sw_timebase_counter_get_reload_value) refers to sw_timebase.o(.bss.sw_timebase) for sw_timebase
    sw_timebase.o(.ARM.exidx.text.sw_timebase_counter_get_reload_value) refers to sw_timebase.o(.text.sw_timebase_counter_get_reload_value) for [Anonymous Symbol]
    sw_timebase.o(.text.sw_timebase_counter_set_reload_value) refers to sw_timebase.o(.bss.sw_timebase) for sw_timebase
    sw_timebase.o(.ARM.exidx.text.sw_timebase_counter_set_reload_value) refers to sw_timebase.o(.text.sw_timebase_counter_set_reload_value) for [Anonymous Symbol]
    sw_timebase.o(.text.sw_timebase_counter_get_target_value) refers to sw_timebase.o(.bss.sw_timebase) for sw_timebase
    sw_timebase.o(.ARM.exidx.text.sw_timebase_counter_get_target_value) refers to sw_timebase.o(.text.sw_timebase_counter_get_target_value) for [Anonymous Symbol]
    sw_timebase.o(.text.sw_timebase_counter_set_target_value) refers to sw_timebase.o(.bss.sw_timebase) for sw_timebase
    sw_timebase.o(.ARM.exidx.text.sw_timebase_counter_set_target_value) refers to sw_timebase.o(.text.sw_timebase_counter_set_target_value) for [Anonymous Symbol]
    sw_timebase.o(.text.sw_timebase_counter_get_temporary_value) refers to sw_timebase.o(.bss.sw_timebase) for sw_timebase
    sw_timebase.o(.ARM.exidx.text.sw_timebase_counter_get_temporary_value) refers to sw_timebase.o(.text.sw_timebase_counter_get_temporary_value) for [Anonymous Symbol]
    sw_timebase.o(.text.sw_timebase_counter_set_temporary_value) refers to sw_timebase.o(.bss.sw_timebase) for sw_timebase
    sw_timebase.o(.ARM.exidx.text.sw_timebase_counter_set_temporary_value) refers to sw_timebase.o(.text.sw_timebase_counter_set_temporary_value) for [Anonymous Symbol]
    sw_timebase.o(.text.sw_timebase_counter_reset) refers to sw_timebase.o(.text.sw_timebase_counter_set_status) for sw_timebase_counter_set_status
    sw_timebase.o(.text.sw_timebase_counter_reset) refers to sw_timebase.o(.text.sw_timebase_counter_set_temporary_value) for sw_timebase_counter_set_temporary_value
    sw_timebase.o(.text.sw_timebase_counter_reset) refers to sw_timebase.o(.text.sw_timebase_counter_set_target_value) for sw_timebase_counter_set_target_value
    sw_timebase.o(.text.sw_timebase_counter_reset) refers to sw_timebase.o(.text.sw_timebase_counter_set_reload_value) for sw_timebase_counter_set_reload_value
    sw_timebase.o(.text.sw_timebase_counter_reset) refers to sw_timebase.o(.text.sw_timebase_counter_set_period_value) for sw_timebase_counter_set_period_value
    sw_timebase.o(.text.sw_timebase_counter_reset) refers to sw_timebase.o(.text.sw_timebase_counter_set_end_value) for sw_timebase_counter_set_end_value
    sw_timebase.o(.text.sw_timebase_counter_reset) refers to sw_timebase.o(.text.sw_timebase_counter_set_current_value) for sw_timebase_counter_set_current_value
    sw_timebase.o(.text.sw_timebase_counter_reset) refers to sw_timebase.o(.text.sw_timebase_counter_reset_period_status_flag) for sw_timebase_counter_reset_period_status_flag
    sw_timebase.o(.ARM.exidx.text.sw_timebase_counter_reset) refers to sw_timebase.o(.text.sw_timebase_counter_reset) for [Anonymous Symbol]
    sw_timebase.o(.text.sw_timebase_counter_clear_flag) refers to sw_timebase.o(.text.sw_timebase_counter_reset) for sw_timebase_counter_reset
    sw_timebase.o(.ARM.exidx.text.sw_timebase_counter_clear_flag) refers to sw_timebase.o(.text.sw_timebase_counter_clear_flag) for [Anonymous Symbol]
    sw_timebase.o(.text.sw_timebase_counter_start) refers to sw_timebase.o(.text.sw_timebase_counter_get_status) for sw_timebase_counter_get_status
    sw_timebase.o(.text.sw_timebase_counter_start) refers to sw_timebase.o(.text.sw_timebase_counter_set_status) for sw_timebase_counter_set_status
    sw_timebase.o(.ARM.exidx.text.sw_timebase_counter_start) refers to sw_timebase.o(.text.sw_timebase_counter_start) for [Anonymous Symbol]
    sw_timebase.o(.text.sw_timebase_counter_stop) refers to sw_timebase.o(.text.sw_timebase_counter_get_status) for sw_timebase_counter_get_status
    sw_timebase.o(.text.sw_timebase_counter_stop) refers to sw_timebase.o(.text.sw_timebase_counter_set_status) for sw_timebase_counter_set_status
    sw_timebase.o(.ARM.exidx.text.sw_timebase_counter_stop) refers to sw_timebase.o(.text.sw_timebase_counter_stop) for [Anonymous Symbol]
    sw_timebase.o(.text.sw_timebase_counter_set_securely) refers to sw_timebase.o(.text.sw_timebase_counter_get_status) for sw_timebase_counter_get_status
    sw_timebase.o(.text.sw_timebase_counter_set_securely) refers to sw_timebase.o(.text.sw_timebase_counter_set_current_value) for sw_timebase_counter_set_current_value
    sw_timebase.o(.text.sw_timebase_counter_set_securely) refers to sw_timebase.o(.text.sw_timebase_counter_set_temporary_value) for sw_timebase_counter_set_temporary_value
    sw_timebase.o(.text.sw_timebase_counter_set_securely) refers to sw_timebase.o(.text.sw_timebase_counter_set_target_value) for sw_timebase_counter_set_target_value
    sw_timebase.o(.text.sw_timebase_counter_set_securely) refers to sw_timebase.o(.text.sw_timebase_get_seconds) for sw_timebase_get_seconds
    sw_timebase.o(.text.sw_timebase_counter_set_securely) refers to sw_timebase.o(.text.sw_timebase_counter_set_end_value) for sw_timebase_counter_set_end_value
    sw_timebase.o(.text.sw_timebase_counter_set_securely) refers to sw_timebase.o(.text.sw_timebase_counter_set_reload_value) for sw_timebase_counter_set_reload_value
    sw_timebase.o(.text.sw_timebase_counter_set_securely) refers to sw_timebase.o(.text.sw_timebase_counter_set_status) for sw_timebase_counter_set_status
    sw_timebase.o(.ARM.exidx.text.sw_timebase_counter_set_securely) refers to sw_timebase.o(.text.sw_timebase_counter_set_securely) for [Anonymous Symbol]
    sw_timebase.o(.text.sw_timebase_counter_set_forcefully) refers to sw_timebase.o(.text.sw_timebase_counter_reset) for sw_timebase_counter_reset
    sw_timebase.o(.text.sw_timebase_counter_set_forcefully) refers to sw_timebase.o(.text.sw_timebase_counter_set_securely) for sw_timebase_counter_set_securely
    sw_timebase.o(.ARM.exidx.text.sw_timebase_counter_set_forcefully) refers to sw_timebase.o(.text.sw_timebase_counter_set_forcefully) for [Anonymous Symbol]
    sw_timebase.o(.text.sw_timebase_counter_update) refers to sw_timebase.o(.text.sw_timebase_counter_get_status) for sw_timebase_counter_get_status
    sw_timebase.o(.text.sw_timebase_counter_update) refers to sw_timebase.o(.text.sw_timebase_get_seconds) for sw_timebase_get_seconds
    sw_timebase.o(.text.sw_timebase_counter_update) refers to sw_timebase.o(.text.sw_timebase_counter_get_end_value) for sw_timebase_counter_get_end_value
    sw_timebase.o(.text.sw_timebase_counter_update) refers to sw_timebase.o(.text.sw_timebase_counter_set_temporary_value) for sw_timebase_counter_set_temporary_value
    sw_timebase.o(.text.sw_timebase_counter_update) refers to sw_timebase.o(.text.sw_timebase_counter_get_target_value) for sw_timebase_counter_get_target_value
    sw_timebase.o(.text.sw_timebase_counter_update) refers to sw_timebase.o(.text.sw_timebase_counter_get_temporary_value) for sw_timebase_counter_get_temporary_value
    sw_timebase.o(.text.sw_timebase_counter_update) refers to sw_timebase.o(.text.sw_timebase_counter_set_current_value) for sw_timebase_counter_set_current_value
    sw_timebase.o(.text.sw_timebase_counter_update) refers to sw_timebase.o(.text.sw_timebase_counter_set_end_value) for sw_timebase_counter_set_end_value
    sw_timebase.o(.text.sw_timebase_counter_update) refers to sw_timebase.o(.text.sw_timebase_counter_get_reload_value) for sw_timebase_counter_get_reload_value
    sw_timebase.o(.text.sw_timebase_counter_update) refers to sw_timebase.o(.text.sw_timebase_counter_set_reload_value) for sw_timebase_counter_set_reload_value
    sw_timebase.o(.text.sw_timebase_counter_update) refers to sw_timebase.o(.text.sw_timebase_counter_set_status) for sw_timebase_counter_set_status
    sw_timebase.o(.text.sw_timebase_counter_update) refers to sw_timebase.o(.text.sw_timebase_counter_get_current_value) for sw_timebase_counter_get_current_value
    sw_timebase.o(.ARM.exidx.text.sw_timebase_counter_update) refers to sw_timebase.o(.text.sw_timebase_counter_update) for [Anonymous Symbol]
    sw_timebase.o(.text.sw_timebase_counter_expired) refers to sw_timebase.o(.text.sw_timebase_counter_get_status) for sw_timebase_counter_get_status
    sw_timebase.o(.ARM.exidx.text.sw_timebase_counter_expired) refers to sw_timebase.o(.text.sw_timebase_counter_expired) for [Anonymous Symbol]
    sw_timebase.o(.text.sw_timebase_counter_expired_event) refers to sw_timebase.o(.text.sw_timebase_counter_get_status) for sw_timebase_counter_get_status
    sw_timebase.o(.text.sw_timebase_counter_expired_event) refers to sw_timebase.o(.text.sw_timebase_counter_clear_flag) for sw_timebase_counter_clear_flag
    sw_timebase.o(.ARM.exidx.text.sw_timebase_counter_expired_event) refers to sw_timebase.o(.text.sw_timebase_counter_expired_event) for [Anonymous Symbol]
    sw_timebase.o(.text.sw_timebase_counter_oneshot_expired_event) refers to sw_timebase.o(.text.sw_timebase_counter_expired_event) for sw_timebase_counter_expired_event
    sw_timebase.o(.ARM.exidx.text.sw_timebase_counter_oneshot_expired_event) refers to sw_timebase.o(.text.sw_timebase_counter_oneshot_expired_event) for [Anonymous Symbol]
    sw_timebase.o(.text.sw_timebase_counter_continous_expired_event) refers to sw_timebase.o(.text.sw_timebase_counter_get_status) for sw_timebase_counter_get_status
    sw_timebase.o(.text.sw_timebase_counter_continous_expired_event) refers to sw_timebase.o(.text.sw_timebase_counter_get_reload_value) for sw_timebase_counter_get_reload_value
    sw_timebase.o(.text.sw_timebase_counter_continous_expired_event) refers to sw_timebase.o(.text.sw_timebase_counter_clear_flag) for sw_timebase_counter_clear_flag
    sw_timebase.o(.text.sw_timebase_counter_continous_expired_event) refers to sw_timebase.o(.text.sw_timebase_counter_set_securely) for sw_timebase_counter_set_securely
    sw_timebase.o(.ARM.exidx.text.sw_timebase_counter_continous_expired_event) refers to sw_timebase.o(.text.sw_timebase_counter_continous_expired_event) for [Anonymous Symbol]
    sw_timebase.o(.text.sw_timebase_counter_update_all) refers to sw_timebase.o(.text.sw_timebase_counter_update) for sw_timebase_counter_update
    sw_timebase.o(.ARM.exidx.text.sw_timebase_counter_update_all) refers to sw_timebase.o(.text.sw_timebase_counter_update_all) for [Anonymous Symbol]
    sw_timebase.o(.text.sw_timebase_counter_reset_all) refers to sw_timebase.o(.text.sw_timebase_counter_reset) for sw_timebase_counter_reset
    sw_timebase.o(.ARM.exidx.text.sw_timebase_counter_reset_all) refers to sw_timebase.o(.text.sw_timebase_counter_reset_all) for [Anonymous Symbol]
    sw_timebase.o(.text.sw_timebase_main_loop_executable) refers to sw_timebase.o(.text.sw_timebase_variable_sync) for sw_timebase_variable_sync
    sw_timebase.o(.text.sw_timebase_main_loop_executable) refers to sw_timebase.o(.text.sw_timebase_counter_update_all) for sw_timebase_counter_update_all
    sw_timebase.o(.text.sw_timebase_main_loop_executable) refers to sw_timebase.o(.bss.sw_timebase) for sw_timebase
    sw_timebase.o(.ARM.exidx.text.sw_timebase_main_loop_executable) refers to sw_timebase.o(.text.sw_timebase_main_loop_executable) for [Anonymous Symbol]
    sw_timebase.o(.text.sw_timebase_variable_sync) refers to sw_timebase.o(.text.sw_timebase_atomic_operation_start) for sw_timebase_atomic_operation_start
    sw_timebase.o(.text.sw_timebase_variable_sync) refers to sw_timebase.o(.text.sw_timebase_atomic_operation_end) for sw_timebase_atomic_operation_end
    sw_timebase.o(.text.sw_timebase_variable_sync) refers to sw_timebase.o(.bss.sw_timebase) for sw_timebase
    sw_timebase.o(.ARM.exidx.text.sw_timebase_variable_sync) refers to sw_timebase.o(.text.sw_timebase_variable_sync) for [Anonymous Symbol]
    startup_stm32g030xx.o(STACK) refers (Special) to heapauxi.o(.text) for __use_two_region_memory
    startup_stm32g030xx.o(HEAP) refers (Special) to heapauxi.o(.text) for __use_two_region_memory
    startup_stm32g030xx.o(RESET) refers (Special) to heapauxi.o(.text) for __use_two_region_memory
    startup_stm32g030xx.o(RESET) refers to startup_stm32g030xx.o(STACK) for __initial_sp
    startup_stm32g030xx.o(RESET) refers to startup_stm32g030xx.o(.text) for Reset_Handler
    startup_stm32g030xx.o(RESET) refers to sw_timebase.o(.text.TIM17_IRQHandler) for TIM17_IRQHandler
    startup_stm32g030xx.o(.text) refers (Special) to heapauxi.o(.text) for __use_two_region_memory
    startup_stm32g030xx.o(.text) refers to system_stm32g0xx.o(.text.SystemInit) for SystemInit
    startup_stm32g030xx.o(.text) refers to __main.o(!!!main) for __main
    startup_stm32g030xx.o(.text) refers to startup_stm32g030xx.o(HEAP) for Heap_Mem
    startup_stm32g030xx.o(.text) refers to startup_stm32g030xx.o(STACK) for Stack_Mem
    system_stm32g0xx.o(.ARM.exidx.text.SystemInit) refers to system_stm32g0xx.o(.text.SystemInit) for [Anonymous Symbol]
    system_stm32g0xx.o(.text.SystemCoreClockUpdate) refers to aeabi_sdiv.o(.text) for __aeabi_uidiv
    system_stm32g0xx.o(.text.SystemCoreClockUpdate) refers to system_stm32g0xx.o(.data.SystemCoreClock) for SystemCoreClock
    system_stm32g0xx.o(.text.SystemCoreClockUpdate) refers to system_stm32g0xx.o(.rodata.AHBPrescTable) for AHBPrescTable
    system_stm32g0xx.o(.ARM.exidx.text.SystemCoreClockUpdate) refers to system_stm32g0xx.o(.text.SystemCoreClockUpdate) for [Anonymous Symbol]
    __main.o(!!!main) refers to __rtentry.o(.ARM.Collect$$rtentry$$00000000) for __rt_entry
    __rtentry.o(.ARM.Collect$$rtentry$$00000000) refers (Special) to __rtentry2.o(.ARM.Collect$$rtentry$$0000000A) for __rt_entry_li
    __rtentry.o(.ARM.Collect$$rtentry$$00000000) refers (Special) to __rtentry2.o(.ARM.Collect$$rtentry$$0000000D) for __rt_entry_main
    __rtentry.o(.ARM.Collect$$rtentry$$00000000) refers (Special) to __rtentry2.o(.ARM.Collect$$rtentry$$0000000C) for __rt_entry_postli_1
    __rtentry.o(.ARM.Collect$$rtentry$$00000000) refers (Special) to __rtentry2.o(.ARM.Collect$$rtentry$$00000009) for __rt_entry_postsh_1
    __rtentry.o(.ARM.Collect$$rtentry$$00000000) refers (Special) to __rtentry2.o(.ARM.Collect$$rtentry$$00000002) for __rt_entry_presh_1
    __rtentry.o(.ARM.Collect$$rtentry$$00000000) refers (Special) to __rtentry4.o(.ARM.Collect$$rtentry$$00000004) for __rt_entry_sh
    aeabi_idiv0_sigfpe.o(.text) refers to rt_div0.o(.text) for __rt_div0
    __rtentry2.o(.ARM.Collect$$rtentry$$00000008) refers to boardinit2.o(.text) for _platform_post_stackheap_init
    __rtentry2.o(.ARM.Collect$$rtentry$$0000000A) refers to libinit.o(.ARM.Collect$$libinit$$00000000) for __rt_lib_init
    __rtentry2.o(.ARM.Collect$$rtentry$$0000000B) refers to boardinit3.o(.text) for _platform_post_lib_init
    __rtentry2.o(.ARM.Collect$$rtentry$$0000000D) refers to main.o(.text.main) for main
    __rtentry2.o(.ARM.Collect$$rtentry$$0000000D) refers to exit.o(.text) for exit
    __rtentry2.o(.ARM.exidx) refers to __rtentry2.o(.ARM.Collect$$rtentry$$00000001) for .ARM.Collect$$rtentry$$00000001
    __rtentry2.o(.ARM.exidx) refers to __rtentry2.o(.ARM.Collect$$rtentry$$00000008) for .ARM.Collect$$rtentry$$00000008
    __rtentry2.o(.ARM.exidx) refers to __rtentry2.o(.ARM.Collect$$rtentry$$0000000A) for .ARM.Collect$$rtentry$$0000000A
    __rtentry2.o(.ARM.exidx) refers to __rtentry2.o(.ARM.Collect$$rtentry$$0000000B) for .ARM.Collect$$rtentry$$0000000B
    __rtentry2.o(.ARM.exidx) refers to __rtentry2.o(.ARM.Collect$$rtentry$$0000000D) for .ARM.Collect$$rtentry$$0000000D
    __rtentry4.o(.ARM.Collect$$rtentry$$00000004) refers to sys_stackheap_outer.o(.text) for __user_setup_stackheap
    __rtentry4.o(.ARM.exidx) refers to __rtentry4.o(.ARM.Collect$$rtentry$$00000004) for .ARM.Collect$$rtentry$$00000004
    rt_div0.o(.text) refers to defsig_fpe_outer.o(.text) for __rt_SIGFPE
    sys_stackheap_outer.o(.text) refers to libspace.o(.text) for __user_perproc_libspace
    sys_stackheap_outer.o(.text) refers to startup_stm32g030xx.o(.text) for __user_initial_stackheap
    sys_stackheap_outer.o(__vectab_stack_and_reset_area) refers to tempstk.o(.text) for __temporary_stack_top
    sys_stackheap_outer.o(__vectab_stack_and_reset_area) refers to __main.o(!!!main) for __main
    exit.o(.text) refers to rtexit.o(.ARM.Collect$$rtexit$$00000000) for __rt_exit
    defsig_fpe_outer.o(.text) refers to defsig_fpe_inner.o(.text) for __rt_SIGFPE_inner
    defsig_fpe_outer.o(.text) refers to defsig_exit.o(.text) for __sig_exit
    defsig_fpe_formal.o(.text) refers to rt_raise.o(.text) for __rt_raise
    libinit.o(.ARM.Collect$$libinit$$00000000) refers (Special) to libinit2.o(.ARM.Collect$$libinit$$00000030) for __rt_lib_init_alloca_1
    libinit.o(.ARM.Collect$$libinit$$00000000) refers (Special) to libinit2.o(.ARM.Collect$$libinit$$0000002E) for __rt_lib_init_argv_1
    libinit.o(.ARM.Collect$$libinit$$00000000) refers (Special) to libinit2.o(.ARM.Collect$$libinit$$0000001D) for __rt_lib_init_atexit_1
    libinit.o(.ARM.Collect$$libinit$$00000000) refers (Special) to libinit2.o(.ARM.Collect$$libinit$$00000023) for __rt_lib_init_clock_1
    libinit.o(.ARM.Collect$$libinit$$00000000) refers (Special) to libinit2.o(.ARM.Collect$$libinit$$00000034) for __rt_lib_init_cpp_1
    libinit.o(.ARM.Collect$$libinit$$00000000) refers (Special) to libinit2.o(.ARM.Collect$$libinit$$00000032) for __rt_lib_init_exceptions_1
    libinit.o(.ARM.Collect$$libinit$$00000000) refers (Special) to libinit2.o(.ARM.Collect$$libinit$$00000002) for __rt_lib_init_fp_1
    libinit.o(.ARM.Collect$$libinit$$00000000) refers (Special) to libinit2.o(.ARM.Collect$$libinit$$00000021) for __rt_lib_init_fp_trap_1
    libinit.o(.ARM.Collect$$libinit$$00000000) refers (Special) to libinit2.o(.ARM.Collect$$libinit$$00000025) for __rt_lib_init_getenv_1
    libinit.o(.ARM.Collect$$libinit$$00000000) refers (Special) to libinit2.o(.ARM.Collect$$libinit$$0000000C) for __rt_lib_init_heap_1
    libinit.o(.ARM.Collect$$libinit$$00000000) refers (Special) to libinit2.o(.ARM.Collect$$libinit$$00000013) for __rt_lib_init_lc_collate_1
    libinit.o(.ARM.Collect$$libinit$$00000000) refers (Special) to libinit2.o(.ARM.Collect$$libinit$$00000015) for __rt_lib_init_lc_ctype_1
    libinit.o(.ARM.Collect$$libinit$$00000000) refers (Special) to libinit2.o(.ARM.Collect$$libinit$$00000017) for __rt_lib_init_lc_monetary_1
    libinit.o(.ARM.Collect$$libinit$$00000000) refers (Special) to libinit2.o(.ARM.Collect$$libinit$$00000019) for __rt_lib_init_lc_numeric_1
    libinit.o(.ARM.Collect$$libinit$$00000000) refers (Special) to libinit2.o(.ARM.Collect$$libinit$$0000001B) for __rt_lib_init_lc_time_1
    libinit.o(.ARM.Collect$$libinit$$00000000) refers (Special) to libinit2.o(.ARM.Collect$$libinit$$00000006) for __rt_lib_init_preinit_1
    libinit.o(.ARM.Collect$$libinit$$00000000) refers (Special) to libinit2.o(.ARM.Collect$$libinit$$00000010) for __rt_lib_init_rand_1
    libinit.o(.ARM.Collect$$libinit$$00000000) refers (Special) to libinit2.o(.ARM.Collect$$libinit$$00000004) for __rt_lib_init_relocate_pie_1
    libinit.o(.ARM.Collect$$libinit$$00000000) refers (Special) to libinit2.o(.ARM.Collect$$libinit$$00000035) for __rt_lib_init_return
    libinit.o(.ARM.Collect$$libinit$$00000000) refers (Special) to libinit2.o(.ARM.Collect$$libinit$$0000001F) for __rt_lib_init_signal_1
    libinit.o(.ARM.Collect$$libinit$$00000000) refers (Special) to libinit2.o(.ARM.Collect$$libinit$$00000027) for __rt_lib_init_stdio_1
    libinit.o(.ARM.Collect$$libinit$$00000000) refers (Special) to libinit2.o(.ARM.Collect$$libinit$$0000000E) for __rt_lib_init_user_alloc_1
    libspace.o(.text) refers to libspace.o(.bss) for __libspace_start
    rtexit.o(.ARM.Collect$$rtexit$$00000000) refers (Special) to rtexit2.o(.ARM.Collect$$rtexit$$00000004) for __rt_exit_exit
    rtexit.o(.ARM.Collect$$rtexit$$00000000) refers (Special) to rtexit2.o(.ARM.Collect$$rtexit$$00000003) for __rt_exit_ls
    rtexit.o(.ARM.Collect$$rtexit$$00000000) refers (Special) to rtexit2.o(.ARM.Collect$$rtexit$$00000002) for __rt_exit_prels_1
    rtexit.o(.ARM.exidx) refers (Special) to rtexit2.o(.ARM.Collect$$rtexit$$00000004) for __rt_exit_exit
    rtexit.o(.ARM.exidx) refers (Special) to rtexit2.o(.ARM.Collect$$rtexit$$00000003) for __rt_exit_ls
    rtexit.o(.ARM.exidx) refers (Special) to rtexit2.o(.ARM.Collect$$rtexit$$00000002) for __rt_exit_prels_1
    rtexit.o(.ARM.exidx) refers to rtexit.o(.ARM.Collect$$rtexit$$00000000) for .ARM.Collect$$rtexit$$00000000
    rt_raise.o(.text) refers to __raise.o(.text) for __raise
    rt_raise.o(.text) refers to sys_exit.o(.text) for _sys_exit
    defsig_exit.o(.text) refers to sys_exit.o(.text) for _sys_exit
    defsig_fpe_inner.o(.text) refers to defsig_general.o(.text) for __default_signal_display
    libinit2.o(.ARM.Collect$$libinit$$00000012) refers to libinit2.o(.ARM.Collect$$libinit$$00000011) for .ARM.Collect$$libinit$$00000011
    libinit2.o(.ARM.Collect$$libinit$$00000014) refers to libinit2.o(.ARM.Collect$$libinit$$00000011) for .ARM.Collect$$libinit$$00000011
    libinit2.o(.ARM.Collect$$libinit$$00000016) refers to libinit2.o(.ARM.Collect$$libinit$$00000011) for .ARM.Collect$$libinit$$00000011
    libinit2.o(.ARM.Collect$$libinit$$00000018) refers to libinit2.o(.ARM.Collect$$libinit$$00000011) for .ARM.Collect$$libinit$$00000011
    libinit2.o(.ARM.Collect$$libinit$$0000001A) refers to libinit2.o(.ARM.Collect$$libinit$$00000011) for .ARM.Collect$$libinit$$00000011
    libinit2.o(.ARM.Collect$$libinit$$00000028) refers to argv_veneer.o(.text) for __ARM_argv_veneer
    libinit2.o(.ARM.Collect$$libinit$$00000029) refers to argv_veneer.o(.text) for __ARM_argv_veneer
    sys_exit.o(.text) refers (Special) to use_no_semi.o(.text) for __I$use$semihosting
    sys_exit.o(.text) refers (Special) to indicate_semi.o(.text) for __semihosting_library_function
    sys_exit_hlt.o(.text) refers (Special) to use_no_semi.o(.text) for __I$use$semihosting
    sys_exit_hlt.o(.text) refers (Special) to indicate_semi.o(.text) for __semihosting_library_function
    rtexit2.o(.ARM.Collect$$rtexit$$00000003) refers to libshutdown.o(.ARM.Collect$$libshutdown$$00000000) for __rt_lib_shutdown
    rtexit2.o(.ARM.Collect$$rtexit$$00000004) refers to sys_exit.o(.text) for _sys_exit
    rtexit2.o(.ARM.exidx) refers to rtexit2.o(.ARM.Collect$$rtexit$$00000001) for .ARM.Collect$$rtexit$$00000001
    rtexit2.o(.ARM.exidx) refers to rtexit2.o(.ARM.Collect$$rtexit$$00000003) for .ARM.Collect$$rtexit$$00000003
    rtexit2.o(.ARM.exidx) refers to rtexit2.o(.ARM.Collect$$rtexit$$00000004) for .ARM.Collect$$rtexit$$00000004
    __raise.o(.text) refers to defsig.o(CL$$defsig) for __default_signal_handler
    defsig_general.o(.text) refers to sys_wrch.o(.text) for _ttywrch
    sys_wrch.o(.text) refers (Special) to use_no_semi.o(.text) for __I$use$semihosting
    sys_wrch.o(.text) refers (Special) to indicate_semi.o(.text) for __semihosting_library_function
    sys_wrch_hlt.o(.text) refers (Special) to use_no_semi.o(.text) for __I$use$semihosting
    sys_wrch_hlt.o(.text) refers (Special) to indicate_semi.o(.text) for __semihosting_library_function
    defsig.o(CL$$defsig) refers to defsig_fpe_inner.o(.text) for __rt_SIGFPE_inner
    defsig.o(CL$$defsig) refers to defsig_rtmem_inner.o(.text) for __rt_SIGRTMEM_inner
    _get_argv_nomalloc.o(.text) refers (Special) to hrguard.o(.text) for __heap_region$guard
    _get_argv_nomalloc.o(.text) refers to defsig_rtmem_outer.o(.text) for __rt_SIGRTMEM
    _get_argv_nomalloc.o(.text) refers to sys_command.o(.text) for _sys_command_string
    libshutdown.o(.ARM.Collect$$libshutdown$$00000000) refers (Special) to libshutdown2.o(.ARM.Collect$$libshutdown$$00000002) for __rt_lib_shutdown_cpp_1
    libshutdown.o(.ARM.Collect$$libshutdown$$00000000) refers (Special) to libshutdown2.o(.ARM.Collect$$libshutdown$$00000007) for __rt_lib_shutdown_fp_trap_1
    libshutdown.o(.ARM.Collect$$libshutdown$$00000000) refers (Special) to libshutdown2.o(.ARM.Collect$$libshutdown$$0000000F) for __rt_lib_shutdown_heap_1
    libshutdown.o(.ARM.Collect$$libshutdown$$00000000) refers (Special) to libshutdown2.o(.ARM.Collect$$libshutdown$$00000010) for __rt_lib_shutdown_return
    libshutdown.o(.ARM.Collect$$libshutdown$$00000000) refers (Special) to libshutdown2.o(.ARM.Collect$$libshutdown$$0000000A) for __rt_lib_shutdown_signal_1
    libshutdown.o(.ARM.Collect$$libshutdown$$00000000) refers (Special) to libshutdown2.o(.ARM.Collect$$libshutdown$$00000004) for __rt_lib_shutdown_stdio_1
    libshutdown.o(.ARM.Collect$$libshutdown$$00000000) refers (Special) to libshutdown2.o(.ARM.Collect$$libshutdown$$0000000C) for __rt_lib_shutdown_user_alloc_1
    sys_command.o(.text) refers (Special) to use_no_semi.o(.text) for __I$use$semihosting
    sys_command.o(.text) refers (Special) to indicate_semi.o(.text) for __semihosting_library_function
    sys_command_hlt.o(.text) refers (Special) to use_no_semi.o(.text) for __I$use$semihosting
    sys_command_hlt.o(.text) refers (Special) to indicate_semi.o(.text) for __semihosting_library_function
    defsig_abrt_inner.o(.text) refers to defsig_general.o(.text) for __default_signal_display
    defsig_rtred_inner.o(.text) refers to defsig_general.o(.text) for __default_signal_display
    defsig_rtmem_inner.o(.text) refers to defsig_general.o(.text) for __default_signal_display
    defsig_rtmem_outer.o(.text) refers to defsig_rtmem_inner.o(.text) for __rt_SIGRTMEM_inner
    defsig_rtmem_outer.o(.text) refers to defsig_exit.o(.text) for __sig_exit
    defsig_rtmem_formal.o(.text) refers to rt_raise.o(.text) for __rt_raise
    defsig_stak_inner.o(.text) refers to defsig_general.o(.text) for __default_signal_display
    defsig_pvfn_inner.o(.text) refers to defsig_general.o(.text) for __default_signal_display
    defsig_cppl_inner.o(.text) refers to defsig_general.o(.text) for __default_signal_display
    defsig_segv_inner.o(.text) refers to defsig_general.o(.text) for __default_signal_display
    defsig_other.o(.text) refers to defsig_general.o(.text) for __default_signal_display


==============================================================================

Removing Unused input sections from the image.

    Removing main.o(.text), (0 bytes).
    Removing main.o(.ARM.exidx.text.main), (8 bytes).
    Removing main.o(.ARM.use_no_argv), (4 bytes).
    Removing flash.o(.text), (0 bytes).
    Removing flash.o(.text.flash_erase_page), (136 bytes).
    Removing flash.o(.ARM.exidx.text.flash_erase_page), (8 bytes).
    Removing flash.o(.text.flash_clear_flags), (20 bytes).
    Removing flash.o(.ARM.exidx.text.flash_clear_flags), (8 bytes).
    Removing flash.o(.text.flash_unlock), (44 bytes).
    Removing flash.o(.ARM.exidx.text.flash_unlock), (8 bytes).
    Removing flash.o(.text.flash_lock), (20 bytes).
    Removing flash.o(.ARM.exidx.text.flash_lock), (8 bytes).
    Removing gpio.o(.text), (0 bytes).
    Removing gpio.o(.ARM.exidx.text.GPIO_Init), (8 bytes).
    Removing gpio.o(.ARM.exidx.text.GPIO_SetPin), (8 bytes).
    Removing gpio.o(.text.GPIO_ResetPin), (24 bytes).
    Removing gpio.o(.ARM.exidx.text.GPIO_ResetPin), (8 bytes).
    Removing gpio.o(.ARM.exidx.text.GPIO_TogglePin), (8 bytes).
    Removing gpio.o(.text.GPIO_ReadPin), (30 bytes).
    Removing gpio.o(.ARM.exidx.text.GPIO_ReadPin), (8 bytes).
    Removing app.o(.text), (0 bytes).
    Removing app.o(.ARM.exidx.text.App_Setup), (8 bytes).
    Removing app.o(.ARM.exidx.text.App_Main_Loop), (8 bytes).
    Removing crc32.o(.text), (0 bytes).
    Removing crc32.o(.text.CRC32_Init), (28 bytes).
    Removing crc32.o(.ARM.exidx.text.CRC32_Init), (8 bytes).
    Removing crc32.o(.text.CRC32_Calculate), (92 bytes).
    Removing crc32.o(.ARM.exidx.text.CRC32_Calculate), (8 bytes).
    Removing crc32.o(.text.CRC32_MemoryRange), (72 bytes).
    Removing crc32.o(.ARM.exidx.text.CRC32_MemoryRange), (8 bytes).
    Removing sw_timebase.o(.text), (0 bytes).
    Removing sw_timebase.o(.ARM.exidx.text.sw_timebase_struct_init), (8 bytes).
    Removing sw_timebase.o(.ARM.exidx.text.sw_timebase_enable), (8 bytes).
    Removing sw_timebase.o(.ARM.exidx.text.__NVIC_SetPriority), (8 bytes).
    Removing sw_timebase.o(.ARM.exidx.text.__NVIC_EnableIRQ), (8 bytes).
    Removing sw_timebase.o(.ARM.exidx.text.sw_timebase_Init), (8 bytes).
    Removing sw_timebase.o(.text.sw_timebase_disable), (10 bytes).
    Removing sw_timebase.o(.ARM.exidx.text.sw_timebase_disable), (8 bytes).
    Removing sw_timebase.o(.text.sw_hardware_timer_disable), (16 bytes).
    Removing sw_timebase.o(.ARM.exidx.text.sw_hardware_timer_disable), (8 bytes).
    Removing sw_timebase.o(.text.sw_hardware_timer_reset), (28 bytes).
    Removing sw_timebase.o(.ARM.exidx.text.sw_hardware_timer_reset), (8 bytes).
    Removing sw_timebase.o(.text.sw_hardware_timer_interrupt_enable), (24 bytes).
    Removing sw_timebase.o(.ARM.exidx.text.sw_hardware_timer_interrupt_enable), (8 bytes).
    Removing sw_timebase.o(.text.sw_hardware_timer_interrupt_disable), (24 bytes).
    Removing sw_timebase.o(.ARM.exidx.text.sw_hardware_timer_interrupt_disable), (8 bytes).
    Removing sw_timebase.o(.text.__NVIC_DisableIRQ), (52 bytes).
    Removing sw_timebase.o(.ARM.exidx.text.__NVIC_DisableIRQ), (8 bytes).
    Removing sw_timebase.o(.ARM.exidx.text.sw_timebase_atomic_operation_start), (8 bytes).
    Removing sw_timebase.o(.ARM.exidx.text.sw_timebase_atomic_operation_end), (8 bytes).
    Removing sw_timebase.o(.ARM.exidx.text.TIM17_IRQHandler), (8 bytes).
    Removing sw_timebase.o(.ARM.exidx.text.sw_timebase_ISR_executables), (8 bytes).
    Removing sw_timebase.o(.text.sw_timebase_get_sub_seconds), (12 bytes).
    Removing sw_timebase.o(.ARM.exidx.text.sw_timebase_get_sub_seconds), (8 bytes).
    Removing sw_timebase.o(.text.sw_timebase_get_shadow_sub_seconds), (12 bytes).
    Removing sw_timebase.o(.ARM.exidx.text.sw_timebase_get_shadow_sub_seconds), (8 bytes).
    Removing sw_timebase.o(.ARM.exidx.text.sw_timebase_get_seconds), (8 bytes).
    Removing sw_timebase.o(.text.sw_timebase_get_shadow_seconds), (12 bytes).
    Removing sw_timebase.o(.ARM.exidx.text.sw_timebase_get_shadow_seconds), (8 bytes).
    Removing sw_timebase.o(.text.sw_timebase_get_shadow_sub_seconds_uptime), (12 bytes).
    Removing sw_timebase.o(.ARM.exidx.text.sw_timebase_get_shadow_sub_seconds_uptime), (8 bytes).
    Removing sw_timebase.o(.text.sw_timebase_set_sub_seconds), (24 bytes).
    Removing sw_timebase.o(.ARM.exidx.text.sw_timebase_set_sub_seconds), (8 bytes).
    Removing sw_timebase.o(.text.sw_timebase_set_shadow_sub_seconds), (32 bytes).
    Removing sw_timebase.o(.ARM.exidx.text.sw_timebase_set_shadow_sub_seconds), (8 bytes).
    Removing sw_timebase.o(.text.sw_timebase_set_seconds), (20 bytes).
    Removing sw_timebase.o(.ARM.exidx.text.sw_timebase_set_seconds), (8 bytes).
    Removing sw_timebase.o(.text.sw_timebase_set_shadow_seconds), (32 bytes).
    Removing sw_timebase.o(.ARM.exidx.text.sw_timebase_set_shadow_seconds), (8 bytes).
    Removing sw_timebase.o(.text.sw_timebase_set_shadow_sub_seconds_uptime), (32 bytes).
    Removing sw_timebase.o(.ARM.exidx.text.sw_timebase_set_shadow_sub_seconds_uptime), (8 bytes).
    Removing sw_timebase.o(.text.sw_timebase_get_shadow_sub_seconds_securely), (48 bytes).
    Removing sw_timebase.o(.ARM.exidx.text.sw_timebase_get_shadow_sub_seconds_securely), (8 bytes).
    Removing sw_timebase.o(.text.sw_timebase_get_shadow_seconds_securely), (44 bytes).
    Removing sw_timebase.o(.ARM.exidx.text.sw_timebase_get_shadow_seconds_securely), (8 bytes).
    Removing sw_timebase.o(.text.sw_timebase_get_shadow_sub_seconds_uptime_securely), (44 bytes).
    Removing sw_timebase.o(.ARM.exidx.text.sw_timebase_get_shadow_sub_seconds_uptime_securely), (8 bytes).
    Removing sw_timebase.o(.ARM.exidx.text.sw_timebase_counter_get_status), (8 bytes).
    Removing sw_timebase.o(.ARM.exidx.text.sw_timebase_counter_set_status), (8 bytes).
    Removing sw_timebase.o(.text.sw_timebase_counter_get_period_status_flag), (36 bytes).
    Removing sw_timebase.o(.ARM.exidx.text.sw_timebase_counter_get_period_status_flag), (8 bytes).
    Removing sw_timebase.o(.text.sw_timebase_counter_set_period_status_flag), (52 bytes).
    Removing sw_timebase.o(.ARM.exidx.text.sw_timebase_counter_set_period_status_flag), (8 bytes).
    Removing sw_timebase.o(.ARM.exidx.text.sw_timebase_counter_reset_period_status_flag), (8 bytes).
    Removing sw_timebase.o(.ARM.exidx.text.sw_timebase_counter_get_current_value), (8 bytes).
    Removing sw_timebase.o(.ARM.exidx.text.sw_timebase_counter_set_current_value), (8 bytes).
    Removing sw_timebase.o(.ARM.exidx.text.sw_timebase_counter_get_end_value), (8 bytes).
    Removing sw_timebase.o(.ARM.exidx.text.sw_timebase_counter_set_end_value), (8 bytes).
    Removing sw_timebase.o(.text.sw_timebase_counter_get_period_value), (28 bytes).
    Removing sw_timebase.o(.ARM.exidx.text.sw_timebase_counter_get_period_value), (8 bytes).
    Removing sw_timebase.o(.ARM.exidx.text.sw_timebase_counter_set_period_value), (8 bytes).
    Removing sw_timebase.o(.ARM.exidx.text.sw_timebase_counter_get_reload_value), (8 bytes).
    Removing sw_timebase.o(.ARM.exidx.text.sw_timebase_counter_set_reload_value), (8 bytes).
    Removing sw_timebase.o(.ARM.exidx.text.sw_timebase_counter_get_target_value), (8 bytes).
    Removing sw_timebase.o(.ARM.exidx.text.sw_timebase_counter_set_target_value), (8 bytes).
    Removing sw_timebase.o(.ARM.exidx.text.sw_timebase_counter_get_temporary_value), (8 bytes).
    Removing sw_timebase.o(.ARM.exidx.text.sw_timebase_counter_set_temporary_value), (8 bytes).
    Removing sw_timebase.o(.ARM.exidx.text.sw_timebase_counter_reset), (8 bytes).
    Removing sw_timebase.o(.ARM.exidx.text.sw_timebase_counter_clear_flag), (8 bytes).
    Removing sw_timebase.o(.text.sw_timebase_counter_start), (38 bytes).
    Removing sw_timebase.o(.ARM.exidx.text.sw_timebase_counter_start), (8 bytes).
    Removing sw_timebase.o(.text.sw_timebase_counter_stop), (38 bytes).
    Removing sw_timebase.o(.ARM.exidx.text.sw_timebase_counter_stop), (8 bytes).
    Removing sw_timebase.o(.ARM.exidx.text.sw_timebase_counter_set_securely), (8 bytes).
    Removing sw_timebase.o(.text.sw_timebase_counter_set_forcefully), (34 bytes).
    Removing sw_timebase.o(.ARM.exidx.text.sw_timebase_counter_set_forcefully), (8 bytes).
    Removing sw_timebase.o(.ARM.exidx.text.sw_timebase_counter_update), (8 bytes).
    Removing sw_timebase.o(.text.sw_timebase_counter_expired), (46 bytes).
    Removing sw_timebase.o(.ARM.exidx.text.sw_timebase_counter_expired), (8 bytes).
    Removing sw_timebase.o(.text.sw_timebase_counter_expired_event), (54 bytes).
    Removing sw_timebase.o(.ARM.exidx.text.sw_timebase_counter_expired_event), (8 bytes).
    Removing sw_timebase.o(.text.sw_timebase_counter_oneshot_expired_event), (20 bytes).
    Removing sw_timebase.o(.ARM.exidx.text.sw_timebase_counter_oneshot_expired_event), (8 bytes).
    Removing sw_timebase.o(.ARM.exidx.text.sw_timebase_counter_continous_expired_event), (8 bytes).
    Removing sw_timebase.o(.ARM.exidx.text.sw_timebase_counter_update_all), (8 bytes).
    Removing sw_timebase.o(.text.sw_timebase_counter_reset_all), (46 bytes).
    Removing sw_timebase.o(.ARM.exidx.text.sw_timebase_counter_reset_all), (8 bytes).
    Removing sw_timebase.o(.ARM.exidx.text.sw_timebase_main_loop_executable), (8 bytes).
    Removing sw_timebase.o(.ARM.exidx.text.sw_timebase_variable_sync), (8 bytes).
    Removing system_stm32g0xx.o(.text), (0 bytes).
    Removing system_stm32g0xx.o(.ARM.exidx.text.SystemInit), (8 bytes).
    Removing system_stm32g0xx.o(.text.SystemCoreClockUpdate), (380 bytes).
    Removing system_stm32g0xx.o(.ARM.exidx.text.SystemCoreClockUpdate), (8 bytes).
    Removing system_stm32g0xx.o(.data.SystemCoreClock), (4 bytes).
    Removing system_stm32g0xx.o(.rodata.AHBPrescTable), (64 bytes).
    Removing system_stm32g0xx.o(.rodata.APBPrescTable), (32 bytes).

126 unused section(s) (total 2436 bytes) removed from the image.

==============================================================================

Image Symbol Table

    Local Symbols

    Symbol Name                              Value     Ov Type        Size  Object(Section)

    ../clib/angel/boardlib.s                 0x00000000   Number         0  boardinit1.o ABSOLUTE
    ../clib/angel/boardlib.s                 0x00000000   Number         0  boardinit2.o ABSOLUTE
    ../clib/angel/boardlib.s                 0x00000000   Number         0  boardinit3.o ABSOLUTE
    ../clib/angel/boardlib.s                 0x00000000   Number         0  boardshut.o ABSOLUTE
    ../clib/angel/handlers.s                 0x00000000   Number         0  __scatter_zi.o ABSOLUTE
    ../clib/angel/kernel.s                   0x00000000   Number         0  __rtentry.o ABSOLUTE
    ../clib/angel/kernel.s                   0x00000000   Number         0  __rtentry2.o ABSOLUTE
    ../clib/angel/kernel.s                   0x00000000   Number         0  __rtentry4.o ABSOLUTE
    ../clib/angel/kernel.s                   0x00000000   Number         0  rtexit.o ABSOLUTE
    ../clib/angel/kernel.s                   0x00000000   Number         0  rtexit2.o ABSOLUTE
    ../clib/angel/rt.s                       0x00000000   Number         0  aeabi_idiv0.o ABSOLUTE
    ../clib/angel/rt.s                       0x00000000   Number         0  aeabi_idiv0_sigfpe.o ABSOLUTE
    ../clib/angel/rt.s                       0x00000000   Number         0  rt_div0.o ABSOLUTE
    ../clib/angel/rt.s                       0x00000000   Number         0  rt_raise.o ABSOLUTE
    ../clib/angel/scatterp.s                 0x00000000   Number         0  __scatter.o ABSOLUTE
    ../clib/angel/startup.s                  0x00000000   Number         0  __main.o ABSOLUTE
    ../clib/angel/sys.s                      0x00000000   Number         0  sys_stackheap_outer.o ABSOLUTE
    ../clib/angel/sys.s                      0x00000000   Number         0  libspace.o ABSOLUTE
    ../clib/angel/sys.s                      0x00000000   Number         0  tempstk.o ABSOLUTE
    ../clib/angel/sys.s                      0x00000000   Number         0  use_no_semi.o ABSOLUTE
    ../clib/angel/sys.s                      0x00000000   Number         0  indicate_semi.o ABSOLUTE
    ../clib/angel/sysapp.c                   0x00000000   Number         0  sys_exit.o ABSOLUTE
    ../clib/angel/sysapp.c                   0x00000000   Number         0  sys_exit_hlt.o ABSOLUTE
    ../clib/angel/sysapp.c                   0x00000000   Number         0  sys_wrch.o ABSOLUTE
    ../clib/angel/sysapp.c                   0x00000000   Number         0  sys_wrch_hlt.o ABSOLUTE
    ../clib/angel/sysapp.c                   0x00000000   Number         0  sys_command.o ABSOLUTE
    ../clib/angel/sysapp.c                   0x00000000   Number         0  sys_command_hlt.o ABSOLUTE
    ../clib/armsys.c                         0x00000000   Number         0  argv_veneer.o ABSOLUTE
    ../clib/armsys.c                         0x00000000   Number         0  _get_argv_nomalloc.o ABSOLUTE
    ../clib/armsys.c                         0x00000000   Number         0  no_argv.o ABSOLUTE
    ../clib/division.s                       0x00000000   Number         0  aeabi_sdiv.o ABSOLUTE
    ../clib/division.s                       0x00000000   Number         0  aeabi_sdiv_div0.o ABSOLUTE
    ../clib/heapalloc.c                      0x00000000   Number         0  hrguard.o ABSOLUTE
    ../clib/heapaux.c                        0x00000000   Number         0  heapauxi.o ABSOLUTE
    ../clib/libinit.s                        0x00000000   Number         0  libinit.o ABSOLUTE
    ../clib/libinit.s                        0x00000000   Number         0  libinit2.o ABSOLUTE
    ../clib/libinit.s                        0x00000000   Number         0  libshutdown.o ABSOLUTE
    ../clib/libinit.s                        0x00000000   Number         0  libshutdown2.o ABSOLUTE
    ../clib/signal.c                         0x00000000   Number         0  defsig_fpe_outer.o ABSOLUTE
    ../clib/signal.c                         0x00000000   Number         0  defsig_fpe_formal.o ABSOLUTE
    ../clib/signal.c                         0x00000000   Number         0  defsig_exit.o ABSOLUTE
    ../clib/signal.c                         0x00000000   Number         0  defsig_fpe_inner.o ABSOLUTE
    ../clib/signal.c                         0x00000000   Number         0  __raise.o ABSOLUTE
    ../clib/signal.c                         0x00000000   Number         0  defsig_general.o ABSOLUTE
    ../clib/signal.c                         0x00000000   Number         0  defsig_abrt_inner.o ABSOLUTE
    ../clib/signal.c                         0x00000000   Number         0  defsig_rtred_inner.o ABSOLUTE
    ../clib/signal.c                         0x00000000   Number         0  defsig_rtmem_inner.o ABSOLUTE
    ../clib/signal.c                         0x00000000   Number         0  defsig_rtmem_outer.o ABSOLUTE
    ../clib/signal.c                         0x00000000   Number         0  defsig_rtmem_formal.o ABSOLUTE
    ../clib/signal.c                         0x00000000   Number         0  defsig_stak_inner.o ABSOLUTE
    ../clib/signal.c                         0x00000000   Number         0  defsig_pvfn_inner.o ABSOLUTE
    ../clib/signal.c                         0x00000000   Number         0  defsig_cppl_inner.o ABSOLUTE
    ../clib/signal.c                         0x00000000   Number         0  defsig_segv_inner.o ABSOLUTE
    ../clib/signal.c                         0x00000000   Number         0  defsig_other.o ABSOLUTE
    ../clib/signal.s                         0x00000000   Number         0  defsig.o ABSOLUTE
    ../clib/stdlib.c                         0x00000000   Number         0  exit.o ABSOLUTE
    ../fplib/cfplib/fpinit.c                 0x00000000   Number         0  fpinit.o ABSOLUTE
    RTE/Device/STM32G030F6Px/startup_stm32g030xx.s 0x00000000   Number         0  startup_stm32g030xx.o ABSOLUTE
    app.c                                    0x00000000   Number         0  app.o ABSOLUTE
    crc32.c                                  0x00000000   Number         0  crc32.o ABSOLUTE
    dc.s                                     0x00000000   Number         0  dc.o ABSOLUTE
    flash.c                                  0x00000000   Number         0  flash.o ABSOLUTE
    gpio.c                                   0x00000000   Number         0  gpio.o ABSOLUTE
    main.c                                   0x00000000   Number         0  main.o ABSOLUTE
    sw_timebase.c                            0x00000000   Number         0  sw_timebase.o ABSOLUTE
    system_stm32g0xx.c                       0x00000000   Number         0  system_stm32g0xx.o ABSOLUTE
    RESET                                    0x08000000   Section      192  startup_stm32g030xx.o(RESET)
    !!!main                                  0x080000c0   Section        8  __main.o(!!!main)
    !!!scatter                               0x080000c8   Section       84  __scatter.o(!!!scatter)
    !!handler_null                           0x0800011c   Section        2  __scatter.o(!!handler_null)
    !!handler_zi                             0x08000120   Section       28  __scatter_zi.o(!!handler_zi)
    .ARM.Collect$$libinit$$00000000          0x0800013c   Section        2  libinit.o(.ARM.Collect$$libinit$$00000000)
    .ARM.Collect$$libinit$$00000002          0x0800013e   Section        0  libinit2.o(.ARM.Collect$$libinit$$00000002)
    .ARM.Collect$$libinit$$00000004          0x0800013e   Section        0  libinit2.o(.ARM.Collect$$libinit$$00000004)
    .ARM.Collect$$libinit$$00000006          0x0800013e   Section        0  libinit2.o(.ARM.Collect$$libinit$$00000006)
    .ARM.Collect$$libinit$$0000000C          0x0800013e   Section        0  libinit2.o(.ARM.Collect$$libinit$$0000000C)
    .ARM.Collect$$libinit$$0000000E          0x0800013e   Section        0  libinit2.o(.ARM.Collect$$libinit$$0000000E)
    .ARM.Collect$$libinit$$00000010          0x0800013e   Section        0  libinit2.o(.ARM.Collect$$libinit$$00000010)
    .ARM.Collect$$libinit$$00000013          0x0800013e   Section        0  libinit2.o(.ARM.Collect$$libinit$$00000013)
    .ARM.Collect$$libinit$$00000015          0x0800013e   Section        0  libinit2.o(.ARM.Collect$$libinit$$00000015)
    .ARM.Collect$$libinit$$00000017          0x0800013e   Section        0  libinit2.o(.ARM.Collect$$libinit$$00000017)
    .ARM.Collect$$libinit$$00000019          0x0800013e   Section        0  libinit2.o(.ARM.Collect$$libinit$$00000019)
    .ARM.Collect$$libinit$$0000001B          0x0800013e   Section        0  libinit2.o(.ARM.Collect$$libinit$$0000001B)
    .ARM.Collect$$libinit$$0000001D          0x0800013e   Section        0  libinit2.o(.ARM.Collect$$libinit$$0000001D)
    .ARM.Collect$$libinit$$0000001F          0x0800013e   Section        0  libinit2.o(.ARM.Collect$$libinit$$0000001F)
    .ARM.Collect$$libinit$$00000021          0x0800013e   Section        0  libinit2.o(.ARM.Collect$$libinit$$00000021)
    .ARM.Collect$$libinit$$00000023          0x0800013e   Section        0  libinit2.o(.ARM.Collect$$libinit$$00000023)
    .ARM.Collect$$libinit$$00000025          0x0800013e   Section        0  libinit2.o(.ARM.Collect$$libinit$$00000025)
    .ARM.Collect$$libinit$$00000027          0x0800013e   Section        0  libinit2.o(.ARM.Collect$$libinit$$00000027)
    .ARM.Collect$$libinit$$0000002E          0x0800013e   Section        0  libinit2.o(.ARM.Collect$$libinit$$0000002E)
    .ARM.Collect$$libinit$$00000030          0x0800013e   Section        0  libinit2.o(.ARM.Collect$$libinit$$00000030)
    .ARM.Collect$$libinit$$00000032          0x0800013e   Section        0  libinit2.o(.ARM.Collect$$libinit$$00000032)
    .ARM.Collect$$libinit$$00000034          0x0800013e   Section        0  libinit2.o(.ARM.Collect$$libinit$$00000034)
    .ARM.Collect$$libinit$$00000035          0x0800013e   Section        2  libinit2.o(.ARM.Collect$$libinit$$00000035)
    .ARM.Collect$$libshutdown$$00000000      0x08000140   Section        2  libshutdown.o(.ARM.Collect$$libshutdown$$00000000)
    .ARM.Collect$$libshutdown$$00000002      0x08000142   Section        0  libshutdown2.o(.ARM.Collect$$libshutdown$$00000002)
    .ARM.Collect$$libshutdown$$00000004      0x08000142   Section        0  libshutdown2.o(.ARM.Collect$$libshutdown$$00000004)
    .ARM.Collect$$libshutdown$$00000007      0x08000142   Section        0  libshutdown2.o(.ARM.Collect$$libshutdown$$00000007)
    .ARM.Collect$$libshutdown$$0000000A      0x08000142   Section        0  libshutdown2.o(.ARM.Collect$$libshutdown$$0000000A)
    .ARM.Collect$$libshutdown$$0000000C      0x08000142   Section        0  libshutdown2.o(.ARM.Collect$$libshutdown$$0000000C)
    .ARM.Collect$$libshutdown$$0000000F      0x08000142   Section        0  libshutdown2.o(.ARM.Collect$$libshutdown$$0000000F)
    .ARM.Collect$$libshutdown$$00000010      0x08000142   Section        2  libshutdown2.o(.ARM.Collect$$libshutdown$$00000010)
    .ARM.Collect$$rtentry$$00000000          0x08000144   Section        0  __rtentry.o(.ARM.Collect$$rtentry$$00000000)
    .ARM.Collect$$rtentry$$00000002          0x08000144   Section        0  __rtentry2.o(.ARM.Collect$$rtentry$$00000002)
    .ARM.Collect$$rtentry$$00000004          0x08000144   Section        6  __rtentry4.o(.ARM.Collect$$rtentry$$00000004)
    .ARM.Collect$$rtentry$$00000009          0x0800014a   Section        0  __rtentry2.o(.ARM.Collect$$rtentry$$00000009)
    .ARM.Collect$$rtentry$$0000000A          0x0800014a   Section        4  __rtentry2.o(.ARM.Collect$$rtentry$$0000000A)
    .ARM.Collect$$rtentry$$0000000C          0x0800014e   Section        0  __rtentry2.o(.ARM.Collect$$rtentry$$0000000C)
    .ARM.Collect$$rtentry$$0000000D          0x0800014e   Section        8  __rtentry2.o(.ARM.Collect$$rtentry$$0000000D)
    .ARM.Collect$$rtexit$$00000000           0x08000156   Section        2  rtexit.o(.ARM.Collect$$rtexit$$00000000)
    .ARM.Collect$$rtexit$$00000002           0x08000158   Section        0  rtexit2.o(.ARM.Collect$$rtexit$$00000002)
    .ARM.Collect$$rtexit$$00000003           0x08000158   Section        4  rtexit2.o(.ARM.Collect$$rtexit$$00000003)
    .ARM.Collect$$rtexit$$00000004           0x0800015c   Section        6  rtexit2.o(.ARM.Collect$$rtexit$$00000004)
    .text                                    0x08000164   Section       56  startup_stm32g030xx.o(.text)
    .text                                    0x0800019c   Section      364  aeabi_sdiv.o(.text)
    .text                                    0x08000308   Section        0  heapauxi.o(.text)
    .text                                    0x0800030e   Section       62  sys_stackheap_outer.o(.text)
    .text                                    0x0800034c   Section        0  exit.o(.text)
    .text                                    0x0800035c   Section        8  libspace.o(.text)
    .text                                    0x08000364   Section        0  sys_exit.o(.text)
    .text                                    0x08000370   Section        2  use_no_semi.o(.text)
    [Anonymous Symbol]                       0x08000372   Section        0  app.o(.text.App_Main_Loop)
    .text                                    0x08000372   Section        0  indicate_semi.o(.text)
    [Anonymous Symbol]                       0x080003ac   Section        0  app.o(.text.App_Setup)
    __arm_cp.0_0                             0x08000410   Number         4  app.o(.text.App_Setup)
    [Anonymous Symbol]                       0x08000414   Section        0  gpio.o(.text.GPIO_Init)
    [Anonymous Symbol]                       0x080004f2   Section        0  gpio.o(.text.GPIO_SetPin)
    [Anonymous Symbol]                       0x08000508   Section        0  gpio.o(.text.GPIO_TogglePin)
    [Anonymous Symbol]                       0x08000522   Section        0  system_stm32g0xx.o(.text.SystemInit)
    [Anonymous Symbol]                       0x08000524   Section        0  sw_timebase.o(.text.TIM17_IRQHandler)
    __arm_cp.13_0                            0x08000544   Number         4  sw_timebase.o(.text.TIM17_IRQHandler)
    __NVIC_EnableIRQ                         0x08000549   Thumb Code    40  sw_timebase.o(.text.__NVIC_EnableIRQ)
    [Anonymous Symbol]                       0x08000548   Section        0  sw_timebase.o(.text.__NVIC_EnableIRQ)
    __arm_cp.3_0                             0x08000570   Number         4  sw_timebase.o(.text.__NVIC_EnableIRQ)
    __NVIC_SetPriority                       0x08000575   Thumb Code   124  sw_timebase.o(.text.__NVIC_SetPriority)
    [Anonymous Symbol]                       0x08000574   Section        0  sw_timebase.o(.text.__NVIC_SetPriority)
    __arm_cp.2_0                             0x080005f0   Number         4  sw_timebase.o(.text.__NVIC_SetPriority)
    __arm_cp.2_1                             0x080005f4   Number         4  sw_timebase.o(.text.__NVIC_SetPriority)
    [Anonymous Symbol]                       0x080005f8   Section        0  main.o(.text.main)
    [Anonymous Symbol]                       0x0800060c   Section        0  sw_timebase.o(.text.sw_timebase_ISR_executables)
    [Anonymous Symbol]                       0x0800064c   Section        0  sw_timebase.o(.text.sw_timebase_Init)
    [Anonymous Symbol]                       0x08000660   Section        0  sw_timebase.o(.text.sw_timebase_atomic_operation_end)
    [Anonymous Symbol]                       0x08000664   Section        0  sw_timebase.o(.text.sw_timebase_atomic_operation_start)
    [Anonymous Symbol]                       0x08000668   Section        0  sw_timebase.o(.text.sw_timebase_counter_clear_flag)
    [Anonymous Symbol]                       0x0800067c   Section        0  sw_timebase.o(.text.sw_timebase_counter_continous_expired_event)
    [Anonymous Symbol]                       0x080006cc   Section        0  sw_timebase.o(.text.sw_timebase_counter_get_current_value)
    [Anonymous Symbol]                       0x080006e4   Section        0  sw_timebase.o(.text.sw_timebase_counter_get_end_value)
    [Anonymous Symbol]                       0x080006fc   Section        0  sw_timebase.o(.text.sw_timebase_counter_get_reload_value)
    [Anonymous Symbol]                       0x08000714   Section        0  sw_timebase.o(.text.sw_timebase_counter_get_status)
    [Anonymous Symbol]                       0x08000734   Section        0  sw_timebase.o(.text.sw_timebase_counter_get_target_value)
    [Anonymous Symbol]                       0x0800074c   Section        0  sw_timebase.o(.text.sw_timebase_counter_get_temporary_value)
    [Anonymous Symbol]                       0x08000764   Section        0  sw_timebase.o(.text.sw_timebase_counter_reset)
    [Anonymous Symbol]                       0x080007c4   Section        0  sw_timebase.o(.text.sw_timebase_counter_reset_period_status_flag)
    [Anonymous Symbol]                       0x080007e4   Section        0  sw_timebase.o(.text.sw_timebase_counter_set_current_value)
    [Anonymous Symbol]                       0x08000800   Section        0  sw_timebase.o(.text.sw_timebase_counter_set_end_value)
    [Anonymous Symbol]                       0x0800081c   Section        0  sw_timebase.o(.text.sw_timebase_counter_set_period_value)
    [Anonymous Symbol]                       0x08000838   Section        0  sw_timebase.o(.text.sw_timebase_counter_set_reload_value)
    [Anonymous Symbol]                       0x08000854   Section        0  sw_timebase.o(.text.sw_timebase_counter_set_securely)
    [Anonymous Symbol]                       0x080008c0   Section        0  sw_timebase.o(.text.sw_timebase_counter_set_status)
    [Anonymous Symbol]                       0x080008f4   Section        0  sw_timebase.o(.text.sw_timebase_counter_set_target_value)
    [Anonymous Symbol]                       0x08000910   Section        0  sw_timebase.o(.text.sw_timebase_counter_set_temporary_value)
    __arm_cp.44_0                            0x0800092c   Number         4  sw_timebase.o(.text.sw_timebase_counter_set_temporary_value)
    [Anonymous Symbol]                       0x08000930   Section        0  sw_timebase.o(.text.sw_timebase_counter_update)
    [Anonymous Symbol]                       0x08000a6e   Section        0  sw_timebase.o(.text.sw_timebase_counter_update_all)
    [Anonymous Symbol]                       0x08000a9c   Section        0  sw_timebase.o(.text.sw_timebase_enable)
    __arm_cp.1_0                             0x08000b00   Number         4  sw_timebase.o(.text.sw_timebase_enable)
    __arm_cp.1_1                             0x08000b04   Number         4  sw_timebase.o(.text.sw_timebase_enable)
    __arm_cp.1_2                             0x08000b08   Number         4  sw_timebase.o(.text.sw_timebase_enable)
    __arm_cp.1_3                             0x08000b0c   Number         4  sw_timebase.o(.text.sw_timebase_enable)
    __arm_cp.1_4                             0x08000b10   Number         4  sw_timebase.o(.text.sw_timebase_enable)
    __arm_cp.1_5                             0x08000b14   Number         4  sw_timebase.o(.text.sw_timebase_enable)
    [Anonymous Symbol]                       0x08000b18   Section        0  sw_timebase.o(.text.sw_timebase_get_seconds)
    __arm_cp.17_0                            0x08000b20   Number         4  sw_timebase.o(.text.sw_timebase_get_seconds)
    [Anonymous Symbol]                       0x08000b24   Section        0  sw_timebase.o(.text.sw_timebase_main_loop_executable)
    __arm_cp.58_0                            0x08000b54   Number         4  sw_timebase.o(.text.sw_timebase_main_loop_executable)
    [Anonymous Symbol]                       0x08000b58   Section        0  sw_timebase.o(.text.sw_timebase_struct_init)
    __arm_cp.0_0                             0x08000bbc   Number         4  sw_timebase.o(.text.sw_timebase_struct_init)
    __arm_cp.0_1                             0x08000bc0   Number         4  sw_timebase.o(.text.sw_timebase_struct_init)
    [Anonymous Symbol]                       0x08000bc4   Section        0  sw_timebase.o(.text.sw_timebase_variable_sync)
    __arm_cp.59_0                            0x08000c00   Number         4  sw_timebase.o(.text.sw_timebase_variable_sync)
    .bss                                     0x20000000   Section       96  libspace.o(.bss)
    Heap_Mem                                 0x20000340   Data         512  startup_stm32g030xx.o(HEAP)
    HEAP                                     0x20000340   Section      512  startup_stm32g030xx.o(HEAP)
    Stack_Mem                                0x20000540   Data        1024  startup_stm32g030xx.o(STACK)
    STACK                                    0x20000540   Section     1024  startup_stm32g030xx.o(STACK)
    __initial_sp                             0x20000940   Data           0  startup_stm32g030xx.o(STACK)

    Global Symbols

    Symbol Name                              Value     Ov Type        Size  Object(Section)

    BuildAttributes$$THM_ISAv3M$S$PE$A:L22$X:L11$S22$IEEE1$IW$~IW$USESV6$~STKCKD$USESV7$~SHL$OSPACE$ROPI$EBA8$UX$STANDARDLIB$REQ8$PRES8$EABIv2 0x00000000   Number         0  anon$$obj.o ABSOLUTE
    __ARM_exceptions_init                     - Undefined Weak Reference
    __alloca_initialize                       - Undefined Weak Reference
    __arm_preinit_                            - Undefined Weak Reference
    __arm_relocate_pie_                       - Undefined Weak Reference
    __cpp_initialize__aeabi_                  - Undefined Weak Reference
    __cxa_finalize                            - Undefined Weak Reference
    __rt_locale                               - Undefined Weak Reference
    __sigvec_lookup                           - Undefined Weak Reference
    _atexit_init                              - Undefined Weak Reference
    _call_atexit_fns                          - Undefined Weak Reference
    _clock_init                               - Undefined Weak Reference
    _fp_trap_init                             - Undefined Weak Reference
    _fp_trap_shutdown                         - Undefined Weak Reference
    _get_lc_collate                           - Undefined Weak Reference
    _get_lc_ctype                             - Undefined Weak Reference
    _get_lc_monetary                          - Undefined Weak Reference
    _get_lc_numeric                           - Undefined Weak Reference
    _get_lc_time                              - Undefined Weak Reference
    _getenv_init                              - Undefined Weak Reference
    _handle_redirection                       - Undefined Weak Reference
    _init_alloc                               - Undefined Weak Reference
    _init_user_alloc                          - Undefined Weak Reference
    _initio                                   - Undefined Weak Reference
    _rand_init                                - Undefined Weak Reference
    _signal_finish                            - Undefined Weak Reference
    _signal_init                              - Undefined Weak Reference
    _terminate_alloc                          - Undefined Weak Reference
    _terminate_user_alloc                     - Undefined Weak Reference
    _terminateio                              - Undefined Weak Reference
    __Vectors_Size                           0x000000c0   Number         0  startup_stm32g030xx.o ABSOLUTE
    __Vectors                                0x08000000   Data           4  startup_stm32g030xx.o(RESET)
    __Vectors_End                            0x080000c0   Data           0  startup_stm32g030xx.o(RESET)
    __main                                   0x080000c1   Thumb Code     8  __main.o(!!!main)
    __scatterload                            0x080000c9   Thumb Code     0  __scatter.o(!!!scatter)
    __scatterload_rt2                        0x080000c9   Thumb Code    74  __scatter.o(!!!scatter)
    __scatterload_rt2_thumb_only             0x080000c9   Thumb Code     0  __scatter.o(!!!scatter)
    __scatterload_loop                       0x080000d3   Thumb Code     0  __scatter.o(!!!scatter)
    __scatterload_null                       0x0800011d   Thumb Code     2  __scatter.o(!!handler_null)
    __scatterload_zeroinit                   0x08000121   Thumb Code    28  __scatter_zi.o(!!handler_zi)
    __rt_lib_init                            0x0800013d   Thumb Code     0  libinit.o(.ARM.Collect$$libinit$$00000000)
    __rt_lib_init_alloca_1                   0x0800013f   Thumb Code     0  libinit2.o(.ARM.Collect$$libinit$$00000030)
    __rt_lib_init_argv_1                     0x0800013f   Thumb Code     0  libinit2.o(.ARM.Collect$$libinit$$0000002E)
    __rt_lib_init_atexit_1                   0x0800013f   Thumb Code     0  libinit2.o(.ARM.Collect$$libinit$$0000001D)
    __rt_lib_init_clock_1                    0x0800013f   Thumb Code     0  libinit2.o(.ARM.Collect$$libinit$$00000023)
    __rt_lib_init_cpp_1                      0x0800013f   Thumb Code     0  libinit2.o(.ARM.Collect$$libinit$$00000034)
    __rt_lib_init_exceptions_1               0x0800013f   Thumb Code     0  libinit2.o(.ARM.Collect$$libinit$$00000032)
    __rt_lib_init_fp_1                       0x0800013f   Thumb Code     0  libinit2.o(.ARM.Collect$$libinit$$00000002)
    __rt_lib_init_fp_trap_1                  0x0800013f   Thumb Code     0  libinit2.o(.ARM.Collect$$libinit$$00000021)
    __rt_lib_init_getenv_1                   0x0800013f   Thumb Code     0  libinit2.o(.ARM.Collect$$libinit$$00000025)
    __rt_lib_init_heap_1                     0x0800013f   Thumb Code     0  libinit2.o(.ARM.Collect$$libinit$$0000000C)
    __rt_lib_init_lc_collate_1               0x0800013f   Thumb Code     0  libinit2.o(.ARM.Collect$$libinit$$00000013)
    __rt_lib_init_lc_ctype_1                 0x0800013f   Thumb Code     0  libinit2.o(.ARM.Collect$$libinit$$00000015)
    __rt_lib_init_lc_monetary_1              0x0800013f   Thumb Code     0  libinit2.o(.ARM.Collect$$libinit$$00000017)
    __rt_lib_init_lc_numeric_1               0x0800013f   Thumb Code     0  libinit2.o(.ARM.Collect$$libinit$$00000019)
    __rt_lib_init_lc_time_1                  0x0800013f   Thumb Code     0  libinit2.o(.ARM.Collect$$libinit$$0000001B)
    __rt_lib_init_preinit_1                  0x0800013f   Thumb Code     0  libinit2.o(.ARM.Collect$$libinit$$00000006)
    __rt_lib_init_rand_1                     0x0800013f   Thumb Code     0  libinit2.o(.ARM.Collect$$libinit$$00000010)
    __rt_lib_init_relocate_pie_1             0x0800013f   Thumb Code     0  libinit2.o(.ARM.Collect$$libinit$$00000004)
    __rt_lib_init_return                     0x0800013f   Thumb Code     0  libinit2.o(.ARM.Collect$$libinit$$00000035)
    __rt_lib_init_signal_1                   0x0800013f   Thumb Code     0  libinit2.o(.ARM.Collect$$libinit$$0000001F)
    __rt_lib_init_stdio_1                    0x0800013f   Thumb Code     0  libinit2.o(.ARM.Collect$$libinit$$00000027)
    __rt_lib_init_user_alloc_1               0x0800013f   Thumb Code     0  libinit2.o(.ARM.Collect$$libinit$$0000000E)
    __rt_lib_shutdown                        0x08000141   Thumb Code     0  libshutdown.o(.ARM.Collect$$libshutdown$$00000000)
    __rt_lib_shutdown_cpp_1                  0x08000143   Thumb Code     0  libshutdown2.o(.ARM.Collect$$libshutdown$$00000002)
    __rt_lib_shutdown_fp_trap_1              0x08000143   Thumb Code     0  libshutdown2.o(.ARM.Collect$$libshutdown$$00000007)
    __rt_lib_shutdown_heap_1                 0x08000143   Thumb Code     0  libshutdown2.o(.ARM.Collect$$libshutdown$$0000000F)
    __rt_lib_shutdown_return                 0x08000143   Thumb Code     0  libshutdown2.o(.ARM.Collect$$libshutdown$$00000010)
    __rt_lib_shutdown_signal_1               0x08000143   Thumb Code     0  libshutdown2.o(.ARM.Collect$$libshutdown$$0000000A)
    __rt_lib_shutdown_stdio_1                0x08000143   Thumb Code     0  libshutdown2.o(.ARM.Collect$$libshutdown$$00000004)
    __rt_lib_shutdown_user_alloc_1           0x08000143   Thumb Code     0  libshutdown2.o(.ARM.Collect$$libshutdown$$0000000C)
    __rt_entry                               0x08000145   Thumb Code     0  __rtentry.o(.ARM.Collect$$rtentry$$00000000)
    __rt_entry_presh_1                       0x08000145   Thumb Code     0  __rtentry2.o(.ARM.Collect$$rtentry$$00000002)
    __rt_entry_sh                            0x08000145   Thumb Code     0  __rtentry4.o(.ARM.Collect$$rtentry$$00000004)
    __rt_entry_li                            0x0800014b   Thumb Code     0  __rtentry2.o(.ARM.Collect$$rtentry$$0000000A)
    __rt_entry_postsh_1                      0x0800014b   Thumb Code     0  __rtentry2.o(.ARM.Collect$$rtentry$$00000009)
    __rt_entry_main                          0x0800014f   Thumb Code     0  __rtentry2.o(.ARM.Collect$$rtentry$$0000000D)
    __rt_entry_postli_1                      0x0800014f   Thumb Code     0  __rtentry2.o(.ARM.Collect$$rtentry$$0000000C)
    __rt_exit                                0x08000157   Thumb Code     0  rtexit.o(.ARM.Collect$$rtexit$$00000000)
    __rt_exit_ls                             0x08000159   Thumb Code     0  rtexit2.o(.ARM.Collect$$rtexit$$00000003)
    __rt_exit_prels_1                        0x08000159   Thumb Code     0  rtexit2.o(.ARM.Collect$$rtexit$$00000002)
    __rt_exit_exit                           0x0800015d   Thumb Code     0  rtexit2.o(.ARM.Collect$$rtexit$$00000004)
    Reset_Handler                            0x08000165   Thumb Code     8  startup_stm32g030xx.o(.text)
    NMI_Handler                              0x0800016d   Thumb Code     2  startup_stm32g030xx.o(.text)
    HardFault_Handler                        0x0800016f   Thumb Code     2  startup_stm32g030xx.o(.text)
    SVC_Handler                              0x08000171   Thumb Code     2  startup_stm32g030xx.o(.text)
    PendSV_Handler                           0x08000173   Thumb Code     2  startup_stm32g030xx.o(.text)
    SysTick_Handler                          0x08000175   Thumb Code     2  startup_stm32g030xx.o(.text)
    ADC1_IRQHandler                          0x08000177   Thumb Code     0  startup_stm32g030xx.o(.text)
    DMA1_Ch4_5_DMAMUX1_OVR_IRQHandler        0x08000177   Thumb Code     0  startup_stm32g030xx.o(.text)
    DMA1_Channel1_IRQHandler                 0x08000177   Thumb Code     0  startup_stm32g030xx.o(.text)
    DMA1_Channel2_3_IRQHandler               0x08000177   Thumb Code     0  startup_stm32g030xx.o(.text)
    EXTI0_1_IRQHandler                       0x08000177   Thumb Code     0  startup_stm32g030xx.o(.text)
    EXTI2_3_IRQHandler                       0x08000177   Thumb Code     0  startup_stm32g030xx.o(.text)
    EXTI4_15_IRQHandler                      0x08000177   Thumb Code     0  startup_stm32g030xx.o(.text)
    FLASH_IRQHandler                         0x08000177   Thumb Code     0  startup_stm32g030xx.o(.text)
    I2C1_IRQHandler                          0x08000177   Thumb Code     0  startup_stm32g030xx.o(.text)
    I2C2_IRQHandler                          0x08000177   Thumb Code     0  startup_stm32g030xx.o(.text)
    RCC_IRQHandler                           0x08000177   Thumb Code     0  startup_stm32g030xx.o(.text)
    RTC_TAMP_IRQHandler                      0x08000177   Thumb Code     0  startup_stm32g030xx.o(.text)
    SPI1_IRQHandler                          0x08000177   Thumb Code     0  startup_stm32g030xx.o(.text)
    SPI2_IRQHandler                          0x08000177   Thumb Code     0  startup_stm32g030xx.o(.text)
    TIM14_IRQHandler                         0x08000177   Thumb Code     0  startup_stm32g030xx.o(.text)
    TIM16_IRQHandler                         0x08000177   Thumb Code     0  startup_stm32g030xx.o(.text)
    TIM1_BRK_UP_TRG_COM_IRQHandler           0x08000177   Thumb Code     0  startup_stm32g030xx.o(.text)
    TIM1_CC_IRQHandler                       0x08000177   Thumb Code     0  startup_stm32g030xx.o(.text)
    TIM3_IRQHandler                          0x08000177   Thumb Code     0  startup_stm32g030xx.o(.text)
    USART1_IRQHandler                        0x08000177   Thumb Code     0  startup_stm32g030xx.o(.text)
    USART2_IRQHandler                        0x08000177   Thumb Code     0  startup_stm32g030xx.o(.text)
    WWDG_IRQHandler                          0x08000177   Thumb Code     0  startup_stm32g030xx.o(.text)
    __user_initial_stackheap                 0x08000179   Thumb Code     0  startup_stm32g030xx.o(.text)
    __aeabi_uidiv                            0x0800019d   Thumb Code     0  aeabi_sdiv.o(.text)
    __aeabi_uidivmod                         0x0800019d   Thumb Code    20  aeabi_sdiv.o(.text)
    __aeabi_idiv                             0x080001b1   Thumb Code     0  aeabi_sdiv.o(.text)
    __aeabi_idivmod                          0x080001b1   Thumb Code   338  aeabi_sdiv.o(.text)
    __use_two_region_memory                  0x08000309   Thumb Code     2  heapauxi.o(.text)
    __rt_heap_escrow$2region                 0x0800030b   Thumb Code     2  heapauxi.o(.text)
    __rt_heap_expand$2region                 0x0800030d   Thumb Code     2  heapauxi.o(.text)
    __user_setup_stackheap                   0x0800030f   Thumb Code    62  sys_stackheap_outer.o(.text)
    exit                                     0x0800034d   Thumb Code    16  exit.o(.text)
    __user_libspace                          0x0800035d   Thumb Code     8  libspace.o(.text)
    __user_perproc_libspace                  0x0800035d   Thumb Code     0  libspace.o(.text)
    __user_perthread_libspace                0x0800035d   Thumb Code     0  libspace.o(.text)
    _sys_exit                                0x08000365   Thumb Code     8  sys_exit.o(.text)
    __I$use$semihosting                      0x08000371   Thumb Code     0  use_no_semi.o(.text)
    __use_no_semihosting_swi                 0x08000371   Thumb Code     2  use_no_semi.o(.text)
    App_Main_Loop                            0x08000373   Thumb Code    56  app.o(.text.App_Main_Loop)
    __semihosting_library_function           0x08000373   Thumb Code     0  indicate_semi.o(.text)
    App_Setup                                0x080003ad   Thumb Code   100  app.o(.text.App_Setup)
    GPIO_Init                                0x08000415   Thumb Code   222  gpio.o(.text.GPIO_Init)
    GPIO_SetPin                              0x080004f3   Thumb Code    22  gpio.o(.text.GPIO_SetPin)
    GPIO_TogglePin                           0x08000509   Thumb Code    26  gpio.o(.text.GPIO_TogglePin)
    SystemInit                               0x08000523   Thumb Code     2  system_stm32g0xx.o(.text.SystemInit)
    TIM17_IRQHandler                         0x08000525   Thumb Code    32  sw_timebase.o(.text.TIM17_IRQHandler)
    main                                     0x080005f9   Thumb Code    20  main.o(.text.main)
    sw_timebase_ISR_executables              0x0800060d   Thumb Code    64  sw_timebase.o(.text.sw_timebase_ISR_executables)
    sw_timebase_Init                         0x0800064d   Thumb Code    20  sw_timebase.o(.text.sw_timebase_Init)
    sw_timebase_atomic_operation_end         0x08000661   Thumb Code     4  sw_timebase.o(.text.sw_timebase_atomic_operation_end)
    sw_timebase_atomic_operation_start       0x08000665   Thumb Code     4  sw_timebase.o(.text.sw_timebase_atomic_operation_start)
    sw_timebase_counter_clear_flag           0x08000669   Thumb Code    20  sw_timebase.o(.text.sw_timebase_counter_clear_flag)
    sw_timebase_counter_continous_expired_event 0x0800067d   Thumb Code    78  sw_timebase.o(.text.sw_timebase_counter_continous_expired_event)
    sw_timebase_counter_get_current_value    0x080006cd   Thumb Code    24  sw_timebase.o(.text.sw_timebase_counter_get_current_value)
    sw_timebase_counter_get_end_value        0x080006e5   Thumb Code    24  sw_timebase.o(.text.sw_timebase_counter_get_end_value)
    sw_timebase_counter_get_reload_value     0x080006fd   Thumb Code    24  sw_timebase.o(.text.sw_timebase_counter_get_reload_value)
    sw_timebase_counter_get_status           0x08000715   Thumb Code    32  sw_timebase.o(.text.sw_timebase_counter_get_status)
    sw_timebase_counter_get_target_value     0x08000735   Thumb Code    24  sw_timebase.o(.text.sw_timebase_counter_get_target_value)
    sw_timebase_counter_get_temporary_value  0x0800074d   Thumb Code    24  sw_timebase.o(.text.sw_timebase_counter_get_temporary_value)
    sw_timebase_counter_reset                0x08000765   Thumb Code    94  sw_timebase.o(.text.sw_timebase_counter_reset)
    sw_timebase_counter_reset_period_status_flag 0x080007c5   Thumb Code    32  sw_timebase.o(.text.sw_timebase_counter_reset_period_status_flag)
    sw_timebase_counter_set_current_value    0x080007e5   Thumb Code    28  sw_timebase.o(.text.sw_timebase_counter_set_current_value)
    sw_timebase_counter_set_end_value        0x08000801   Thumb Code    28  sw_timebase.o(.text.sw_timebase_counter_set_end_value)
    sw_timebase_counter_set_period_value     0x0800081d   Thumb Code    28  sw_timebase.o(.text.sw_timebase_counter_set_period_value)
    sw_timebase_counter_set_reload_value     0x08000839   Thumb Code    28  sw_timebase.o(.text.sw_timebase_counter_set_reload_value)
    sw_timebase_counter_set_securely         0x08000855   Thumb Code   106  sw_timebase.o(.text.sw_timebase_counter_set_securely)
    sw_timebase_counter_set_status           0x080008c1   Thumb Code    52  sw_timebase.o(.text.sw_timebase_counter_set_status)
    sw_timebase_counter_set_target_value     0x080008f5   Thumb Code    28  sw_timebase.o(.text.sw_timebase_counter_set_target_value)
    sw_timebase_counter_set_temporary_value  0x08000911   Thumb Code    28  sw_timebase.o(.text.sw_timebase_counter_set_temporary_value)
    sw_timebase_counter_update               0x08000931   Thumb Code   318  sw_timebase.o(.text.sw_timebase_counter_update)
    sw_timebase_counter_update_all           0x08000a6f   Thumb Code    46  sw_timebase.o(.text.sw_timebase_counter_update_all)
    sw_timebase_enable                       0x08000a9d   Thumb Code   100  sw_timebase.o(.text.sw_timebase_enable)
    sw_timebase_get_seconds                  0x08000b19   Thumb Code     8  sw_timebase.o(.text.sw_timebase_get_seconds)
    sw_timebase_main_loop_executable         0x08000b25   Thumb Code    48  sw_timebase.o(.text.sw_timebase_main_loop_executable)
    sw_timebase_struct_init                  0x08000b59   Thumb Code   100  sw_timebase.o(.text.sw_timebase_struct_init)
    sw_timebase_variable_sync                0x08000bc5   Thumb Code    60  sw_timebase.o(.text.sw_timebase_variable_sync)
    Region$$Table$$Base                      0x08000c04   Number         0  anon$$obj.o(Region$$Table)
    Region$$Table$$Limit                     0x08000c14   Number         0  anon$$obj.o(Region$$Table)
    __libspace_start                         0x20000000   Data          96  libspace.o(.bss)
    __temporary_stack_top$libspace           0x20000060   Data           0  libspace.o(.bss)
    sw_timebase                              0x20000060   Data           4  sw_timebase.o(.bss.sw_timebase)
    sw_timebase_type                         0x20000064   Data         732  sw_timebase.o(.bss.sw_timebase_type)



==============================================================================

Memory Map of the image

  Image Entry point : 0x080000c1

  Load Region LR_IROM1 (Base: 0x08000000, Size: 0x00000c14, Max: 0x00008000, ABSOLUTE)

    Execution Region ER_IROM1 (Exec base: 0x08000000, Load base: 0x08000000, Size: 0x00000c14, Max: 0x00008000, ABSOLUTE)

    Exec Addr    Load Addr    Size         Type   Attr      Idx    E Section Name        Object

    0x08000000   0x08000000   0x000000c0   Data   RO          197    RESET               startup_stm32g030xx.o
    0x080000c0   0x080000c0   0x00000008   Code   RO          226  * !!!main             c_p.l(__main.o)
    0x080000c8   0x080000c8   0x00000054   Code   RO          403    !!!scatter          c_p.l(__scatter.o)
    0x0800011c   0x0800011c   0x00000002   Code   RO          404    !!handler_null      c_p.l(__scatter.o)
    0x0800011e   0x0800011e   0x00000002   PAD
    0x08000120   0x08000120   0x0000001c   Code   RO          407    !!handler_zi        c_p.l(__scatter_zi.o)
    0x0800013c   0x0800013c   0x00000002   Code   RO          264    .ARM.Collect$$libinit$$00000000  c_p.l(libinit.o)
    0x0800013e   0x0800013e   0x00000000   Code   RO          278    .ARM.Collect$$libinit$$00000002  c_p.l(libinit2.o)
    0x0800013e   0x0800013e   0x00000000   Code   RO          280    .ARM.Collect$$libinit$$00000004  c_p.l(libinit2.o)
    0x0800013e   0x0800013e   0x00000000   Code   RO          282    .ARM.Collect$$libinit$$00000006  c_p.l(libinit2.o)
    0x0800013e   0x0800013e   0x00000000   Code   RO          285    .ARM.Collect$$libinit$$0000000C  c_p.l(libinit2.o)
    0x0800013e   0x0800013e   0x00000000   Code   RO          287    .ARM.Collect$$libinit$$0000000E  c_p.l(libinit2.o)
    0x0800013e   0x0800013e   0x00000000   Code   RO          289    .ARM.Collect$$libinit$$00000010  c_p.l(libinit2.o)
    0x0800013e   0x0800013e   0x00000000   Code   RO          292    .ARM.Collect$$libinit$$00000013  c_p.l(libinit2.o)
    0x0800013e   0x0800013e   0x00000000   Code   RO          294    .ARM.Collect$$libinit$$00000015  c_p.l(libinit2.o)
    0x0800013e   0x0800013e   0x00000000   Code   RO          296    .ARM.Collect$$libinit$$00000017  c_p.l(libinit2.o)
    0x0800013e   0x0800013e   0x00000000   Code   RO          298    .ARM.Collect$$libinit$$00000019  c_p.l(libinit2.o)
    0x0800013e   0x0800013e   0x00000000   Code   RO          300    .ARM.Collect$$libinit$$0000001B  c_p.l(libinit2.o)
    0x0800013e   0x0800013e   0x00000000   Code   RO          302    .ARM.Collect$$libinit$$0000001D  c_p.l(libinit2.o)
    0x0800013e   0x0800013e   0x00000000   Code   RO          304    .ARM.Collect$$libinit$$0000001F  c_p.l(libinit2.o)
    0x0800013e   0x0800013e   0x00000000   Code   RO          306    .ARM.Collect$$libinit$$00000021  c_p.l(libinit2.o)
    0x0800013e   0x0800013e   0x00000000   Code   RO          308    .ARM.Collect$$libinit$$00000023  c_p.l(libinit2.o)
    0x0800013e   0x0800013e   0x00000000   Code   RO          310    .ARM.Collect$$libinit$$00000025  c_p.l(libinit2.o)
    0x0800013e   0x0800013e   0x00000000   Code   RO          312    .ARM.Collect$$libinit$$00000027  c_p.l(libinit2.o)
    0x0800013e   0x0800013e   0x00000000   Code   RO          316    .ARM.Collect$$libinit$$0000002E  c_p.l(libinit2.o)
    0x0800013e   0x0800013e   0x00000000   Code   RO          318    .ARM.Collect$$libinit$$00000030  c_p.l(libinit2.o)
    0x0800013e   0x0800013e   0x00000000   Code   RO          320    .ARM.Collect$$libinit$$00000032  c_p.l(libinit2.o)
    0x0800013e   0x0800013e   0x00000000   Code   RO          322    .ARM.Collect$$libinit$$00000034  c_p.l(libinit2.o)
    0x0800013e   0x0800013e   0x00000002   Code   RO          323    .ARM.Collect$$libinit$$00000035  c_p.l(libinit2.o)
    0x08000140   0x08000140   0x00000002   Code   RO          358    .ARM.Collect$$libshutdown$$00000000  c_p.l(libshutdown.o)
    0x08000142   0x08000142   0x00000000   Code   RO          386    .ARM.Collect$$libshutdown$$00000002  c_p.l(libshutdown2.o)
    0x08000142   0x08000142   0x00000000   Code   RO          388    .ARM.Collect$$libshutdown$$00000004  c_p.l(libshutdown2.o)
    0x08000142   0x08000142   0x00000000   Code   RO          391    .ARM.Collect$$libshutdown$$00000007  c_p.l(libshutdown2.o)
    0x08000142   0x08000142   0x00000000   Code   RO          394    .ARM.Collect$$libshutdown$$0000000A  c_p.l(libshutdown2.o)
    0x08000142   0x08000142   0x00000000   Code   RO          396    .ARM.Collect$$libshutdown$$0000000C  c_p.l(libshutdown2.o)
    0x08000142   0x08000142   0x00000000   Code   RO          399    .ARM.Collect$$libshutdown$$0000000F  c_p.l(libshutdown2.o)
    0x08000142   0x08000142   0x00000002   Code   RO          400    .ARM.Collect$$libshutdown$$00000010  c_p.l(libshutdown2.o)
    0x08000144   0x08000144   0x00000000   Code   RO          228    .ARM.Collect$$rtentry$$00000000  c_p.l(__rtentry.o)
    0x08000144   0x08000144   0x00000000   Code   RO          234    .ARM.Collect$$rtentry$$00000002  c_p.l(__rtentry2.o)
    0x08000144   0x08000144   0x00000006   Code   RO          246    .ARM.Collect$$rtentry$$00000004  c_p.l(__rtentry4.o)
    0x0800014a   0x0800014a   0x00000000   Code   RO          236    .ARM.Collect$$rtentry$$00000009  c_p.l(__rtentry2.o)
    0x0800014a   0x0800014a   0x00000004   Code   RO          237    .ARM.Collect$$rtentry$$0000000A  c_p.l(__rtentry2.o)
    0x0800014e   0x0800014e   0x00000000   Code   RO          239    .ARM.Collect$$rtentry$$0000000C  c_p.l(__rtentry2.o)
    0x0800014e   0x0800014e   0x00000008   Code   RO          240    .ARM.Collect$$rtentry$$0000000D  c_p.l(__rtentry2.o)
    0x08000156   0x08000156   0x00000002   Code   RO          269    .ARM.Collect$$rtexit$$00000000  c_p.l(rtexit.o)
    0x08000158   0x08000158   0x00000000   Code   RO          329    .ARM.Collect$$rtexit$$00000002  c_p.l(rtexit2.o)
    0x08000158   0x08000158   0x00000004   Code   RO          330    .ARM.Collect$$rtexit$$00000003  c_p.l(rtexit2.o)
    0x0800015c   0x0800015c   0x00000006   Code   RO          331    .ARM.Collect$$rtexit$$00000004  c_p.l(rtexit2.o)
    0x08000162   0x08000162   0x00000002   PAD
    0x08000164   0x08000164   0x00000038   Code   RO          198    .text               startup_stm32g030xx.o
    0x0800019c   0x0800019c   0x0000016c   Code   RO          220    .text               c_p.l(aeabi_sdiv.o)
    0x08000308   0x08000308   0x00000006   Code   RO          224    .text               c_p.l(heapauxi.o)
    0x0800030e   0x0800030e   0x0000003e   Code   RO          250    .text               c_p.l(sys_stackheap_outer.o)
    0x0800034c   0x0800034c   0x00000010   Code   RO          253    .text               c_p.l(exit.o)
    0x0800035c   0x0800035c   0x00000008   Code   RO          265    .text               c_p.l(libspace.o)
    0x08000364   0x08000364   0x0000000c   Code   RO          324    .text               c_p.l(sys_exit.o)
    0x08000370   0x08000370   0x00000002   Code   RO          347    .text               c_p.l(use_no_semi.o)
    0x08000372   0x08000372   0x00000000   Code   RO          349    .text               c_p.l(indicate_semi.o)
    0x08000372   0x08000372   0x00000038   Code   RO           45    .text.App_Main_Loop  app.o
    0x080003aa   0x080003aa   0x00000002   PAD
    0x080003ac   0x080003ac   0x00000068   Code   RO           43    .text.App_Setup     app.o
    0x08000414   0x08000414   0x000000de   Code   RO           26    .text.GPIO_Init     gpio.o
    0x080004f2   0x080004f2   0x00000016   Code   RO           28    .text.GPIO_SetPin   gpio.o
    0x08000508   0x08000508   0x0000001a   Code   RO           32    .text.GPIO_TogglePin  gpio.o
    0x08000522   0x08000522   0x00000002   Code   RO          205    .text.SystemInit    system_stm32g0xx.o
    0x08000524   0x08000524   0x00000024   Code   RO           93    .text.TIM17_IRQHandler  sw_timebase.o
    0x08000548   0x08000548   0x0000002c   Code   RO           73    .text.__NVIC_EnableIRQ  sw_timebase.o
    0x08000574   0x08000574   0x00000084   Code   RO           71    .text.__NVIC_SetPriority  sw_timebase.o
    0x080005f8   0x080005f8   0x00000014   Code   RO            2    .text.main          main.o
    0x0800060c   0x0800060c   0x00000040   Code   RO           95    .text.sw_timebase_ISR_executables  sw_timebase.o
    0x0800064c   0x0800064c   0x00000014   Code   RO           75    .text.sw_timebase_Init  sw_timebase.o
    0x08000660   0x08000660   0x00000004   Code   RO           91    .text.sw_timebase_atomic_operation_end  sw_timebase.o
    0x08000664   0x08000664   0x00000004   Code   RO           89    .text.sw_timebase_atomic_operation_start  sw_timebase.o
    0x08000668   0x08000668   0x00000014   Code   RO          159    .text.sw_timebase_counter_clear_flag  sw_timebase.o
    0x0800067c   0x0800067c   0x0000004e   Code   RO          177    .text.sw_timebase_counter_continous_expired_event  sw_timebase.o
    0x080006ca   0x080006ca   0x00000002   PAD
    0x080006cc   0x080006cc   0x00000018   Code   RO          133    .text.sw_timebase_counter_get_current_value  sw_timebase.o
    0x080006e4   0x080006e4   0x00000018   Code   RO          137    .text.sw_timebase_counter_get_end_value  sw_timebase.o
    0x080006fc   0x080006fc   0x00000018   Code   RO          145    .text.sw_timebase_counter_get_reload_value  sw_timebase.o
    0x08000714   0x08000714   0x00000020   Code   RO          123    .text.sw_timebase_counter_get_status  sw_timebase.o
    0x08000734   0x08000734   0x00000018   Code   RO          149    .text.sw_timebase_counter_get_target_value  sw_timebase.o
    0x0800074c   0x0800074c   0x00000018   Code   RO          153    .text.sw_timebase_counter_get_temporary_value  sw_timebase.o
    0x08000764   0x08000764   0x0000005e   Code   RO          157    .text.sw_timebase_counter_reset  sw_timebase.o
    0x080007c2   0x080007c2   0x00000002   PAD
    0x080007c4   0x080007c4   0x00000020   Code   RO          131    .text.sw_timebase_counter_reset_period_status_flag  sw_timebase.o
    0x080007e4   0x080007e4   0x0000001c   Code   RO          135    .text.sw_timebase_counter_set_current_value  sw_timebase.o
    0x08000800   0x08000800   0x0000001c   Code   RO          139    .text.sw_timebase_counter_set_end_value  sw_timebase.o
    0x0800081c   0x0800081c   0x0000001c   Code   RO          143    .text.sw_timebase_counter_set_period_value  sw_timebase.o
    0x08000838   0x08000838   0x0000001c   Code   RO          147    .text.sw_timebase_counter_set_reload_value  sw_timebase.o
    0x08000854   0x08000854   0x0000006a   Code   RO          165    .text.sw_timebase_counter_set_securely  sw_timebase.o
    0x080008be   0x080008be   0x00000002   PAD
    0x080008c0   0x080008c0   0x00000034   Code   RO          125    .text.sw_timebase_counter_set_status  sw_timebase.o
    0x080008f4   0x080008f4   0x0000001c   Code   RO          151    .text.sw_timebase_counter_set_target_value  sw_timebase.o
    0x08000910   0x08000910   0x00000020   Code   RO          155    .text.sw_timebase_counter_set_temporary_value  sw_timebase.o
    0x08000930   0x08000930   0x0000013e   Code   RO          169    .text.sw_timebase_counter_update  sw_timebase.o
    0x08000a6e   0x08000a6e   0x0000002e   Code   RO          179    .text.sw_timebase_counter_update_all  sw_timebase.o
    0x08000a9c   0x08000a9c   0x0000007c   Code   RO           69    .text.sw_timebase_enable  sw_timebase.o
    0x08000b18   0x08000b18   0x0000000c   Code   RO          101    .text.sw_timebase_get_seconds  sw_timebase.o
    0x08000b24   0x08000b24   0x00000034   Code   RO          183    .text.sw_timebase_main_loop_executable  sw_timebase.o
    0x08000b58   0x08000b58   0x0000006c   Code   RO           67    .text.sw_timebase_struct_init  sw_timebase.o
    0x08000bc4   0x08000bc4   0x00000040   Code   RO          185    .text.sw_timebase_variable_sync  sw_timebase.o
    0x08000c04   0x08000c04   0x00000010   Data   RO          402    Region$$Table       anon$$obj.o


    Execution Region RW_IRAM1 (Exec base: 0x20000000, Load base: 0x08000c14, Size: 0x00000940, Max: 0x00002000, ABSOLUTE)

    Exec Addr    Load Addr    Size         Type   Attr      Idx    E Section Name        Object

    0x20000000        -       0x00000060   Zero   RW          266    .bss                c_p.l(libspace.o)
    0x20000060        -       0x00000004   Zero   RW          188    .bss.sw_timebase    sw_timebase.o
    0x20000064        -       0x000002dc   Zero   RW          187    .bss.sw_timebase_type  sw_timebase.o
    0x20000340        -       0x00000200   Zero   RW          196    HEAP                startup_stm32g030xx.o
    0x20000540        -       0x00000400   Zero   RW          195    STACK               startup_stm32g030xx.o


==============================================================================

Image component sizes


      Code (inc. data)   RO Data    RW Data    ZI Data      Debug   Object Name

       160          4          0          0          0       1973   app.o
       270          0          0          0          0       2307   gpio.o
        20          0          0          0          0        349   main.o
        56         26        192          0       1536        652   startup_stm32g030xx.o
      1734         64          0          0        736      13904   sw_timebase.o
         2          0          0          0          0       1936   system_stm32g0xx.o

    ----------------------------------------------------------------------
      2250         94        208          0       2272      21121   Object Totals
         0          0         16          0          0          0   (incl. Generated)
         8          0          0          0          0          0   (incl. Padding)

    ----------------------------------------------------------------------

      Code (inc. data)   RO Data    RW Data    ZI Data      Debug   Library Member Name

         8          0          0          0          0         68   __main.o
         0          0          0          0          0          0   __rtentry.o
        12          0          0          0          0          0   __rtentry2.o
         6          0          0          0          0          0   __rtentry4.o
        86         10          0          0          0          0   __scatter.o
        28          0          0          0          0          0   __scatter_zi.o
       364          4          0          0          0         92   aeabi_sdiv.o
        16          0          0          0          0         68   exit.o
         6          0          0          0          0        136   heapauxi.o
         0          0          0          0          0          0   indicate_semi.o
         2          0          0          0          0          0   libinit.o
         2          0          0          0          0          0   libinit2.o
         2          0          0          0          0          0   libshutdown.o
         2          0          0          0          0          0   libshutdown2.o
         8          4          0          0         96         68   libspace.o
         2          0          0          0          0          0   rtexit.o
        10          0          0          0          0          0   rtexit2.o
        12          4          0          0          0         60   sys_exit.o
        62          0          0          0          0         80   sys_stackheap_outer.o
         2          0          0          0          0         68   use_no_semi.o

    ----------------------------------------------------------------------
       634         22          0          0         96        640   Library Totals
         4          0          0          0          0          0   (incl. Padding)

    ----------------------------------------------------------------------

      Code (inc. data)   RO Data    RW Data    ZI Data      Debug   Library Name

       630         22          0          0         96        640   c_p.l

    ----------------------------------------------------------------------
       634         22          0          0         96        640   Library Totals

    ----------------------------------------------------------------------

==============================================================================


      Code (inc. data)   RO Data    RW Data    ZI Data      Debug   

      2884        116        208          0       2368      21537   Grand Totals
      2884        116        208          0       2368      21537   ELF Image Totals
      2884        116        208          0          0          0   ROM Totals

==============================================================================

    Total RO  Size (Code + RO Data)                 3092 (   3.02kB)
    Total RW  Size (RW Data + ZI Data)              2368 (   2.31kB)
    Total ROM Size (Code + RO Data + RW Data)       3092 (   3.02kB)

==============================================================================

